../Core/Src/main.c:112:1:__io_putchar	1
../Core/Src/main.c:124:5:main	3
../Core/Src/main.c:212:6:sensorTask	2
../Core/Src/main.c:246:6:processingTask	4
../Core/Src/main.c:292:6:reportingTask	2
../Core/Src/main.c:321:6:SystemClock_Config	3
../Core/Src/main.c:369:13:MX_I2C1_Init	2
../Core/Src/main.c:403:13:MX_USART2_UART_Init	2
../Core/Src/main.c:436:13:MX_GPIO_Init	1
../Core/Src/main.c:462:6:StartDefaultTask	1
../Core/Src/main.c:481:6:HAL_TIM_PeriodElapsedCallback	2
../Core/Src/main.c:499:6:Error_Handler	1
