../Core/Src/main.c:42:1:__io_putchar	16	static
../Core/Src/main.c:49:5:main	16	static
../Core/Src/main.c:86:6:EKF_Task	128	static
../Core/Src/main.c:156:6:SystemClock_Config	88	static
../Core/Src/main.c:211:13:MX_I2C1_Init	8	static
../Core/Src/main.c:245:13:MX_USART2_UART_Init	8	static
../Core/Src/main.c:278:13:MX_GPIO_Init	16	static
../Core/Src/main.c:304:6:StartDefaultTask	16	static
../Core/Src/main.c:323:6:HAL_TIM_PeriodElapsedCallback	16	static
../Core/Src/main.c:341:6:Error_Handler	4	static,ignoring_inline_asm
