2025-09-29 12:05:25,803 [INFO] Activator:176 - 


2025-09-29 12:05:25,809 [INFO] Activator:177 - !SESSION log4j initialized
2025-09-29 12:05:33,618 [INFO] LogOutputStream:77 - [STDOUT_REDIRECT] 
2025-09-29 12:05:35,976 [INFO] ApplicationProperties:184 - Using Application install path: C:\ST\STM32CubeIDE_1.18.0\STM32CubeIDE\plugins\com.st.stm32cube.common.mx_6.15.0.202507011659
2025-09-29 12:05:35,997 [INFO] DbMcusXml:78 - Set database path to: C:\ST\STM32CubeIDE_1.18.0\STM32CubeIDE\plugins\com.st.stm32cube.common.mx_6.15.0.202507011659\\db\/mcu/
2025-09-29 12:05:35,997 [INFO] ApiDb:274 - Set plugin database path to: C:\ST\STM32CubeIDE_1.18.0\STM32CubeIDE\plugins\com.st.stm32cube.common.mx_6.15.0.202507011659\\db\/plugins/boardmanager/
2025-09-29 12:05:35,997 [WARN] ApiDb:259 - Overriding images path with different value:  => C:\ST\STM32CubeIDE_1.18.0\STM32CubeIDE\plugins\com.st.stm32cube.common.mx_6.15.0.202507011659\\db\/plugins/mcufinder/images/
2025-09-29 12:05:36,008 [INFO] ApiDb:250 - Set database path to: C:\Users\anish\.stmcufinder\plugins\mcufinder//mcu/
2025-09-29 12:05:36,010 [INFO] DbMcusAds:125 - Set database path to: C:\Users\anish\.stmcufinder\plugins\mcufinder//mcu/
2025-09-29 12:05:36,013 [INFO] CrossReferenceDbSqlite:203 - Set database path to: C:\Users\anish\.stmcufinder\plugins\mcufinder//mcu/cs/
2025-09-29 12:05:36,136 [INFO] RulesReader:64 - Compatibility file has been processed (317 Rules)
2025-09-29 12:05:36,244 [INFO] DbMcusXml:78 - Set database path to: C:\ST\STM32CubeIDE_1.18.0\STM32CubeIDE\plugins\com.st.stm32cube.common.mx_6.15.0.202507011659\\db\/mcu/
2025-09-29 12:05:36,244 [INFO] ApiDb:274 - Set plugin database path to: C:\ST\STM32CubeIDE_1.18.0\STM32CubeIDE\plugins\com.st.stm32cube.common.mx_6.15.0.202507011659\\db\/plugins/boardmanager/
2025-09-29 12:05:36,244 [INFO] ApiDb:261 - Set plugin images path to: C:\ST\STM32CubeIDE_1.18.0\STM32CubeIDE\plugins\com.st.stm32cube.common.mx_6.15.0.202507011659\\db\/plugins/mcufinder/images/
2025-09-29 12:05:36,244 [WARN] DbFile:41 - Overriding database path with different value: C:\Users\anish\.stmcufinder\plugins\mcufinder/ => C:\Users\anish\.stmcufinder\plugins\mcufinder
2025-09-29 12:05:36,245 [INFO] ApiDb:250 - Set database path to: C:\Users\anish\.stmcufinder\plugins\mcufinder//mcu/
2025-09-29 12:05:36,245 [WARN] DbFile:41 - Overriding database path with different value: C:\Users\anish\.stmcufinder\plugins\mcufinder/ => C:\Users\anish\.stmcufinder\plugins\mcufinder
2025-09-29 12:05:36,245 [INFO] DbMcusAds:125 - Set database path to: C:\Users\anish\.stmcufinder\plugins\mcufinder//mcu/
2025-09-29 12:05:36,245 [WARN] DbFile:41 - Overriding database path with different value: C:\Users\anish\.stmcufinder\plugins\mcufinder/ => C:\Users\anish\.stmcufinder\plugins\mcufinder
2025-09-29 12:05:36,245 [WARN] DbFile:41 - Overriding database path with different value: C:\Users\anish\.stmcufinder\plugins\mcufinder/ => C:\Users\anish\.stmcufinder\plugins\mcufinder
2025-09-29 12:05:36,245 [INFO] CrossReferenceDbSqlite:203 - Set database path to: C:\Users\anish\.stmcufinder\plugins\mcufinder//mcu/cs/
2025-09-29 12:05:36,521 [INFO] MainPanel:274 - HeapMemory: 268435456
2025-09-29 12:05:36,679 [INFO] DbMcusXml:78 - Set database path to: C:\ST\STM32CubeIDE_1.18.0\STM32CubeIDE\plugins\com.st.stm32cube.common.mx_6.15.0.202507011659\\db\/mcu/
2025-09-29 12:05:36,679 [INFO] ApiDb:274 - Set plugin database path to: C:\ST\STM32CubeIDE_1.18.0\STM32CubeIDE\plugins\com.st.stm32cube.common.mx_6.15.0.202507011659\\db\/plugins/boardmanager/
2025-09-29 12:05:36,679 [INFO] ApiDb:261 - Set plugin images path to: C:\ST\STM32CubeIDE_1.18.0\STM32CubeIDE\plugins\com.st.stm32cube.common.mx_6.15.0.202507011659\\db\/plugins/mcufinder/images/
2025-09-29 12:05:36,679 [WARN] DbFile:41 - Overriding database path with different value: C:\Users\anish\.stmcufinder\plugins\mcufinder/ => C:\Users\anish\.stmcufinder\plugins\mcufinder
2025-09-29 12:05:36,679 [INFO] ApiDb:250 - Set database path to: C:\Users\anish\.stmcufinder\plugins\mcufinder//mcu/
2025-09-29 12:05:36,679 [WARN] DbFile:41 - Overriding database path with different value: C:\Users\anish\.stmcufinder\plugins\mcufinder/ => C:\Users\anish\.stmcufinder\plugins\mcufinder
2025-09-29 12:05:36,680 [INFO] DbMcusAds:125 - Set database path to: C:\Users\anish\.stmcufinder\plugins\mcufinder//mcu/
2025-09-29 12:05:36,680 [WARN] DbFile:41 - Overriding database path with different value: C:\Users\anish\.stmcufinder\plugins\mcufinder/ => C:\Users\anish\.stmcufinder\plugins\mcufinder
2025-09-29 12:05:36,680 [WARN] DbFile:41 - Overriding database path with different value: C:\Users\anish\.stmcufinder\plugins\mcufinder/ => C:\Users\anish\.stmcufinder\plugins\mcufinder
2025-09-29 12:05:36,680 [INFO] CrossReferenceDbSqlite:203 - Set database path to: C:\Users\anish\.stmcufinder\plugins\mcufinder//mcu/cs/
2025-09-29 12:05:36,702 [INFO] ApplicationProperties:184 - Using Application install path: C:\ST\STM32CubeIDE_1.18.0\STM32CubeIDE\plugins\com.st.stm32cube.common.mx_6.15.0.202507011659
2025-09-29 12:05:36,703 [INFO] PluginManage:196 - Search for loadable plugins [exclusion list=, ]
2025-09-29 12:05:36,705 [INFO] PluginManage:310 - Check plugin analytics
2025-09-29 12:05:36,966 [INFO] AnalyticsPlugin:253 - Accepted Software Licenses: 
2025-09-29 12:05:36,966 [INFO] AnalyticsPlugin:255 - Accepted CMSIS Pack Licenses: 
2025-09-29 12:05:36,966 [INFO] AnalyticsPlugin:257 - Accepted Firmware Licenses: FW.F4.1.28.0
2025-09-29 12:05:36,972 [INFO] PluginManage:359 - Loaded plugin analytics (category:tool,tabindex:-1)
2025-09-29 12:05:36,972 [INFO] PluginManage:310 - Check plugin cadmodel
2025-09-29 12:05:36,982 [INFO] CADModel:105 - Init CAD model plugin
2025-09-29 12:05:36,983 [INFO] PluginManage:359 - Loaded plugin cadmodel (category:power,tabindex:5)
2025-09-29 12:05:36,983 [INFO] PluginManage:310 - Check plugin clock
2025-09-29 12:05:37,369 [INFO] PluginManage:359 - Loaded plugin clock (category:base,tabindex:2)
2025-09-29 12:05:37,370 [INFO] PluginManage:310 - Check plugin ddr
2025-09-29 12:05:37,374 [INFO] PluginManage:359 - Loaded plugin ddr (category:tool,tabindex:6)
2025-09-29 12:05:37,374 [INFO] PluginManage:310 - Check plugin filemanager
2025-09-29 12:05:37,574 [INFO] PluginManage:359 - Loaded plugin filemanager (category:base,tabindex:10)
2025-09-29 12:05:37,575 [INFO] PluginManage:310 - Check plugin ipmanager
2025-09-29 12:05:37,583 [INFO] PluginManage:359 - Loaded plugin ipmanager (category:base,tabindex:5)
2025-09-29 12:05:37,583 [INFO] PluginManage:310 - Check plugin lpbam
2025-09-29 12:05:37,593 [INFO] PluginManage:359 - Loaded plugin lpbam (category:base,tabindex:0)
2025-09-29 12:05:37,593 [INFO] PluginManage:310 - Check plugin memorymap
2025-09-29 12:05:37,610 [INFO] PluginManage:359 - Loaded plugin memorymap (category:base,tabindex:4)
2025-09-29 12:05:37,610 [INFO] PluginManage:310 - Check plugin pinoutandconfiguration
2025-09-29 12:05:37,621 [INFO] PluginManage:359 - Loaded plugin pinoutandconfiguration (category:base,tabindex:1)
2025-09-29 12:05:37,622 [INFO] PluginManage:310 - Check plugin pinoutconfig
2025-09-29 12:05:37,724 [WARN] SupportedApi:132 - Cannot load RTOS API schema: s4s-elt-must-match.1: The content of 'definitions' must match (annotation?, (simpleType | complexType)?, (unique | key | keyref)*)). A problem was found starting at: attribute.
2025-09-29 12:05:37,912 [INFO] PluginManage:359 - Loaded plugin pinoutconfig (category:base,tabindex:0)
2025-09-29 12:05:37,912 [INFO] PluginManage:310 - Check plugin power
2025-09-29 12:05:37,927 [INFO] PluginManage:359 - Loaded plugin power (category:power,tabindex:4)
2025-09-29 12:05:37,927 [INFO] PluginManage:310 - Check plugin projectmanager
2025-09-29 12:05:37,948 [INFO] PluginManage:359 - Loaded plugin projectmanager (category:projectmanager,tabindex:4)
2025-09-29 12:05:37,948 [INFO] PluginManage:310 - Check plugin rif
2025-09-29 12:05:37,960 [INFO] PluginManage:359 - Loaded plugin rif (category:base,tabindex:3)
2025-09-29 12:05:37,960 [INFO] PluginManage:310 - Check plugin thirdparty
2025-09-29 12:05:38,121 [WARN] IntegrityCheckThread:84 - waiting for thirdparty lock release [integrity check]
2025-09-29 12:05:38,121 [INFO] PluginManage:359 - Loaded plugin thirdparty (category:base,tabindex:-1)
2025-09-29 12:05:38,121 [INFO] IntegrityCheckThread:86 - entering critical section [integrity check]
2025-09-29 12:05:38,122 [INFO] PluginManage:310 - Check plugin tools
2025-09-29 12:05:38,122 [INFO] ThirdPartyUpdaterWithRetryManager:70 - Updater plugin not ready yet. [1/15]
2025-09-29 12:05:38,126 [INFO] PluginManage:359 - Loaded plugin tools (category:base,tabindex:7)
2025-09-29 12:05:38,126 [INFO] PluginManage:310 - Check plugin tutovideos
2025-09-29 12:05:38,376 [INFO] PluginManage:359 - Loaded plugin tutovideos (category:base,tabindex:-1)
2025-09-29 12:05:38,376 [INFO] PluginManage:310 - Check plugin updater
2025-09-29 12:05:38,402 [INFO] PluginManage:359 - Loaded plugin updater (category:base,tabindex:12)
2025-09-29 12:05:38,403 [INFO] PluginManage:310 - Check plugin userauth
2025-09-29 12:05:38,408 [INFO] UserAuth:118 - Init User Auth plugin
2025-09-29 12:05:38,410 [INFO] PluginManage:359 - Loaded plugin userauth (category:base,tabindex:14)
2025-09-29 12:05:38,411 [INFO] PluginManage:283 - PluginManage : Loaded plugins [18]
2025-09-29 12:05:38,658 [INFO] PinOutPanel:1589 - setPackage(No Configuration,No Configuration)
2025-09-29 12:05:38,757 [INFO] CADModel:165 - CPN selected for project level
2025-09-29 12:05:38,758 [INFO] CADModel:114 - Register for checkConnection events
2025-09-29 12:05:38,780 [INFO] IPUIPlugin:80 - create IPUIPlugin
2025-09-29 12:05:38,780 [INFO] PluginManager:220 - loadIPPluginJar : add adc
2025-09-29 12:05:38,783 [INFO] IPUIPlugin:80 - create IPUIPlugin
2025-09-29 12:05:38,784 [INFO] PluginManager:220 - loadIPPluginJar : add aes
2025-09-29 12:05:38,787 [INFO] IPUIPlugin:80 - create IPUIPlugin
2025-09-29 12:05:38,787 [INFO] PluginManager:220 - loadIPPluginJar : add can
2025-09-29 12:05:38,789 [INFO] IPUIPlugin:80 - create IPUIPlugin
2025-09-29 12:05:38,789 [INFO] PluginManager:220 - loadIPPluginJar : add comp
2025-09-29 12:05:38,792 [INFO] IPUIPlugin:80 - create IPUIPlugin
2025-09-29 12:05:38,792 [INFO] PluginManager:220 - loadIPPluginJar : add cryp
2025-09-29 12:05:38,796 [INFO] IPUIPlugin:80 - create IPUIPlugin
2025-09-29 12:05:38,796 [INFO] PluginManager:220 - loadIPPluginJar : add ddr_ctrl_phy
2025-09-29 12:05:38,799 [INFO] IPUIPlugin:80 - create IPUIPlugin
2025-09-29 12:05:38,799 [INFO] PluginManager:220 - loadIPPluginJar : add dfsdm
2025-09-29 12:05:38,806 [INFO] IPUIPlugin:80 - create IPUIPlugin
2025-09-29 12:05:38,806 [INFO] PluginManager:220 - loadIPPluginJar : add dma
2025-09-29 12:05:38,809 [INFO] IPUIPlugin:80 - create IPUIPlugin
2025-09-29 12:05:38,809 [INFO] PluginManager:220 - loadIPPluginJar : add dma3
2025-09-29 12:05:38,812 [INFO] IPUIPlugin:80 - create IPUIPlugin
2025-09-29 12:05:38,813 [INFO] PluginManager:220 - loadIPPluginJar : add extmemmanager
2025-09-29 12:05:38,815 [INFO] IPUIPlugin:80 - create IPUIPlugin
2025-09-29 12:05:38,815 [INFO] PluginManager:220 - loadIPPluginJar : add fatfs
2025-09-29 12:05:38,820 [INFO] IPUIPlugin:80 - create IPUIPlugin
2025-09-29 12:05:38,820 [INFO] PluginManager:220 - loadIPPluginJar : add fmc
2025-09-29 12:05:38,827 [INFO] IPUIPlugin:80 - create IPUIPlugin
2025-09-29 12:05:38,827 [INFO] PluginManager:220 - loadIPPluginJar : add freertos
2025-09-29 12:05:38,830 [INFO] IPUIPlugin:80 - create IPUIPlugin
2025-09-29 12:05:38,830 [INFO] PluginManager:220 - loadIPPluginJar : add genericplugin
2025-09-29 12:05:38,832 [INFO] IPUIPlugin:80 - create IPUIPlugin
2025-09-29 12:05:38,833 [INFO] PluginManager:220 - loadIPPluginJar : add gfxmmu
2025-09-29 12:05:38,837 [INFO] IPUIPlugin:80 - create IPUIPlugin
2025-09-29 12:05:38,838 [INFO] PluginManager:220 - loadIPPluginJar : add gic
2025-09-29 12:05:38,842 [INFO] IPUIPlugin:80 - create IPUIPlugin
2025-09-29 12:05:38,843 [INFO] PluginManager:220 - loadIPPluginJar : add gpio
2025-09-29 12:05:38,846 [INFO] IPUIPlugin:80 - create IPUIPlugin
2025-09-29 12:05:38,846 [INFO] PluginManager:220 - loadIPPluginJar : add gtzc
2025-09-29 12:05:38,848 [INFO] IPUIPlugin:80 - create IPUIPlugin
2025-09-29 12:05:38,848 [INFO] PluginManager:220 - loadIPPluginJar : add hash
2025-09-29 12:05:38,852 [INFO] IPUIPlugin:80 - create IPUIPlugin
2025-09-29 12:05:38,852 [INFO] PluginManager:220 - loadIPPluginJar : add i2c
2025-09-29 12:05:38,856 [INFO] IPUIPlugin:80 - create IPUIPlugin
2025-09-29 12:05:38,856 [INFO] PluginManager:220 - loadIPPluginJar : add i2s
2025-09-29 12:05:38,860 [INFO] IPUIPlugin:80 - create IPUIPlugin
2025-09-29 12:05:38,860 [INFO] PluginManager:220 - loadIPPluginJar : add i3c
2025-09-29 12:05:38,864 [INFO] IPUIPlugin:80 - create IPUIPlugin
2025-09-29 12:05:38,864 [INFO] PluginManager:220 - loadIPPluginJar : add ipddr
2025-09-29 12:05:38,873 [INFO] IPUIPlugin:80 - create IPUIPlugin
2025-09-29 12:05:38,873 [INFO] PluginManager:220 - loadIPPluginJar : add linkedlist
2025-09-29 12:05:38,878 [INFO] IPUIPlugin:80 - create IPUIPlugin
2025-09-29 12:05:38,878 [INFO] PluginManager:220 - loadIPPluginJar : add lorawan
2025-09-29 12:05:38,880 [INFO] IPUIPlugin:80 - create IPUIPlugin
2025-09-29 12:05:38,881 [INFO] PluginManager:220 - loadIPPluginJar : add ltdc
2025-09-29 12:05:38,887 [INFO] IPUIPlugin:80 - create IPUIPlugin
2025-09-29 12:05:38,888 [INFO] PluginManager:220 - loadIPPluginJar : add mdma
2025-09-29 12:05:38,893 [INFO] IPUIPlugin:80 - create IPUIPlugin
2025-09-29 12:05:38,893 [INFO] PluginManager:220 - loadIPPluginJar : add nvic
2025-09-29 12:05:38,896 [INFO] IPUIPlugin:80 - create IPUIPlugin
2025-09-29 12:05:38,897 [INFO] PluginManager:220 - loadIPPluginJar : add opamp
2025-09-29 12:05:38,901 [INFO] IPUIPlugin:80 - create IPUIPlugin
2025-09-29 12:05:38,901 [INFO] PluginManager:220 - loadIPPluginJar : add openamp
2025-09-29 12:05:38,904 [INFO] IPUIPlugin:80 - create IPUIPlugin
2025-09-29 12:05:38,905 [INFO] PluginManager:220 - loadIPPluginJar : add pdm2pcm
2025-09-29 12:05:38,912 [INFO] IPUIPlugin:80 - create IPUIPlugin
2025-09-29 12:05:38,916 [INFO] PluginManager:220 - loadIPPluginJar : add plateformsettings
2025-09-29 12:05:38,919 [INFO] IPUIPlugin:80 - create IPUIPlugin
2025-09-29 12:05:38,919 [INFO] PluginManager:220 - loadIPPluginJar : add quadspi
2025-09-29 12:05:38,921 [INFO] IPUIPlugin:80 - create IPUIPlugin
2025-09-29 12:05:38,922 [INFO] PluginManager:220 - loadIPPluginJar : add radio
2025-09-29 12:05:38,928 [INFO] IPUIPlugin:80 - create IPUIPlugin
2025-09-29 12:05:38,928 [INFO] PluginManager:220 - loadIPPluginJar : add resmgrutility
2025-09-29 12:05:38,936 [INFO] IPUIPlugin:80 - create IPUIPlugin
2025-09-29 12:05:38,936 [INFO] PluginManager:220 - loadIPPluginJar : add sai
2025-09-29 12:05:38,940 [INFO] IPUIPlugin:80 - create IPUIPlugin
2025-09-29 12:05:38,940 [INFO] PluginManager:220 - loadIPPluginJar : add spi
2025-09-29 12:05:38,949 [INFO] IPUIPlugin:80 - create IPUIPlugin
2025-09-29 12:05:38,949 [INFO] PluginManager:220 - loadIPPluginJar : add stm32_wpan
2025-09-29 12:05:38,952 [INFO] IPUIPlugin:80 - create IPUIPlugin
2025-09-29 12:05:38,952 [INFO] PluginManager:220 - loadIPPluginJar : add tim
2025-09-29 12:05:38,957 [INFO] IPUIPlugin:80 - create IPUIPlugin
2025-09-29 12:05:38,957 [INFO] PluginManager:220 - loadIPPluginJar : add touchsensing
2025-09-29 12:05:38,962 [INFO] IPUIPlugin:80 - create IPUIPlugin
2025-09-29 12:05:38,962 [INFO] PluginManager:220 - loadIPPluginJar : add tracer_emb
2025-09-29 12:05:38,966 [INFO] IPUIPlugin:80 - create IPUIPlugin
2025-09-29 12:05:38,966 [INFO] PluginManager:220 - loadIPPluginJar : add ts
2025-09-29 12:05:38,969 [INFO] IPUIPlugin:80 - create IPUIPlugin
2025-09-29 12:05:38,969 [INFO] PluginManager:220 - loadIPPluginJar : add tsc
2025-09-29 12:05:38,972 [INFO] IPUIPlugin:80 - create IPUIPlugin
2025-09-29 12:05:38,972 [INFO] PluginManager:220 - loadIPPluginJar : add ucpd
2025-09-29 12:05:38,976 [INFO] IPUIPlugin:80 - create IPUIPlugin
2025-09-29 12:05:38,976 [INFO] PluginManager:220 - loadIPPluginJar : add usart
2025-09-29 12:05:38,980 [INFO] IPUIPlugin:80 - create IPUIPlugin
2025-09-29 12:05:38,981 [INFO] PluginManager:220 - loadIPPluginJar : add usbx
2025-09-29 12:05:39,120 [FATAL] Updater:351 - Updater called before beeing initialized
2025-09-29 12:05:39,149 [INFO] RulesReader:64 - Compatibility file has been processed (317 Rules)
2025-09-29 12:05:39,160 [INFO] RulesReader:64 - Compatibility file has been processed (317 Rules)
2025-09-29 12:05:39,175 [INFO] CADModel:165 - CPN selected for project level
2025-09-29 12:05:39,175 [INFO] CADModel:114 - Register for checkConnection events
2025-09-29 12:05:39,175 [FATAL] Updater:351 - Updater called before beeing initialized
2025-09-29 12:05:39,175 [ERROR] CADModel:125 - Updater not yet initialized, retry later 
2025-09-29 12:05:39,380 [FATAL] Updater:351 - Updater called before beeing initialized
2025-09-29 12:05:39,383 [INFO] CADModel:165 - CPN selected for project level
2025-09-29 12:05:39,383 [INFO] CADModel:114 - Register for checkConnection events
2025-09-29 12:05:39,383 [FATAL] Updater:351 - Updater called before beeing initialized
2025-09-29 12:05:39,383 [ERROR] CADModel:125 - Updater not yet initialized, retry later 
2025-09-29 12:05:39,388 [FATAL] Updater:351 - Updater called before beeing initialized
2025-09-29 12:05:39,527 [FATAL] Updater:351 - Updater called before beeing initialized
2025-09-29 12:05:39,531 [INFO] DbMcusAds:53 - JSON generation date=Tue Jul 08 13:44:23 IST 2025 (1751962463524)
2025-09-29 12:05:39,532 [FATAL] Updater:351 - Updater called before beeing initialized
2025-09-29 12:05:39,572 [WARN] DetailPanel:346 - Failed to get advertising image, set to default
2025-09-29 12:05:39,656 [FATAL] Updater:351 - Updater called before beeing initialized
2025-09-29 12:05:39,657 [FATAL] Updater:351 - Updater called before beeing initialized
2025-09-29 12:05:39,657 [FATAL] Updater:351 - Updater called before beeing initialized
2025-09-29 12:05:39,658 [WARN] DetailPanel:346 - Failed to get advertising image, set to default
2025-09-29 12:05:39,659 [FATAL] Updater:351 - Updater called before beeing initialized
2025-09-29 12:05:39,712 [ERROR] Updater:1198 - MainUpdater not yet initialized. External WinMGr cannot be set.
2025-09-29 12:05:39,714 [INFO] Updater:1134 - Updater Version found : 6.15.0
2025-09-29 12:05:39,734 [INFO] ApplicationProperties:184 - Using Application install path: C:\ST\STM32CubeIDE_1.18.0\STM32CubeIDE\plugins\com.st.stm32cube.common.mx_6.15.0.202507011659
2025-09-29 12:05:41,124 [INFO] ThirdPartyUpdaterWithRetryManager:70 - Updater plugin not ready yet. [2/15]
2025-09-29 12:05:41,308 [ERROR] LogOutputStream:75 - [STDERR_REDIRECT] Sep 29, 2025 12:05:41 PM java.util.prefs.WindowsPreferences <init>
2025-09-29 12:05:41,310 [ERROR] LogOutputStream:75 - [STDERR_REDIRECT] WARNING: Could not open/create prefs root node Software\JavaSoft\Prefs at root 0xffffffff80000002. Windows RegCreateKeyEx(...) returned error code 5.
2025-09-29 12:05:41,310 [ERROR] LogOutputStream:75 - [STDERR_REDIRECT] 
2025-09-29 12:05:42,089 [INFO] MainUpdater:2872 - connection check result : 10
2025-09-29 12:05:42,090 [INFO] MainUpdater:289 - Updater Check For Update Now.
2025-09-29 12:05:42,090 [INFO] MicroXplorer:498 - Change Database Version : DB.6.0.150
2025-09-29 12:05:42,098 [INFO] McuFinderGlobals:63 - Set McuFinder mode to 2 (CubeIDE integrated)
2025-09-29 12:05:42,099 [INFO] UserAuth:487 - Internet connection configuration mode: 1
2025-09-29 12:05:42,150 [INFO] JxBrowserEngine:152 - Initiate JxBrowser Engine with user profile folder
2025-09-29 12:05:42,292 [INFO] CheckServerUpdateThread:120 - End of CheckServer Thread
2025-09-29 12:05:43,530 [INFO] WebApp:169 - Instantiating new browser for Auth
2025-09-29 12:05:44,559 [INFO] WebApp:463 - Apply proxy settings
2025-09-29 12:05:44,560 [INFO] WebApp:548 - Chromium requires no authentication
2025-09-29 12:05:44,587 [INFO] WebApp:491 - Direct internet connection detected
2025-09-29 12:05:44,614 [WARN] PackLoader:240 - Cannot read IP mode file for STMicroelectronics.FP-SNS-MOTENVWB1.1.4.0
2025-09-29 12:05:44,631 [WARN] PackLoader:240 - Cannot read IP mode file for STMicroelectronics.FP-ATR-ASTRA1.2.0.2
2025-09-29 12:05:44,638 [WARN] PackLoader:240 - Cannot read IP mode file for STMicroelectronics.FP-ATR-ASTRA1.2.0.1
2025-09-29 12:05:44,657 [INFO] WebApp:900 - Register for checkConnection events
2025-09-29 12:05:44,657 [INFO] WebApp:463 - Apply proxy settings
2025-09-29 12:05:44,657 [WARN] PackLoader:240 - Cannot read IP mode file for STMicroelectronics.X-CUBE-SMBUS.2.1.0
2025-09-29 12:05:44,658 [INFO] WebApp:548 - Chromium requires no authentication
2025-09-29 12:05:44,659 [INFO] WebApp:491 - Direct internet connection detected
2025-09-29 12:05:44,669 [WARN] PackLoader:240 - Cannot read IP mode file for STMicroelectronics.X-CUBE-WB05N.1.1.0
2025-09-29 12:05:44,676 [WARN] PackLoader:240 - Cannot read IP mode file for STMicroelectronics.X-CUBE-ST60.1.0.0
2025-09-29 12:05:44,710 [WARN] PackLoader:240 - Cannot read IP mode file for STMicroelectronics.X-CUBE-AZRTOS-F7.1.1.0
2025-09-29 12:05:44,721 [WARN] PackLoader:240 - Cannot read IP mode file for STMicroelectronics.FP-SNS-FLIGHT1.5.0.2
2025-09-29 12:05:44,751 [WARN] PackLoader:240 - Cannot read IP mode file for Infineon.AIROC-Wi-Fi-Bluetooth-STM32.1.7.0
2025-09-29 12:05:44,790 [WARN] PackLoader:240 - Cannot read IP mode file for STMicroelectronics.X-CUBE-AZRTOS-H7.3.4.0
2025-09-29 12:05:44,803 [WARN] PackLoader:240 - Cannot read IP mode file for STMicroelectronics.X-CUBE-DISPLAY.3.0.0
2025-09-29 12:05:44,815 [WARN] PackLoader:240 - Cannot read IP mode file for STMicroelectronics.X-CUBE-BLE1.7.0.0
2025-09-29 12:05:44,825 [WARN] PackLoader:240 - Cannot read IP mode file for STMicroelectronics.X-CUBE-NFC10.1.0.0
2025-09-29 12:05:44,840 [WARN] PackLoader:240 - Cannot read IP mode file for STMicroelectronics.X-CUBE-BLEMGR.4.0.0
2025-09-29 12:05:44,850 [WARN] PackLoader:240 - Cannot read IP mode file for emotas.I-CUBE-CANOPEN.1.3.0
2025-09-29 12:05:44,856 [WARN] PackLoader:240 - Cannot read IP mode file for STMicroelectronics.X-CUBE-AI.10.0.0
2025-09-29 12:05:44,864 [WARN] PackLoader:240 - Cannot read IP mode file for STMicroelectronics.FP-SNS-STBOX1.2.1.0
2025-09-29 12:05:44,881 [WARN] PackLoader:240 - Cannot read IP mode file for STMicroelectronics.FP-SNS-SMARTAG2.1.2.0
2025-09-29 12:05:44,888 [WARN] PackLoader:240 - Cannot read IP mode file for STMicroelectronics.FP-SNS-FLIGHT1.5.1.0
2025-09-29 12:05:44,945 [WARN] PackLoader:240 - Cannot read IP mode file for STMicroelectronics.X-CUBE-MEMS1.11.1.0
2025-09-29 12:05:45,099 [INFO] LogOutputStream:77 - [STDOUT_REDIRECT] 1 : Invalid condition id : UX_CORESTACK_Condition cause : null
2025-09-29 12:05:45,101 [INFO] LogOutputStream:77 - [STDOUT_REDIRECT] 1 : Invalid condition id : UX_CORESTACK_Condition cause : null
2025-09-29 12:05:45,104 [INFO] LogOutputStream:77 - [STDOUT_REDIRECT] 1 : Invalid condition id : UX_CORESTACK_Condition cause : null
2025-09-29 12:05:45,106 [INFO] LogOutputStream:77 - [STDOUT_REDIRECT] 1 : Invalid condition id : UX_CORESTACK_Condition cause : null
2025-09-29 12:05:45,108 [INFO] LogOutputStream:77 - [STDOUT_REDIRECT] 1 : Invalid condition id : UX_CORESTACK_Condition cause : null
2025-09-29 12:05:45,112 [WARN] PackLoader:240 - Cannot read IP mode file for STMicroelectronics.X-CUBE-AZRTOS-WL.2.0.0
2025-09-29 12:05:45,120 [WARN] PackLoader:240 - Cannot read IP mode file for STMicroelectronics.FP-SNS-MOTENV1.5.0.0
2025-09-29 12:05:45,129 [WARN] PackLoader:240 - Cannot read IP mode file for wolfSSL.I-CUBE-wolfMQTT.1.19.0
2025-09-29 12:05:45,143 [WARN] PackLoader:240 - Cannot read IP mode file for WES.I-CUBE-Cesium.1.3.0
2025-09-29 12:05:45,188 [WARN] PackLoader:240 - Cannot read IP mode file for STMicroelectronics.X-CUBE-BLE2.3.3.0
2025-09-29 12:05:45,196 [WARN] PackLoader:240 - Cannot read IP mode file for STMicroelectronics.X-CUBE-NFC9.1.0.0
2025-09-29 12:05:45,202 [WARN] PackLoader:240 - Cannot read IP mode file for STMicroelectronics.X-CUBE-BLE1.7.1.0
2025-09-29 12:05:45,210 [WARN] PackLoader:240 - Cannot read IP mode file for STMicroelectronics.X-CUBE-EEPRMA1.5.2.0
2025-09-29 12:05:45,222 [WARN] PackLoader:240 - Cannot read IP mode file for STMicroelectronics.X-CUBE-AI.10.1.0
2025-09-29 12:05:45,261 [WARN] PackLoader:240 - Cannot read IP mode file for STMicroelectronics.X-CUBE-MEMS1.11.2.0
2025-09-29 12:05:45,382 [WARN] PackLoader:240 - Cannot read IP mode file for STMicroelectronics.X-CUBE-AZRTOS-G0.1.1.0
2025-09-29 12:05:45,389 [WARN] PackLoader:240 - Cannot read IP mode file for STMicroelectronics.X-CUBE-SAFEA1.1.2.2
2025-09-29 12:05:45,397 [WARN] PackLoader:240 - Cannot read IP mode file for STMicroelectronics.X-CUBE-NFC4.3.0.0
2025-09-29 12:05:45,406 [WARN] PackLoader:240 - Cannot read IP mode file for EmbeddedOffice.I-CUBE-FS-RTOS.1.0.1
2025-09-29 12:05:45,411 [WARN] PackLoader:240 - Cannot read IP mode file for STMicroelectronics.X-CUBE-WB05N.2.0.0
2025-09-29 12:05:45,419 [WARN] PackLoader:240 - Cannot read IP mode file for STMicroelectronics.X-CUBE-TCPP.4.2.0
2025-09-29 12:05:45,424 [WARN] PackLoader:240 - Cannot read IP mode file for RealThread.X-CUBE-RT-Thread_Nano.4.1.1
2025-09-29 12:05:45,428 [WARN] PackLoader:240 - Cannot read IP mode file for STMicroelectronics.FP-ATR-SIGFOX1.3.2.0
2025-09-29 12:05:45,433 [WARN] ConditionMgr:438 - getConditionDescription Invalid condition id : Cortex-A Device cause : null
2025-09-29 12:05:45,453 [INFO] WebApp:191 - Connection restablished
2025-09-29 12:05:45,457 [WARN] ConditionMgr:1044 - genDependencies : Invalid condition id : Cortex-A Device cause : null
2025-09-29 12:05:45,458 [WARN] ConditionMgr:1044 - genDependencies : Invalid condition id : Cortex-A Device cause : null
2025-09-29 12:05:45,458 [WARN] ConditionMgr:1044 - genDependencies : Invalid condition id : Cortex-A Device cause : null
2025-09-29 12:05:45,464 [WARN] PackLoader:240 - Cannot read IP mode file for STMicroelectronics.X-CUBE-EEPRMA1.5.1.0
2025-09-29 12:05:45,470 [WARN] PackLoader:240 - Cannot read IP mode file for wolfSSL.I-CUBE-wolfSSL.5.7.4
2025-09-29 12:05:45,476 [WARN] PackLoader:240 - Cannot read IP mode file for ITTIA_DB.I-CUBE-ITTIADB.8.9.0
2025-09-29 12:05:45,490 [WARN] PackLoader:240 - Cannot read IP mode file for STMicroelectronics.X-CUBE-ST67W61.1.0.0
2025-09-29 12:05:45,494 [WARN] PackLoader:240 - Cannot read IP mode file for STMicroelectronics.X-CUBE-AI.10.2.0
2025-09-29 12:05:45,516 [WARN] PackLoader:240 - Cannot read IP mode file for SEGGER.I-CUBE-embOS.1.3.1
2025-09-29 12:05:45,558 [WARN] PackLoader:240 - Cannot read IP mode file for STMicroelectronics.X-CUBE-ALGOBUILD.1.4.0
2025-09-29 12:05:45,592 [WARN] PackLoader:240 - Cannot read IP mode file for STMicroelectronics.X-CUBE-MEMS1.11.3.0
2025-09-29 12:05:45,706 [WARN] PackLoader:240 - Cannot read IP mode file for STMicroelectronics.X-CUBE-AI.9.1.0
2025-09-29 12:05:45,714 [WARN] PackLoader:240 - Cannot read IP mode file for STMicroelectronics.X-CUBE-PM33A1.1.0.0
2025-09-29 12:05:45,733 [WARN] PackLoader:240 - Cannot read IP mode file for STMicroelectronics.X-CUBE-AZRTOS-F4.1.1.0
2025-09-29 12:05:45,742 [WARN] PackLoader:240 - Cannot read IP mode file for Avnet-IotConnect.X-CUBE-IoTC-DA16k-PMOD.1.0.0
2025-09-29 12:05:45,748 [WARN] PackLoader:240 - Cannot read IP mode file for STMicroelectronics.X-CUBE-ISPU.2.1.0
2025-09-29 12:05:45,758 [WARN] PackLoader:240 - Cannot read IP mode file for STMicroelectronics.X-CUBE-NFC12.1.0.0
2025-09-29 12:05:45,782 [WARN] PackLoader:240 - Cannot read IP mode file for STMicroelectronics.X-CUBE-AZRTOS-L5.2.0.0
2025-09-29 12:05:45,824 [WARN] PackLoader:240 - Cannot read IP mode file for STMicroelectronics.X-CUBE-NFC6.3.1.0
2025-09-29 12:05:45,837 [WARN] PackLoader:240 - Cannot read IP mode file for STMicroelectronics.X-CUBE-DPower.1.2.0
2025-09-29 12:05:45,847 [WARN] PackLoader:240 - Cannot read IP mode file for STMicroelectronics.X-CUBE-FREERTOS.1.3.1
2025-09-29 12:05:45,863 [WARN] PackLoader:240 - Cannot read IP mode file for STMicroelectronics.X-CUBE-FREERTOS.1.3.0
2025-09-29 12:05:45,870 [WARN] PackLoader:240 - Cannot read IP mode file for STMicroelectronics.X-CUBE-NFC7.1.0.1
2025-09-29 12:05:45,878 [WARN] PackLoader:240 - Cannot read IP mode file for STMicroelectronics.X-CUBE-DPower.1.3.0
2025-09-29 12:05:45,893 [WARN] ConditionMgr:438 - getConditionDescription Invalid condition id : LAN8742 Phy interface Condition cause : null
2025-09-29 12:05:45,894 [WARN] PackLoader:240 - Cannot read IP mode file for STMicroelectronics.X-CUBE-AZRTOS-L4.2.0.0
2025-09-29 12:05:45,895 [WARN] ConditionMgr:1044 - genDependencies : Invalid condition id : LAN8742 Phy interface Condition cause : null
2025-09-29 12:05:45,895 [WARN] ConditionMgr:1044 - genDependencies : Invalid condition id : LAN8742 Phy interface Condition cause : null
2025-09-29 12:05:45,896 [WARN] ConditionMgr:1044 - genDependencies : Invalid condition id : LAN8742 Phy interface Condition cause : null
2025-09-29 12:05:45,903 [WARN] PackLoader:240 - Cannot read IP mode file for STMicroelectronics.X-CUBE-SFXS2LP1.4.0.0
2025-09-29 12:05:45,922 [WARN] PackLoader:240 - Cannot read IP mode file for STMicroelectronics.X-CUBE-AZRTOS-H7.3.3.0
2025-09-29 12:05:45,936 [WARN] ConditionMgr:438 - getConditionDescription Invalid condition id : UX DEVICE CLASS RTOS Condition cause : null
2025-09-29 12:05:45,937 [WARN] ConditionMgr:438 - getConditionDescription Invalid condition id : UX DEVICE CLASS RTOS Condition cause : null
2025-09-29 12:05:45,940 [WARN] PackLoader:240 - Cannot read IP mode file for STMicroelectronics.X-CUBE-AZRTOS-WB.2.0.0
2025-09-29 12:05:45,941 [WARN] ConditionMgr:1044 - genDependencies : Invalid condition id : UX DEVICE CLASS RTOS Condition cause : null
2025-09-29 12:05:45,941 [WARN] ConditionMgr:1044 - genDependencies : Invalid condition id : UX DEVICE CLASS RTOS Condition cause : null
2025-09-29 12:05:45,942 [WARN] ConditionMgr:1044 - genDependencies : Invalid condition id : UX DEVICE CLASS RTOS Condition cause : null
2025-09-29 12:05:45,942 [WARN] ConditionMgr:1044 - genDependencies : Invalid condition id : UX DEVICE CLASS RTOS Condition cause : null
2025-09-29 12:05:45,942 [WARN] ConditionMgr:1044 - genDependencies : Invalid condition id : UX DEVICE CLASS RTOS Condition cause : null
2025-09-29 12:05:45,951 [WARN] PackLoader:240 - Cannot read IP mode file for STMicroelectronics.X-CUBE-GNSS1.7.0.1
2025-09-29 12:05:45,964 [WARN] PackLoader:240 - Cannot read IP mode file for STMicroelectronics.X-CUBE-TOUCHGFX.4.25.0
2025-09-29 12:05:45,971 [WARN] PackLoader:240 - Cannot read IP mode file for STMicroelectronics.FP-SNS-STBOX1.2.0.0
2025-09-29 12:05:45,986 [WARN] PackLoader:240 - Cannot read IP mode file for STMicroelectronics.X-CUBE-SUBG2.5.0.0
2025-09-29 12:05:46,006 [WARN] PackLoader:240 - Cannot read IP mode file for STMicroelectronics.X-CUBE-AZRTOS-H7RS.1.1.0
2025-09-29 12:05:46,015 [WARN] PackLoader:240 - Cannot read IP mode file for Cesanta.I-CUBE-Mongoose.7.13.0
2025-09-29 12:05:46,036 [WARN] PackLoader:240 - Cannot read IP mode file for STMicroelectronics.X-CUBE-AZRTOS-G4.2.0.0
2025-09-29 12:05:46,042 [WARN] PackLoader:240 - Cannot read IP mode file for STMicroelectronics.X-CUBE-NFC7.2.0.0
2025-09-29 12:05:46,057 [WARN] PackLoader:240 - Cannot read IP mode file for STMicroelectronics.X-CUBE-IPS.3.1.0
2025-09-29 12:05:46,069 [WARN] PackLoader:240 - Cannot read IP mode file for STMicroelectronics.X-CUBE-ALS.1.0.2
2025-09-29 12:05:46,076 [WARN] PackLoader:240 - Cannot read IP mode file for STMicroelectronics.X-CUBE-TOUCHGFX.4.24.2
2025-09-29 12:05:46,084 [WARN] PackLoader:240 - Cannot read IP mode file for STMicroelectronics.X-CUBE-STSE01.1.0.0
2025-09-29 12:05:46,091 [WARN] PackLoader:240 - Cannot read IP mode file for wolfSSL.I-CUBE-wolfTPM.3.4.0
2025-09-29 12:05:46,099 [WARN] PackLoader:240 - Cannot read IP mode file for portGmbH.I-Cube-SoM-uGOAL.1.1.0
2025-09-29 12:05:46,118 [WARN] PackLoader:240 - Cannot read IP mode file for STMicroelectronics.X-CUBE-AZRTOS-H7RS.1.0.0
2025-09-29 12:05:46,136 [WARN] PackLoader:240 - Cannot read IP mode file for STMicroelectronics.X-CUBE-TOF1.3.4.2
2025-09-29 12:05:46,159 [WARN] PackLoader:240 - Cannot read IP mode file for STMicroelectronics.X-CUBE-TOF1.3.4.3
2025-09-29 12:05:46,179 [WARN] PackLoader:240 - Cannot read IP mode file for wolfSSL.I-CUBE-wolfSSH.1.4.17
2025-09-29 12:05:46,181 [INFO] ThirdParty:978 - Integrity check success = true
2025-09-29 12:05:46,181 [INFO] IntegrityCheckThread:100 - exiting critical section [integrity check]
2025-09-29 12:05:46,181 [INFO] IntegrityCheckThread:103 - End integrity checks thread
2025-09-29 12:05:46,697 [INFO] WebApp:225 - Starting web application
2025-09-29 12:05:46,697 [INFO] WebApp:593 - Web application path used C:\ST\STM32CubeIDE_1.18.0\STM32CubeIDE\plugins\com.st.stm32cube.common.mx_6.15.0.202507011659\db\plugins\mcufinder\reactClient1\index.html
2025-09-29 12:05:46,950 [INFO] UserAuth:487 - Internet connection configuration mode: 1
2025-09-29 12:06:46,292 [ERROR] LogOutputStream:75 - [STDERR_REDIRECT] 
2025-09-29 12:06:58,579 [INFO] Activator:176 - 


2025-09-29 12:06:58,582 [INFO] Activator:177 - !SESSION log4j initialized
2025-09-29 12:07:05,387 [INFO] LogOutputStream:77 - [STDOUT_REDIRECT] 
2025-09-29 12:07:07,280 [INFO] ApplicationProperties:184 - Using Application install path: C:\ST\STM32CubeIDE_1.18.0\STM32CubeIDE\plugins\com.st.stm32cube.common.mx_6.15.0.202507011659
2025-09-29 12:07:07,295 [INFO] DbMcusXml:78 - Set database path to: C:\ST\STM32CubeIDE_1.18.0\STM32CubeIDE\plugins\com.st.stm32cube.common.mx_6.15.0.202507011659\\db\/mcu/
2025-09-29 12:07:07,295 [INFO] ApiDb:274 - Set plugin database path to: C:\ST\STM32CubeIDE_1.18.0\STM32CubeIDE\plugins\com.st.stm32cube.common.mx_6.15.0.202507011659\\db\/plugins/boardmanager/
2025-09-29 12:07:07,296 [WARN] ApiDb:259 - Overriding images path with different value:  => C:\ST\STM32CubeIDE_1.18.0\STM32CubeIDE\plugins\com.st.stm32cube.common.mx_6.15.0.202507011659\\db\/plugins/mcufinder/images/
2025-09-29 12:07:07,301 [INFO] ApiDb:250 - Set database path to: C:\Users\anish\.stmcufinder\plugins\mcufinder//mcu/
2025-09-29 12:07:07,302 [INFO] DbMcusAds:125 - Set database path to: C:\Users\anish\.stmcufinder\plugins\mcufinder//mcu/
2025-09-29 12:07:07,303 [INFO] CrossReferenceDbSqlite:203 - Set database path to: C:\Users\anish\.stmcufinder\plugins\mcufinder//mcu/cs/
2025-09-29 12:07:07,429 [INFO] RulesReader:64 - Compatibility file has been processed (317 Rules)
2025-09-29 12:07:08,959 [INFO] DbMcusXml:78 - Set database path to: C:\ST\STM32CubeIDE_1.18.0\STM32CubeIDE\plugins\com.st.stm32cube.common.mx_6.15.0.202507011659\\db\/mcu/
2025-09-29 12:07:08,959 [INFO] ApiDb:274 - Set plugin database path to: C:\ST\STM32CubeIDE_1.18.0\STM32CubeIDE\plugins\com.st.stm32cube.common.mx_6.15.0.202507011659\\db\/plugins/boardmanager/
2025-09-29 12:07:08,959 [INFO] ApiDb:261 - Set plugin images path to: C:\ST\STM32CubeIDE_1.18.0\STM32CubeIDE\plugins\com.st.stm32cube.common.mx_6.15.0.202507011659\\db\/plugins/mcufinder/images/
2025-09-29 12:07:08,960 [WARN] DbFile:41 - Overriding database path with different value: C:\Users\anish\.stmcufinder\plugins\mcufinder/ => C:\Users\anish\.stmcufinder\plugins\mcufinder
2025-09-29 12:07:08,960 [INFO] ApiDb:250 - Set database path to: C:\Users\anish\.stmcufinder\plugins\mcufinder//mcu/
2025-09-29 12:07:08,960 [WARN] DbFile:41 - Overriding database path with different value: C:\Users\anish\.stmcufinder\plugins\mcufinder/ => C:\Users\anish\.stmcufinder\plugins\mcufinder
2025-09-29 12:07:08,960 [INFO] DbMcusAds:125 - Set database path to: C:\Users\anish\.stmcufinder\plugins\mcufinder//mcu/
2025-09-29 12:07:08,960 [WARN] DbFile:41 - Overriding database path with different value: C:\Users\anish\.stmcufinder\plugins\mcufinder/ => C:\Users\anish\.stmcufinder\plugins\mcufinder
2025-09-29 12:07:08,960 [WARN] DbFile:41 - Overriding database path with different value: C:\Users\anish\.stmcufinder\plugins\mcufinder/ => C:\Users\anish\.stmcufinder\plugins\mcufinder
2025-09-29 12:07:08,961 [INFO] CrossReferenceDbSqlite:203 - Set database path to: C:\Users\anish\.stmcufinder\plugins\mcufinder//mcu/cs/
2025-09-29 12:07:09,057 [INFO] MainPanel:274 - HeapMemory: 268435456
2025-09-29 12:07:09,216 [INFO] DbMcusXml:78 - Set database path to: C:\ST\STM32CubeIDE_1.18.0\STM32CubeIDE\plugins\com.st.stm32cube.common.mx_6.15.0.202507011659\\db\/mcu/
2025-09-29 12:07:09,217 [INFO] ApiDb:274 - Set plugin database path to: C:\ST\STM32CubeIDE_1.18.0\STM32CubeIDE\plugins\com.st.stm32cube.common.mx_6.15.0.202507011659\\db\/plugins/boardmanager/
2025-09-29 12:07:09,217 [INFO] ApiDb:261 - Set plugin images path to: C:\ST\STM32CubeIDE_1.18.0\STM32CubeIDE\plugins\com.st.stm32cube.common.mx_6.15.0.202507011659\\db\/plugins/mcufinder/images/
2025-09-29 12:07:09,217 [WARN] DbFile:41 - Overriding database path with different value: C:\Users\anish\.stmcufinder\plugins\mcufinder/ => C:\Users\anish\.stmcufinder\plugins\mcufinder
2025-09-29 12:07:09,217 [INFO] ApiDb:250 - Set database path to: C:\Users\anish\.stmcufinder\plugins\mcufinder//mcu/
2025-09-29 12:07:09,218 [WARN] DbFile:41 - Overriding database path with different value: C:\Users\anish\.stmcufinder\plugins\mcufinder/ => C:\Users\anish\.stmcufinder\plugins\mcufinder
2025-09-29 12:07:09,218 [INFO] DbMcusAds:125 - Set database path to: C:\Users\anish\.stmcufinder\plugins\mcufinder//mcu/
2025-09-29 12:07:09,218 [WARN] DbFile:41 - Overriding database path with different value: C:\Users\anish\.stmcufinder\plugins\mcufinder/ => C:\Users\anish\.stmcufinder\plugins\mcufinder
2025-09-29 12:07:09,218 [WARN] DbFile:41 - Overriding database path with different value: C:\Users\anish\.stmcufinder\plugins\mcufinder/ => C:\Users\anish\.stmcufinder\plugins\mcufinder
2025-09-29 12:07:09,218 [INFO] CrossReferenceDbSqlite:203 - Set database path to: C:\Users\anish\.stmcufinder\plugins\mcufinder//mcu/cs/
2025-09-29 12:07:09,252 [INFO] ApplicationProperties:184 - Using Application install path: C:\ST\STM32CubeIDE_1.18.0\STM32CubeIDE\plugins\com.st.stm32cube.common.mx_6.15.0.202507011659
2025-09-29 12:07:09,253 [INFO] PluginManage:196 - Search for loadable plugins [exclusion list=, ]
2025-09-29 12:07:09,255 [INFO] PluginManage:310 - Check plugin analytics
2025-09-29 12:07:09,522 [INFO] AnalyticsPlugin:253 - Accepted Software Licenses: 
2025-09-29 12:07:09,523 [INFO] AnalyticsPlugin:255 - Accepted CMSIS Pack Licenses: 
2025-09-29 12:07:09,523 [INFO] AnalyticsPlugin:257 - Accepted Firmware Licenses: FW.F4.1.28.0
2025-09-29 12:07:09,531 [INFO] PluginManage:359 - Loaded plugin analytics (category:tool,tabindex:-1)
2025-09-29 12:07:09,532 [INFO] PluginManage:310 - Check plugin cadmodel
2025-09-29 12:07:09,541 [INFO] CADModel:105 - Init CAD model plugin
2025-09-29 12:07:09,542 [INFO] PluginManage:359 - Loaded plugin cadmodel (category:power,tabindex:5)
2025-09-29 12:07:09,543 [INFO] PluginManage:310 - Check plugin clock
2025-09-29 12:07:09,565 [INFO] PluginManage:359 - Loaded plugin clock (category:base,tabindex:2)
2025-09-29 12:07:09,565 [INFO] PluginManage:310 - Check plugin ddr
2025-09-29 12:07:09,571 [INFO] PluginManage:359 - Loaded plugin ddr (category:tool,tabindex:6)
2025-09-29 12:07:09,572 [INFO] PluginManage:310 - Check plugin filemanager
2025-09-29 12:07:09,804 [INFO] PluginManage:359 - Loaded plugin filemanager (category:base,tabindex:10)
2025-09-29 12:07:09,804 [INFO] PluginManage:310 - Check plugin ipmanager
2025-09-29 12:07:09,814 [INFO] PluginManage:359 - Loaded plugin ipmanager (category:base,tabindex:5)
2025-09-29 12:07:09,814 [INFO] PluginManage:310 - Check plugin lpbam
2025-09-29 12:07:09,826 [INFO] PluginManage:359 - Loaded plugin lpbam (category:base,tabindex:0)
2025-09-29 12:07:09,827 [INFO] PluginManage:310 - Check plugin memorymap
2025-09-29 12:07:09,843 [INFO] PluginManage:359 - Loaded plugin memorymap (category:base,tabindex:4)
2025-09-29 12:07:09,843 [INFO] PluginManage:310 - Check plugin pinoutandconfiguration
2025-09-29 12:07:09,854 [INFO] PluginManage:359 - Loaded plugin pinoutandconfiguration (category:base,tabindex:1)
2025-09-29 12:07:09,854 [INFO] PluginManage:310 - Check plugin pinoutconfig
2025-09-29 12:07:09,981 [WARN] SupportedApi:132 - Cannot load RTOS API schema: s4s-elt-must-match.1: The content of 'definitions' must match (annotation?, (simpleType | complexType)?, (unique | key | keyref)*)). A problem was found starting at: attribute.
2025-09-29 12:07:10,198 [INFO] PluginManage:359 - Loaded plugin pinoutconfig (category:base,tabindex:0)
2025-09-29 12:07:10,199 [INFO] PluginManage:310 - Check plugin power
2025-09-29 12:07:10,208 [INFO] PluginManage:359 - Loaded plugin power (category:power,tabindex:4)
2025-09-29 12:07:10,208 [INFO] PluginManage:310 - Check plugin projectmanager
2025-09-29 12:07:10,233 [INFO] PluginManage:359 - Loaded plugin projectmanager (category:projectmanager,tabindex:4)
2025-09-29 12:07:10,233 [INFO] PluginManage:310 - Check plugin rif
2025-09-29 12:07:10,250 [INFO] PluginManage:359 - Loaded plugin rif (category:base,tabindex:3)
2025-09-29 12:07:10,250 [INFO] PluginManage:310 - Check plugin thirdparty
2025-09-29 12:07:10,446 [INFO] PluginManage:359 - Loaded plugin thirdparty (category:base,tabindex:-1)
2025-09-29 12:07:10,446 [WARN] IntegrityCheckThread:84 - waiting for thirdparty lock release [integrity check]
2025-09-29 12:07:10,446 [INFO] PluginManage:310 - Check plugin tools
2025-09-29 12:07:10,446 [INFO] IntegrityCheckThread:86 - entering critical section [integrity check]
2025-09-29 12:07:10,447 [INFO] ThirdPartyUpdaterWithRetryManager:70 - Updater plugin not ready yet. [1/15]
2025-09-29 12:07:10,450 [INFO] PluginManage:359 - Loaded plugin tools (category:base,tabindex:7)
2025-09-29 12:07:10,450 [INFO] PluginManage:310 - Check plugin tutovideos
2025-09-29 12:07:10,711 [INFO] PluginManage:359 - Loaded plugin tutovideos (category:base,tabindex:-1)
2025-09-29 12:07:10,711 [INFO] PluginManage:310 - Check plugin updater
2025-09-29 12:07:10,747 [INFO] PluginManage:359 - Loaded plugin updater (category:base,tabindex:12)
2025-09-29 12:07:10,747 [INFO] PluginManage:310 - Check plugin userauth
2025-09-29 12:07:10,753 [INFO] UserAuth:118 - Init User Auth plugin
2025-09-29 12:07:10,756 [INFO] PluginManage:359 - Loaded plugin userauth (category:base,tabindex:14)
2025-09-29 12:07:10,757 [INFO] PluginManage:283 - PluginManage : Loaded plugins [18]
2025-09-29 12:07:11,024 [INFO] PinOutPanel:1589 - setPackage(No Configuration,No Configuration)
2025-09-29 12:07:11,128 [INFO] CADModel:165 - CPN selected for project level
2025-09-29 12:07:11,128 [INFO] CADModel:114 - Register for checkConnection events
2025-09-29 12:07:11,153 [INFO] IPUIPlugin:80 - create IPUIPlugin
2025-09-29 12:07:11,153 [INFO] PluginManager:220 - loadIPPluginJar : add adc
2025-09-29 12:07:11,158 [INFO] IPUIPlugin:80 - create IPUIPlugin
2025-09-29 12:07:11,158 [INFO] PluginManager:220 - loadIPPluginJar : add aes
2025-09-29 12:07:11,161 [INFO] IPUIPlugin:80 - create IPUIPlugin
2025-09-29 12:07:11,161 [INFO] PluginManager:220 - loadIPPluginJar : add can
2025-09-29 12:07:11,164 [INFO] IPUIPlugin:80 - create IPUIPlugin
2025-09-29 12:07:11,164 [INFO] PluginManager:220 - loadIPPluginJar : add comp
2025-09-29 12:07:11,167 [INFO] IPUIPlugin:80 - create IPUIPlugin
2025-09-29 12:07:11,167 [INFO] PluginManager:220 - loadIPPluginJar : add cryp
2025-09-29 12:07:11,171 [INFO] IPUIPlugin:80 - create IPUIPlugin
2025-09-29 12:07:11,171 [INFO] PluginManager:220 - loadIPPluginJar : add ddr_ctrl_phy
2025-09-29 12:07:11,175 [INFO] IPUIPlugin:80 - create IPUIPlugin
2025-09-29 12:07:11,175 [INFO] PluginManager:220 - loadIPPluginJar : add dfsdm
2025-09-29 12:07:11,183 [INFO] IPUIPlugin:80 - create IPUIPlugin
2025-09-29 12:07:11,184 [INFO] PluginManager:220 - loadIPPluginJar : add dma
2025-09-29 12:07:11,188 [INFO] IPUIPlugin:80 - create IPUIPlugin
2025-09-29 12:07:11,188 [INFO] PluginManager:220 - loadIPPluginJar : add dma3
2025-09-29 12:07:11,193 [INFO] IPUIPlugin:80 - create IPUIPlugin
2025-09-29 12:07:11,193 [INFO] PluginManager:220 - loadIPPluginJar : add extmemmanager
2025-09-29 12:07:11,195 [INFO] IPUIPlugin:80 - create IPUIPlugin
2025-09-29 12:07:11,196 [INFO] PluginManager:220 - loadIPPluginJar : add fatfs
2025-09-29 12:07:11,202 [INFO] IPUIPlugin:80 - create IPUIPlugin
2025-09-29 12:07:11,202 [INFO] PluginManager:220 - loadIPPluginJar : add fmc
2025-09-29 12:07:11,211 [INFO] IPUIPlugin:80 - create IPUIPlugin
2025-09-29 12:07:11,212 [INFO] PluginManager:220 - loadIPPluginJar : add freertos
2025-09-29 12:07:11,215 [INFO] IPUIPlugin:80 - create IPUIPlugin
2025-09-29 12:07:11,215 [INFO] PluginManager:220 - loadIPPluginJar : add genericplugin
2025-09-29 12:07:11,218 [INFO] IPUIPlugin:80 - create IPUIPlugin
2025-09-29 12:07:11,219 [INFO] PluginManager:220 - loadIPPluginJar : add gfxmmu
2025-09-29 12:07:11,226 [INFO] IPUIPlugin:80 - create IPUIPlugin
2025-09-29 12:07:11,227 [INFO] PluginManager:220 - loadIPPluginJar : add gic
2025-09-29 12:07:11,232 [INFO] IPUIPlugin:80 - create IPUIPlugin
2025-09-29 12:07:11,232 [INFO] PluginManager:220 - loadIPPluginJar : add gpio
2025-09-29 12:07:11,235 [INFO] IPUIPlugin:80 - create IPUIPlugin
2025-09-29 12:07:11,236 [INFO] PluginManager:220 - loadIPPluginJar : add gtzc
2025-09-29 12:07:11,238 [INFO] IPUIPlugin:80 - create IPUIPlugin
2025-09-29 12:07:11,239 [INFO] PluginManager:220 - loadIPPluginJar : add hash
2025-09-29 12:07:11,242 [INFO] IPUIPlugin:80 - create IPUIPlugin
2025-09-29 12:07:11,242 [INFO] PluginManager:220 - loadIPPluginJar : add i2c
2025-09-29 12:07:11,244 [INFO] IPUIPlugin:80 - create IPUIPlugin
2025-09-29 12:07:11,244 [INFO] PluginManager:220 - loadIPPluginJar : add i2s
2025-09-29 12:07:11,249 [INFO] IPUIPlugin:80 - create IPUIPlugin
2025-09-29 12:07:11,249 [INFO] PluginManager:220 - loadIPPluginJar : add i3c
2025-09-29 12:07:11,253 [INFO] IPUIPlugin:80 - create IPUIPlugin
2025-09-29 12:07:11,253 [INFO] PluginManager:220 - loadIPPluginJar : add ipddr
2025-09-29 12:07:11,260 [INFO] IPUIPlugin:80 - create IPUIPlugin
2025-09-29 12:07:11,260 [INFO] PluginManager:220 - loadIPPluginJar : add linkedlist
2025-09-29 12:07:11,264 [INFO] IPUIPlugin:80 - create IPUIPlugin
2025-09-29 12:07:11,264 [INFO] PluginManager:220 - loadIPPluginJar : add lorawan
2025-09-29 12:07:11,265 [INFO] IPUIPlugin:80 - create IPUIPlugin
2025-09-29 12:07:11,265 [INFO] PluginManager:220 - loadIPPluginJar : add ltdc
2025-09-29 12:07:11,272 [INFO] IPUIPlugin:80 - create IPUIPlugin
2025-09-29 12:07:11,272 [INFO] PluginManager:220 - loadIPPluginJar : add mdma
2025-09-29 12:07:11,275 [INFO] IPUIPlugin:80 - create IPUIPlugin
2025-09-29 12:07:11,275 [INFO] PluginManager:220 - loadIPPluginJar : add nvic
2025-09-29 12:07:11,278 [INFO] IPUIPlugin:80 - create IPUIPlugin
2025-09-29 12:07:11,278 [INFO] PluginManager:220 - loadIPPluginJar : add opamp
2025-09-29 12:07:11,282 [INFO] IPUIPlugin:80 - create IPUIPlugin
2025-09-29 12:07:11,282 [INFO] PluginManager:220 - loadIPPluginJar : add openamp
2025-09-29 12:07:11,285 [INFO] IPUIPlugin:80 - create IPUIPlugin
2025-09-29 12:07:11,285 [INFO] PluginManager:220 - loadIPPluginJar : add pdm2pcm
2025-09-29 12:07:11,291 [INFO] IPUIPlugin:80 - create IPUIPlugin
2025-09-29 12:07:11,295 [INFO] PluginManager:220 - loadIPPluginJar : add plateformsettings
2025-09-29 12:07:11,297 [INFO] IPUIPlugin:80 - create IPUIPlugin
2025-09-29 12:07:11,297 [INFO] PluginManager:220 - loadIPPluginJar : add quadspi
2025-09-29 12:07:11,299 [INFO] IPUIPlugin:80 - create IPUIPlugin
2025-09-29 12:07:11,300 [INFO] PluginManager:220 - loadIPPluginJar : add radio
2025-09-29 12:07:11,303 [INFO] IPUIPlugin:80 - create IPUIPlugin
2025-09-29 12:07:11,303 [INFO] PluginManager:220 - loadIPPluginJar : add resmgrutility
2025-09-29 12:07:11,307 [INFO] IPUIPlugin:80 - create IPUIPlugin
2025-09-29 12:07:11,307 [INFO] PluginManager:220 - loadIPPluginJar : add sai
2025-09-29 12:07:11,309 [INFO] IPUIPlugin:80 - create IPUIPlugin
2025-09-29 12:07:11,310 [INFO] PluginManager:220 - loadIPPluginJar : add spi
2025-09-29 12:07:11,317 [INFO] IPUIPlugin:80 - create IPUIPlugin
2025-09-29 12:07:11,317 [INFO] PluginManager:220 - loadIPPluginJar : add stm32_wpan
2025-09-29 12:07:11,320 [INFO] IPUIPlugin:80 - create IPUIPlugin
2025-09-29 12:07:11,320 [INFO] PluginManager:220 - loadIPPluginJar : add tim
2025-09-29 12:07:11,324 [INFO] IPUIPlugin:80 - create IPUIPlugin
2025-09-29 12:07:11,324 [INFO] PluginManager:220 - loadIPPluginJar : add touchsensing
2025-09-29 12:07:11,326 [INFO] IPUIPlugin:80 - create IPUIPlugin
2025-09-29 12:07:11,326 [INFO] PluginManager:220 - loadIPPluginJar : add tracer_emb
2025-09-29 12:07:11,328 [INFO] IPUIPlugin:80 - create IPUIPlugin
2025-09-29 12:07:11,329 [INFO] PluginManager:220 - loadIPPluginJar : add ts
2025-09-29 12:07:11,330 [INFO] IPUIPlugin:80 - create IPUIPlugin
2025-09-29 12:07:11,330 [INFO] PluginManager:220 - loadIPPluginJar : add tsc
2025-09-29 12:07:11,332 [INFO] IPUIPlugin:80 - create IPUIPlugin
2025-09-29 12:07:11,333 [INFO] PluginManager:220 - loadIPPluginJar : add ucpd
2025-09-29 12:07:11,335 [INFO] IPUIPlugin:80 - create IPUIPlugin
2025-09-29 12:07:11,335 [INFO] PluginManager:220 - loadIPPluginJar : add usart
2025-09-29 12:07:11,339 [INFO] IPUIPlugin:80 - create IPUIPlugin
2025-09-29 12:07:11,339 [INFO] PluginManager:220 - loadIPPluginJar : add usbx
2025-09-29 12:07:11,486 [FATAL] Updater:351 - Updater called before beeing initialized
2025-09-29 12:07:11,519 [INFO] RulesReader:64 - Compatibility file has been processed (317 Rules)
2025-09-29 12:07:11,535 [INFO] RulesReader:64 - Compatibility file has been processed (317 Rules)
2025-09-29 12:07:11,547 [INFO] CADModel:165 - CPN selected for project level
2025-09-29 12:07:11,547 [INFO] CADModel:114 - Register for checkConnection events
2025-09-29 12:07:11,547 [FATAL] Updater:351 - Updater called before beeing initialized
2025-09-29 12:07:11,548 [ERROR] CADModel:125 - Updater not yet initialized, retry later 
2025-09-29 12:07:11,767 [FATAL] Updater:351 - Updater called before beeing initialized
2025-09-29 12:07:11,769 [INFO] CADModel:165 - CPN selected for project level
2025-09-29 12:07:11,769 [INFO] CADModel:114 - Register for checkConnection events
2025-09-29 12:07:11,769 [FATAL] Updater:351 - Updater called before beeing initialized
2025-09-29 12:07:11,769 [ERROR] CADModel:125 - Updater not yet initialized, retry later 
2025-09-29 12:07:11,773 [FATAL] Updater:351 - Updater called before beeing initialized
2025-09-29 12:07:11,932 [FATAL] Updater:351 - Updater called before beeing initialized
2025-09-29 12:07:11,936 [INFO] DbMcusAds:53 - JSON generation date=Tue Jul 08 13:44:23 IST 2025 (1751962463524)
2025-09-29 12:07:11,937 [FATAL] Updater:351 - Updater called before beeing initialized
2025-09-29 12:07:11,971 [WARN] DetailPanel:346 - Failed to get advertising image, set to default
2025-09-29 12:07:12,065 [FATAL] Updater:351 - Updater called before beeing initialized
2025-09-29 12:07:12,068 [FATAL] Updater:351 - Updater called before beeing initialized
2025-09-29 12:07:12,068 [FATAL] Updater:351 - Updater called before beeing initialized
2025-09-29 12:07:12,068 [WARN] DetailPanel:346 - Failed to get advertising image, set to default
2025-09-29 12:07:12,070 [FATAL] Updater:351 - Updater called before beeing initialized
2025-09-29 12:07:12,150 [ERROR] Updater:1198 - MainUpdater not yet initialized. External WinMGr cannot be set.
2025-09-29 12:07:12,152 [INFO] Updater:1134 - Updater Version found : 6.15.0
2025-09-29 12:07:12,178 [INFO] ApplicationProperties:184 - Using Application install path: C:\ST\STM32CubeIDE_1.18.0\STM32CubeIDE\plugins\com.st.stm32cube.common.mx_6.15.0.202507011659
2025-09-29 12:07:13,448 [INFO] ThirdPartyUpdaterWithRetryManager:70 - Updater plugin not ready yet. [2/15]
2025-09-29 12:07:13,755 [ERROR] LogOutputStream:75 - [STDERR_REDIRECT] Sep 29, 2025 12:07:13 PM java.util.prefs.WindowsPreferences <init>
2025-09-29 12:07:13,757 [ERROR] LogOutputStream:75 - [STDERR_REDIRECT] WARNING: Could not open/create prefs root node Software\JavaSoft\Prefs at root 0xffffffff80000002. Windows RegCreateKeyEx(...) returned error code 5.
2025-09-29 12:07:13,757 [ERROR] LogOutputStream:75 - [STDERR_REDIRECT] 
2025-09-29 12:07:14,339 [INFO] MainUpdater:2872 - connection check result : 10
2025-09-29 12:07:14,340 [INFO] MainUpdater:289 - Updater Check For Update Now.
2025-09-29 12:07:14,340 [INFO] MicroXplorer:498 - Change Database Version : DB.6.0.150
2025-09-29 12:07:14,347 [INFO] McuFinderGlobals:63 - Set McuFinder mode to 2 (CubeIDE integrated)
2025-09-29 12:07:14,348 [INFO] UserAuth:487 - Internet connection configuration mode: 1
2025-09-29 12:07:14,398 [INFO] JxBrowserEngine:152 - Initiate JxBrowser Engine with user profile folder
2025-09-29 12:07:14,594 [INFO] CheckServerUpdateThread:120 - End of CheckServer Thread
2025-09-29 12:07:15,356 [INFO] WebApp:169 - Instantiating new browser for Auth
2025-09-29 12:07:16,095 [INFO] WebApp:463 - Apply proxy settings
2025-09-29 12:07:16,095 [INFO] WebApp:548 - Chromium requires no authentication
2025-09-29 12:07:16,102 [INFO] WebApp:491 - Direct internet connection detected
2025-09-29 12:07:16,123 [INFO] WebApp:900 - Register for checkConnection events
2025-09-29 12:07:16,123 [INFO] WebApp:463 - Apply proxy settings
2025-09-29 12:07:16,124 [INFO] WebApp:548 - Chromium requires no authentication
2025-09-29 12:07:16,124 [INFO] WebApp:491 - Direct internet connection detected
2025-09-29 12:07:16,306 [INFO] WebApp:225 - Starting web application
2025-09-29 12:07:16,307 [INFO] WebApp:593 - Web application path used C:\ST\STM32CubeIDE_1.18.0\STM32CubeIDE\plugins\com.st.stm32cube.common.mx_6.15.0.202507011659\db\plugins\mcufinder\reactClient1\index.html
2025-09-29 12:07:16,388 [INFO] UserAuth:487 - Internet connection configuration mode: 1
2025-09-29 12:07:16,610 [INFO] WebApp:191 - Connection restablished
2025-09-29 12:07:16,725 [WARN] PackLoader:240 - Cannot read IP mode file for STMicroelectronics.FP-SNS-MOTENVWB1.1.4.0
2025-09-29 12:07:16,733 [WARN] PackLoader:240 - Cannot read IP mode file for STMicroelectronics.FP-ATR-ASTRA1.2.0.2
2025-09-29 12:07:16,739 [WARN] PackLoader:240 - Cannot read IP mode file for STMicroelectronics.FP-ATR-ASTRA1.2.0.1
2025-09-29 12:07:16,749 [WARN] PackLoader:240 - Cannot read IP mode file for STMicroelectronics.X-CUBE-SMBUS.2.1.0
2025-09-29 12:07:16,761 [WARN] PackLoader:240 - Cannot read IP mode file for STMicroelectronics.X-CUBE-WB05N.1.1.0
2025-09-29 12:07:16,769 [WARN] PackLoader:240 - Cannot read IP mode file for STMicroelectronics.X-CUBE-ST60.1.0.0
2025-09-29 12:07:16,819 [WARN] PackLoader:240 - Cannot read IP mode file for STMicroelectronics.X-CUBE-AZRTOS-F7.1.1.0
2025-09-29 12:07:16,833 [WARN] PackLoader:240 - Cannot read IP mode file for STMicroelectronics.FP-SNS-FLIGHT1.5.0.2
2025-09-29 12:07:16,865 [WARN] PackLoader:240 - Cannot read IP mode file for Infineon.AIROC-Wi-Fi-Bluetooth-STM32.1.7.0
2025-09-29 12:07:16,904 [WARN] PackLoader:240 - Cannot read IP mode file for STMicroelectronics.X-CUBE-AZRTOS-H7.3.4.0
2025-09-29 12:07:16,924 [WARN] PackLoader:240 - Cannot read IP mode file for STMicroelectronics.X-CUBE-DISPLAY.3.0.0
2025-09-29 12:07:16,942 [WARN] PackLoader:240 - Cannot read IP mode file for STMicroelectronics.X-CUBE-BLE1.7.0.0
2025-09-29 12:07:16,952 [WARN] PackLoader:240 - Cannot read IP mode file for STMicroelectronics.X-CUBE-NFC10.1.0.0
2025-09-29 12:07:16,966 [WARN] PackLoader:240 - Cannot read IP mode file for STMicroelectronics.X-CUBE-BLEMGR.4.0.0
2025-09-29 12:07:16,976 [WARN] PackLoader:240 - Cannot read IP mode file for emotas.I-CUBE-CANOPEN.1.3.0
2025-09-29 12:07:16,981 [WARN] PackLoader:240 - Cannot read IP mode file for STMicroelectronics.X-CUBE-AI.10.0.0
2025-09-29 12:07:16,997 [WARN] PackLoader:240 - Cannot read IP mode file for STMicroelectronics.FP-SNS-STBOX1.2.1.0
2025-09-29 12:07:17,006 [WARN] PackLoader:240 - Cannot read IP mode file for STMicroelectronics.FP-SNS-SMARTAG2.1.2.0
2025-09-29 12:07:17,011 [WARN] PackLoader:240 - Cannot read IP mode file for STMicroelectronics.FP-SNS-FLIGHT1.5.1.0
2025-09-29 12:07:17,061 [WARN] PackLoader:240 - Cannot read IP mode file for STMicroelectronics.X-CUBE-MEMS1.11.1.0
2025-09-29 12:07:17,212 [INFO] LogOutputStream:77 - [STDOUT_REDIRECT] 1 : Invalid condition id : UX_CORESTACK_Condition cause : null
2025-09-29 12:07:17,214 [INFO] LogOutputStream:77 - [STDOUT_REDIRECT] 1 : Invalid condition id : UX_CORESTACK_Condition cause : null
2025-09-29 12:07:17,215 [INFO] LogOutputStream:77 - [STDOUT_REDIRECT] 1 : Invalid condition id : UX_CORESTACK_Condition cause : null
2025-09-29 12:07:17,218 [INFO] LogOutputStream:77 - [STDOUT_REDIRECT] 1 : Invalid condition id : UX_CORESTACK_Condition cause : null
2025-09-29 12:07:17,220 [INFO] LogOutputStream:77 - [STDOUT_REDIRECT] 1 : Invalid condition id : UX_CORESTACK_Condition cause : null
2025-09-29 12:07:17,225 [WARN] PackLoader:240 - Cannot read IP mode file for STMicroelectronics.X-CUBE-AZRTOS-WL.2.0.0
2025-09-29 12:07:17,234 [WARN] PackLoader:240 - Cannot read IP mode file for STMicroelectronics.FP-SNS-MOTENV1.5.0.0
2025-09-29 12:07:17,245 [WARN] PackLoader:240 - Cannot read IP mode file for wolfSSL.I-CUBE-wolfMQTT.1.19.0
2025-09-29 12:07:17,258 [WARN] PackLoader:240 - Cannot read IP mode file for WES.I-CUBE-Cesium.1.3.0
2025-09-29 12:07:17,268 [WARN] PackLoader:240 - Cannot read IP mode file for STMicroelectronics.X-CUBE-BLE2.3.3.0
2025-09-29 12:07:17,277 [WARN] PackLoader:240 - Cannot read IP mode file for STMicroelectronics.X-CUBE-NFC9.1.0.0
2025-09-29 12:07:17,318 [WARN] PackLoader:240 - Cannot read IP mode file for STMicroelectronics.X-CUBE-BLE1.7.1.0
2025-09-29 12:07:17,330 [WARN] PackLoader:240 - Cannot read IP mode file for STMicroelectronics.X-CUBE-EEPRMA1.5.2.0
2025-09-29 12:07:17,337 [WARN] PackLoader:240 - Cannot read IP mode file for STMicroelectronics.X-CUBE-AI.10.1.0
2025-09-29 12:07:17,392 [WARN] PackLoader:240 - Cannot read IP mode file for STMicroelectronics.X-CUBE-MEMS1.11.2.0
2025-09-29 12:07:17,499 [WARN] PackLoader:240 - Cannot read IP mode file for STMicroelectronics.X-CUBE-AZRTOS-G0.1.1.0
2025-09-29 12:07:17,508 [WARN] PackLoader:240 - Cannot read IP mode file for STMicroelectronics.X-CUBE-SAFEA1.1.2.2
2025-09-29 12:07:17,514 [WARN] PackLoader:240 - Cannot read IP mode file for STMicroelectronics.X-CUBE-NFC4.3.0.0
2025-09-29 12:07:17,522 [WARN] PackLoader:240 - Cannot read IP mode file for EmbeddedOffice.I-CUBE-FS-RTOS.1.0.1
2025-09-29 12:07:17,528 [WARN] PackLoader:240 - Cannot read IP mode file for STMicroelectronics.X-CUBE-WB05N.2.0.0
2025-09-29 12:07:17,532 [WARN] PackLoader:240 - Cannot read IP mode file for STMicroelectronics.X-CUBE-TCPP.4.2.0
2025-09-29 12:07:17,539 [WARN] PackLoader:240 - Cannot read IP mode file for RealThread.X-CUBE-RT-Thread_Nano.4.1.1
2025-09-29 12:07:17,543 [WARN] PackLoader:240 - Cannot read IP mode file for STMicroelectronics.FP-ATR-SIGFOX1.3.2.0
2025-09-29 12:07:17,549 [WARN] ConditionMgr:438 - getConditionDescription Invalid condition id : Cortex-A Device cause : null
2025-09-29 12:07:17,569 [WARN] ConditionMgr:1044 - genDependencies : Invalid condition id : Cortex-A Device cause : null
2025-09-29 12:07:17,570 [WARN] ConditionMgr:1044 - genDependencies : Invalid condition id : Cortex-A Device cause : null
2025-09-29 12:07:17,570 [WARN] ConditionMgr:1044 - genDependencies : Invalid condition id : Cortex-A Device cause : null
2025-09-29 12:07:17,575 [WARN] PackLoader:240 - Cannot read IP mode file for STMicroelectronics.X-CUBE-EEPRMA1.5.1.0
2025-09-29 12:07:17,581 [WARN] PackLoader:240 - Cannot read IP mode file for wolfSSL.I-CUBE-wolfSSL.5.7.4
2025-09-29 12:07:17,589 [WARN] PackLoader:240 - Cannot read IP mode file for ITTIA_DB.I-CUBE-ITTIADB.8.9.0
2025-09-29 12:07:17,598 [WARN] PackLoader:240 - Cannot read IP mode file for STMicroelectronics.X-CUBE-ST67W61.1.0.0
2025-09-29 12:07:17,604 [WARN] PackLoader:240 - Cannot read IP mode file for STMicroelectronics.X-CUBE-AI.10.2.0
2025-09-29 12:07:17,627 [WARN] PackLoader:240 - Cannot read IP mode file for SEGGER.I-CUBE-embOS.1.3.1
2025-09-29 12:07:17,662 [WARN] PackLoader:240 - Cannot read IP mode file for STMicroelectronics.X-CUBE-ALGOBUILD.1.4.0
2025-09-29 12:07:17,705 [WARN] PackLoader:240 - Cannot read IP mode file for STMicroelectronics.X-CUBE-MEMS1.11.3.0
2025-09-29 12:07:17,822 [WARN] PackLoader:240 - Cannot read IP mode file for STMicroelectronics.X-CUBE-AI.9.1.0
2025-09-29 12:07:17,828 [WARN] PackLoader:240 - Cannot read IP mode file for STMicroelectronics.X-CUBE-PM33A1.1.0.0
2025-09-29 12:07:17,848 [WARN] PackLoader:240 - Cannot read IP mode file for STMicroelectronics.X-CUBE-AZRTOS-F4.1.1.0
2025-09-29 12:07:17,856 [WARN] PackLoader:240 - Cannot read IP mode file for Avnet-IotConnect.X-CUBE-IoTC-DA16k-PMOD.1.0.0
2025-09-29 12:07:17,862 [WARN] PackLoader:240 - Cannot read IP mode file for STMicroelectronics.X-CUBE-ISPU.2.1.0
2025-09-29 12:07:17,871 [WARN] PackLoader:240 - Cannot read IP mode file for STMicroelectronics.X-CUBE-NFC12.1.0.0
2025-09-29 12:07:17,892 [WARN] PackLoader:240 - Cannot read IP mode file for STMicroelectronics.X-CUBE-AZRTOS-L5.2.0.0
2025-09-29 12:07:17,921 [WARN] PackLoader:240 - Cannot read IP mode file for STMicroelectronics.X-CUBE-NFC6.3.1.0
2025-09-29 12:07:17,931 [WARN] PackLoader:240 - Cannot read IP mode file for STMicroelectronics.X-CUBE-DPower.1.2.0
2025-09-29 12:07:17,940 [WARN] PackLoader:240 - Cannot read IP mode file for STMicroelectronics.X-CUBE-FREERTOS.1.3.1
2025-09-29 12:07:17,947 [WARN] PackLoader:240 - Cannot read IP mode file for STMicroelectronics.X-CUBE-FREERTOS.1.3.0
2025-09-29 12:07:17,954 [WARN] PackLoader:240 - Cannot read IP mode file for STMicroelectronics.X-CUBE-NFC7.1.0.1
2025-09-29 12:07:17,960 [WARN] PackLoader:240 - Cannot read IP mode file for STMicroelectronics.X-CUBE-DPower.1.3.0
2025-09-29 12:07:17,975 [WARN] ConditionMgr:438 - getConditionDescription Invalid condition id : LAN8742 Phy interface Condition cause : null
2025-09-29 12:07:17,976 [WARN] PackLoader:240 - Cannot read IP mode file for STMicroelectronics.X-CUBE-AZRTOS-L4.2.0.0
2025-09-29 12:07:17,978 [WARN] ConditionMgr:1044 - genDependencies : Invalid condition id : LAN8742 Phy interface Condition cause : null
2025-09-29 12:07:17,978 [WARN] ConditionMgr:1044 - genDependencies : Invalid condition id : LAN8742 Phy interface Condition cause : null
2025-09-29 12:07:17,979 [WARN] ConditionMgr:1044 - genDependencies : Invalid condition id : LAN8742 Phy interface Condition cause : null
2025-09-29 12:07:17,986 [WARN] PackLoader:240 - Cannot read IP mode file for STMicroelectronics.X-CUBE-SFXS2LP1.4.0.0
2025-09-29 12:07:18,003 [WARN] PackLoader:240 - Cannot read IP mode file for STMicroelectronics.X-CUBE-AZRTOS-H7.3.3.0
2025-09-29 12:07:18,016 [WARN] ConditionMgr:438 - getConditionDescription Invalid condition id : UX DEVICE CLASS RTOS Condition cause : null
2025-09-29 12:07:18,016 [WARN] ConditionMgr:438 - getConditionDescription Invalid condition id : UX DEVICE CLASS RTOS Condition cause : null
2025-09-29 12:07:18,019 [WARN] PackLoader:240 - Cannot read IP mode file for STMicroelectronics.X-CUBE-AZRTOS-WB.2.0.0
2025-09-29 12:07:18,019 [WARN] ConditionMgr:1044 - genDependencies : Invalid condition id : UX DEVICE CLASS RTOS Condition cause : null
2025-09-29 12:07:18,019 [WARN] ConditionMgr:1044 - genDependencies : Invalid condition id : UX DEVICE CLASS RTOS Condition cause : null
2025-09-29 12:07:18,020 [WARN] ConditionMgr:1044 - genDependencies : Invalid condition id : UX DEVICE CLASS RTOS Condition cause : null
2025-09-29 12:07:18,020 [WARN] ConditionMgr:1044 - genDependencies : Invalid condition id : UX DEVICE CLASS RTOS Condition cause : null
2025-09-29 12:07:18,020 [WARN] ConditionMgr:1044 - genDependencies : Invalid condition id : UX DEVICE CLASS RTOS Condition cause : null
2025-09-29 12:07:18,027 [WARN] PackLoader:240 - Cannot read IP mode file for STMicroelectronics.X-CUBE-GNSS1.7.0.1
2025-09-29 12:07:18,035 [WARN] PackLoader:240 - Cannot read IP mode file for STMicroelectronics.X-CUBE-TOUCHGFX.4.25.0
2025-09-29 12:07:18,041 [WARN] PackLoader:240 - Cannot read IP mode file for STMicroelectronics.FP-SNS-STBOX1.2.0.0
2025-09-29 12:07:18,051 [WARN] PackLoader:240 - Cannot read IP mode file for STMicroelectronics.X-CUBE-SUBG2.5.0.0
2025-09-29 12:07:18,073 [WARN] PackLoader:240 - Cannot read IP mode file for STMicroelectronics.X-CUBE-AZRTOS-H7RS.1.1.0
2025-09-29 12:07:18,085 [WARN] PackLoader:240 - Cannot read IP mode file for Cesanta.I-CUBE-Mongoose.7.13.0
2025-09-29 12:07:18,104 [WARN] PackLoader:240 - Cannot read IP mode file for STMicroelectronics.X-CUBE-AZRTOS-G4.2.0.0
2025-09-29 12:07:18,112 [WARN] PackLoader:240 - Cannot read IP mode file for STMicroelectronics.X-CUBE-NFC7.2.0.0
2025-09-29 12:07:18,126 [WARN] PackLoader:240 - Cannot read IP mode file for STMicroelectronics.X-CUBE-IPS.3.1.0
2025-09-29 12:07:18,142 [WARN] PackLoader:240 - Cannot read IP mode file for STMicroelectronics.X-CUBE-ALS.1.0.2
2025-09-29 12:07:18,151 [WARN] PackLoader:240 - Cannot read IP mode file for STMicroelectronics.X-CUBE-TOUCHGFX.4.24.2
2025-09-29 12:07:18,158 [WARN] PackLoader:240 - Cannot read IP mode file for STMicroelectronics.X-CUBE-STSE01.1.0.0
2025-09-29 12:07:18,164 [WARN] PackLoader:240 - Cannot read IP mode file for wolfSSL.I-CUBE-wolfTPM.3.4.0
2025-09-29 12:07:18,170 [WARN] PackLoader:240 - Cannot read IP mode file for portGmbH.I-Cube-SoM-uGOAL.1.1.0
2025-09-29 12:07:18,189 [WARN] PackLoader:240 - Cannot read IP mode file for STMicroelectronics.X-CUBE-AZRTOS-H7RS.1.0.0
2025-09-29 12:07:18,201 [WARN] PackLoader:240 - Cannot read IP mode file for STMicroelectronics.X-CUBE-TOF1.3.4.2
2025-09-29 12:07:18,215 [WARN] PackLoader:240 - Cannot read IP mode file for STMicroelectronics.X-CUBE-TOF1.3.4.3
2025-09-29 12:07:18,229 [WARN] PackLoader:240 - Cannot read IP mode file for wolfSSL.I-CUBE-wolfSSH.1.4.17
2025-09-29 12:07:18,230 [INFO] ThirdParty:978 - Integrity check success = true
2025-09-29 12:07:18,230 [INFO] IntegrityCheckThread:100 - exiting critical section [integrity check]
2025-09-29 12:07:18,230 [INFO] IntegrityCheckThread:103 - End integrity checks thread
2025-09-29 12:38:05,149 [ERROR] LogOutputStream:75 - [STDERR_REDIRECT] 
