2025-10-04 21:12:34,698 [INFO] Activator:176 - 


2025-10-04 21:12:34,706 [INFO] Activator:177 - !SESSION log4j initialized
2025-10-04 21:12:42,660 [INFO] LogOutputStream:77 - [STDOUT_REDIRECT] 
2025-10-04 21:12:44,857 [INFO] ApplicationProperties:184 - Using Application install path: C:\ST\STM32CubeIDE_1.18.0\STM32CubeIDE\plugins\com.st.stm32cube.common.mx_6.15.0.202507011659
2025-10-04 21:12:44,874 [INFO] DbMcusXml:78 - Set database path to: C:\ST\STM32CubeIDE_1.18.0\STM32CubeIDE\plugins\com.st.stm32cube.common.mx_6.15.0.202507011659\\db\/mcu/
2025-10-04 21:12:44,874 [INFO] ApiDb:274 - Set plugin database path to: C:\ST\STM32CubeIDE_1.18.0\STM32CubeIDE\plugins\com.st.stm32cube.common.mx_6.15.0.202507011659\\db\/plugins/boardmanager/
2025-10-04 21:12:44,875 [WARN] ApiDb:259 - Overriding images path with different value:  => C:\ST\STM32CubeIDE_1.18.0\STM32CubeIDE\plugins\com.st.stm32cube.common.mx_6.15.0.202507011659\\db\/plugins/mcufinder/images/
2025-10-04 21:12:44,880 [INFO] ApiDb:250 - Set database path to: C:\Users\anish\.stmcufinder\plugins\mcufinder//mcu/
2025-10-04 21:12:44,881 [INFO] DbMcusAds:125 - Set database path to: C:\Users\anish\.stmcufinder\plugins\mcufinder//mcu/
2025-10-04 21:12:44,884 [INFO] CrossReferenceDbSqlite:203 - Set database path to: C:\Users\anish\.stmcufinder\plugins\mcufinder//mcu/cs/
2025-10-04 21:12:44,988 [INFO] RulesReader:64 - Compatibility file has been processed (317 Rules)
2025-10-04 21:12:45,068 [INFO] DbMcusXml:78 - Set database path to: C:\ST\STM32CubeIDE_1.18.0\STM32CubeIDE\plugins\com.st.stm32cube.common.mx_6.15.0.202507011659\\db\/mcu/
2025-10-04 21:12:45,068 [INFO] ApiDb:274 - Set plugin database path to: C:\ST\STM32CubeIDE_1.18.0\STM32CubeIDE\plugins\com.st.stm32cube.common.mx_6.15.0.202507011659\\db\/plugins/boardmanager/
2025-10-04 21:12:45,069 [INFO] ApiDb:261 - Set plugin images path to: C:\ST\STM32CubeIDE_1.18.0\STM32CubeIDE\plugins\com.st.stm32cube.common.mx_6.15.0.202507011659\\db\/plugins/mcufinder/images/
2025-10-04 21:12:45,069 [WARN] DbFile:41 - Overriding database path with different value: C:\Users\anish\.stmcufinder\plugins\mcufinder/ => C:\Users\anish\.stmcufinder\plugins\mcufinder
2025-10-04 21:12:45,069 [INFO] ApiDb:250 - Set database path to: C:\Users\anish\.stmcufinder\plugins\mcufinder//mcu/
2025-10-04 21:12:45,069 [WARN] DbFile:41 - Overriding database path with different value: C:\Users\anish\.stmcufinder\plugins\mcufinder/ => C:\Users\anish\.stmcufinder\plugins\mcufinder
2025-10-04 21:12:45,069 [INFO] DbMcusAds:125 - Set database path to: C:\Users\anish\.stmcufinder\plugins\mcufinder//mcu/
2025-10-04 21:12:45,069 [WARN] DbFile:41 - Overriding database path with different value: C:\Users\anish\.stmcufinder\plugins\mcufinder/ => C:\Users\anish\.stmcufinder\plugins\mcufinder
2025-10-04 21:12:45,069 [WARN] DbFile:41 - Overriding database path with different value: C:\Users\anish\.stmcufinder\plugins\mcufinder/ => C:\Users\anish\.stmcufinder\plugins\mcufinder
2025-10-04 21:12:45,069 [INFO] CrossReferenceDbSqlite:203 - Set database path to: C:\Users\anish\.stmcufinder\plugins\mcufinder//mcu/cs/
2025-10-04 21:12:45,138 [INFO] MainPanel:274 - HeapMemory: 268435456
2025-10-04 21:12:45,222 [INFO] DbMcusXml:78 - Set database path to: C:\ST\STM32CubeIDE_1.18.0\STM32CubeIDE\plugins\com.st.stm32cube.common.mx_6.15.0.202507011659\\db\/mcu/
2025-10-04 21:12:45,222 [INFO] ApiDb:274 - Set plugin database path to: C:\ST\STM32CubeIDE_1.18.0\STM32CubeIDE\plugins\com.st.stm32cube.common.mx_6.15.0.202507011659\\db\/plugins/boardmanager/
2025-10-04 21:12:45,222 [INFO] ApiDb:261 - Set plugin images path to: C:\ST\STM32CubeIDE_1.18.0\STM32CubeIDE\plugins\com.st.stm32cube.common.mx_6.15.0.202507011659\\db\/plugins/mcufinder/images/
2025-10-04 21:12:45,223 [WARN] DbFile:41 - Overriding database path with different value: C:\Users\anish\.stmcufinder\plugins\mcufinder/ => C:\Users\anish\.stmcufinder\plugins\mcufinder
2025-10-04 21:12:45,223 [INFO] ApiDb:250 - Set database path to: C:\Users\anish\.stmcufinder\plugins\mcufinder//mcu/
2025-10-04 21:12:45,223 [WARN] DbFile:41 - Overriding database path with different value: C:\Users\anish\.stmcufinder\plugins\mcufinder/ => C:\Users\anish\.stmcufinder\plugins\mcufinder
2025-10-04 21:12:45,223 [INFO] DbMcusAds:125 - Set database path to: C:\Users\anish\.stmcufinder\plugins\mcufinder//mcu/
2025-10-04 21:12:45,223 [WARN] DbFile:41 - Overriding database path with different value: C:\Users\anish\.stmcufinder\plugins\mcufinder/ => C:\Users\anish\.stmcufinder\plugins\mcufinder
2025-10-04 21:12:45,223 [WARN] DbFile:41 - Overriding database path with different value: C:\Users\anish\.stmcufinder\plugins\mcufinder/ => C:\Users\anish\.stmcufinder\plugins\mcufinder
2025-10-04 21:12:45,224 [INFO] CrossReferenceDbSqlite:203 - Set database path to: C:\Users\anish\.stmcufinder\plugins\mcufinder//mcu/cs/
2025-10-04 21:12:45,242 [INFO] ApplicationProperties:184 - Using Application install path: C:\ST\STM32CubeIDE_1.18.0\STM32CubeIDE\plugins\com.st.stm32cube.common.mx_6.15.0.202507011659
2025-10-04 21:12:45,243 [INFO] PluginManage:196 - Search for loadable plugins [exclusion list=, ]
2025-10-04 21:12:45,244 [INFO] PluginManage:310 - Check plugin analytics
2025-10-04 21:12:45,447 [INFO] AnalyticsPlugin:253 - Accepted Software Licenses: 
2025-10-04 21:12:45,447 [INFO] AnalyticsPlugin:255 - Accepted CMSIS Pack Licenses: 
2025-10-04 21:12:45,447 [INFO] AnalyticsPlugin:257 - Accepted Firmware Licenses: FW.F4.1.28.0
2025-10-04 21:12:45,452 [INFO] PluginManage:359 - Loaded plugin analytics (category:tool,tabindex:-1)
2025-10-04 21:12:45,453 [INFO] PluginManage:310 - Check plugin cadmodel
2025-10-04 21:12:45,511 [INFO] CADModel:105 - Init CAD model plugin
2025-10-04 21:12:45,512 [INFO] PluginManage:359 - Loaded plugin cadmodel (category:power,tabindex:5)
2025-10-04 21:12:45,512 [INFO] PluginManage:310 - Check plugin clock
2025-10-04 21:12:45,524 [INFO] PluginManage:359 - Loaded plugin clock (category:base,tabindex:2)
2025-10-04 21:12:45,524 [INFO] PluginManage:310 - Check plugin ddr
2025-10-04 21:12:45,528 [INFO] PluginManage:359 - Loaded plugin ddr (category:tool,tabindex:6)
2025-10-04 21:12:45,528 [INFO] PluginManage:310 - Check plugin filemanager
2025-10-04 21:12:45,721 [INFO] PluginManage:359 - Loaded plugin filemanager (category:base,tabindex:10)
2025-10-04 21:12:45,722 [INFO] PluginManage:310 - Check plugin ipmanager
2025-10-04 21:12:45,730 [INFO] PluginManage:359 - Loaded plugin ipmanager (category:base,tabindex:5)
2025-10-04 21:12:45,730 [INFO] PluginManage:310 - Check plugin lpbam
2025-10-04 21:12:45,741 [INFO] PluginManage:359 - Loaded plugin lpbam (category:base,tabindex:0)
2025-10-04 21:12:45,741 [INFO] PluginManage:310 - Check plugin memorymap
2025-10-04 21:12:45,753 [INFO] PluginManage:359 - Loaded plugin memorymap (category:base,tabindex:4)
2025-10-04 21:12:45,753 [INFO] PluginManage:310 - Check plugin pinoutandconfiguration
2025-10-04 21:12:45,762 [INFO] PluginManage:359 - Loaded plugin pinoutandconfiguration (category:base,tabindex:1)
2025-10-04 21:12:45,762 [INFO] PluginManage:310 - Check plugin pinoutconfig
2025-10-04 21:12:45,853 [WARN] SupportedApi:132 - Cannot load RTOS API schema: s4s-elt-must-match.1: The content of 'definitions' must match (annotation?, (simpleType | complexType)?, (unique | key | keyref)*)). A problem was found starting at: attribute.
2025-10-04 21:12:46,005 [INFO] PluginManage:359 - Loaded plugin pinoutconfig (category:base,tabindex:0)
2025-10-04 21:12:46,005 [INFO] PluginManage:310 - Check plugin power
2025-10-04 21:12:46,014 [INFO] PluginManage:359 - Loaded plugin power (category:power,tabindex:4)
2025-10-04 21:12:46,014 [INFO] PluginManage:310 - Check plugin projectmanager
2025-10-04 21:12:46,036 [INFO] PluginManage:359 - Loaded plugin projectmanager (category:projectmanager,tabindex:4)
2025-10-04 21:12:46,036 [INFO] PluginManage:310 - Check plugin rif
2025-10-04 21:12:46,047 [INFO] PluginManage:359 - Loaded plugin rif (category:base,tabindex:3)
2025-10-04 21:12:46,047 [INFO] PluginManage:310 - Check plugin thirdparty
2025-10-04 21:12:46,182 [INFO] PluginManage:359 - Loaded plugin thirdparty (category:base,tabindex:-1)
2025-10-04 21:12:46,182 [WARN] IntegrityCheckThread:84 - waiting for thirdparty lock release [integrity check]
2025-10-04 21:12:46,182 [INFO] PluginManage:310 - Check plugin tools
2025-10-04 21:12:46,182 [INFO] IntegrityCheckThread:86 - entering critical section [integrity check]
2025-10-04 21:12:46,182 [INFO] ThirdPartyUpdaterWithRetryManager:70 - Updater plugin not ready yet. [1/15]
2025-10-04 21:12:46,185 [INFO] PluginManage:359 - Loaded plugin tools (category:base,tabindex:7)
2025-10-04 21:12:46,185 [INFO] PluginManage:310 - Check plugin tutovideos
2025-10-04 21:12:46,371 [INFO] PluginManage:359 - Loaded plugin tutovideos (category:base,tabindex:-1)
2025-10-04 21:12:46,372 [INFO] PluginManage:310 - Check plugin updater
2025-10-04 21:12:46,394 [INFO] PluginManage:359 - Loaded plugin updater (category:base,tabindex:12)
2025-10-04 21:12:46,394 [INFO] PluginManage:310 - Check plugin userauth
2025-10-04 21:12:46,397 [INFO] UserAuth:118 - Init User Auth plugin
2025-10-04 21:12:46,398 [INFO] PluginManage:359 - Loaded plugin userauth (category:base,tabindex:14)
2025-10-04 21:12:46,399 [INFO] PluginManage:283 - PluginManage : Loaded plugins [18]
2025-10-04 21:12:46,621 [INFO] PinOutPanel:1589 - setPackage(No Configuration,No Configuration)
2025-10-04 21:12:46,716 [INFO] CADModel:165 - CPN selected for project level
2025-10-04 21:12:46,717 [INFO] CADModel:114 - Register for checkConnection events
2025-10-04 21:12:46,735 [INFO] IPUIPlugin:80 - create IPUIPlugin
2025-10-04 21:12:46,735 [INFO] PluginManager:220 - loadIPPluginJar : add adc
2025-10-04 21:12:46,738 [INFO] IPUIPlugin:80 - create IPUIPlugin
2025-10-04 21:12:46,739 [INFO] PluginManager:220 - loadIPPluginJar : add aes
2025-10-04 21:12:46,741 [INFO] IPUIPlugin:80 - create IPUIPlugin
2025-10-04 21:12:46,742 [INFO] PluginManager:220 - loadIPPluginJar : add can
2025-10-04 21:12:46,743 [INFO] IPUIPlugin:80 - create IPUIPlugin
2025-10-04 21:12:46,744 [INFO] PluginManager:220 - loadIPPluginJar : add comp
2025-10-04 21:12:46,746 [INFO] IPUIPlugin:80 - create IPUIPlugin
2025-10-04 21:12:46,746 [INFO] PluginManager:220 - loadIPPluginJar : add cryp
2025-10-04 21:12:46,749 [INFO] IPUIPlugin:80 - create IPUIPlugin
2025-10-04 21:12:46,749 [INFO] PluginManager:220 - loadIPPluginJar : add ddr_ctrl_phy
2025-10-04 21:12:46,752 [INFO] IPUIPlugin:80 - create IPUIPlugin
2025-10-04 21:12:46,752 [INFO] PluginManager:220 - loadIPPluginJar : add dfsdm
2025-10-04 21:12:46,759 [INFO] IPUIPlugin:80 - create IPUIPlugin
2025-10-04 21:12:46,760 [INFO] PluginManager:220 - loadIPPluginJar : add dma
2025-10-04 21:12:46,763 [INFO] IPUIPlugin:80 - create IPUIPlugin
2025-10-04 21:12:46,763 [INFO] PluginManager:220 - loadIPPluginJar : add dma3
2025-10-04 21:12:46,767 [INFO] IPUIPlugin:80 - create IPUIPlugin
2025-10-04 21:12:46,767 [INFO] PluginManager:220 - loadIPPluginJar : add extmemmanager
2025-10-04 21:12:46,769 [INFO] IPUIPlugin:80 - create IPUIPlugin
2025-10-04 21:12:46,769 [INFO] PluginManager:220 - loadIPPluginJar : add fatfs
2025-10-04 21:12:46,776 [INFO] IPUIPlugin:80 - create IPUIPlugin
2025-10-04 21:12:46,776 [INFO] PluginManager:220 - loadIPPluginJar : add fmc
2025-10-04 21:12:46,789 [INFO] IPUIPlugin:80 - create IPUIPlugin
2025-10-04 21:12:46,789 [INFO] PluginManager:220 - loadIPPluginJar : add freertos
2025-10-04 21:12:46,793 [INFO] IPUIPlugin:80 - create IPUIPlugin
2025-10-04 21:12:46,793 [INFO] PluginManager:220 - loadIPPluginJar : add genericplugin
2025-10-04 21:12:46,795 [INFO] IPUIPlugin:80 - create IPUIPlugin
2025-10-04 21:12:46,795 [INFO] PluginManager:220 - loadIPPluginJar : add gfxmmu
2025-10-04 21:12:46,802 [INFO] IPUIPlugin:80 - create IPUIPlugin
2025-10-04 21:12:46,802 [INFO] PluginManager:220 - loadIPPluginJar : add gic
2025-10-04 21:12:46,808 [INFO] IPUIPlugin:80 - create IPUIPlugin
2025-10-04 21:12:46,808 [INFO] PluginManager:220 - loadIPPluginJar : add gpio
2025-10-04 21:12:46,811 [INFO] IPUIPlugin:80 - create IPUIPlugin
2025-10-04 21:12:46,811 [INFO] PluginManager:220 - loadIPPluginJar : add gtzc
2025-10-04 21:12:46,814 [INFO] IPUIPlugin:80 - create IPUIPlugin
2025-10-04 21:12:46,815 [INFO] PluginManager:220 - loadIPPluginJar : add hash
2025-10-04 21:12:46,817 [INFO] IPUIPlugin:80 - create IPUIPlugin
2025-10-04 21:12:46,817 [INFO] PluginManager:220 - loadIPPluginJar : add i2c
2025-10-04 21:12:46,821 [INFO] IPUIPlugin:80 - create IPUIPlugin
2025-10-04 21:12:46,821 [INFO] PluginManager:220 - loadIPPluginJar : add i2s
2025-10-04 21:12:46,825 [INFO] IPUIPlugin:80 - create IPUIPlugin
2025-10-04 21:12:46,825 [INFO] PluginManager:220 - loadIPPluginJar : add i3c
2025-10-04 21:12:46,829 [INFO] IPUIPlugin:80 - create IPUIPlugin
2025-10-04 21:12:46,831 [INFO] PluginManager:220 - loadIPPluginJar : add ipddr
2025-10-04 21:12:46,839 [INFO] IPUIPlugin:80 - create IPUIPlugin
2025-10-04 21:12:46,840 [INFO] PluginManager:220 - loadIPPluginJar : add linkedlist
2025-10-04 21:12:46,845 [INFO] IPUIPlugin:80 - create IPUIPlugin
2025-10-04 21:12:46,845 [INFO] PluginManager:220 - loadIPPluginJar : add lorawan
2025-10-04 21:12:46,848 [INFO] IPUIPlugin:80 - create IPUIPlugin
2025-10-04 21:12:46,848 [INFO] PluginManager:220 - loadIPPluginJar : add ltdc
2025-10-04 21:12:46,857 [INFO] IPUIPlugin:80 - create IPUIPlugin
2025-10-04 21:12:46,857 [INFO] PluginManager:220 - loadIPPluginJar : add mdma
2025-10-04 21:12:46,863 [INFO] IPUIPlugin:80 - create IPUIPlugin
2025-10-04 21:12:46,863 [INFO] PluginManager:220 - loadIPPluginJar : add nvic
2025-10-04 21:12:46,867 [INFO] IPUIPlugin:80 - create IPUIPlugin
2025-10-04 21:12:46,867 [INFO] PluginManager:220 - loadIPPluginJar : add opamp
2025-10-04 21:12:46,872 [INFO] IPUIPlugin:80 - create IPUIPlugin
2025-10-04 21:12:46,873 [INFO] PluginManager:220 - loadIPPluginJar : add openamp
2025-10-04 21:12:46,877 [INFO] IPUIPlugin:80 - create IPUIPlugin
2025-10-04 21:12:46,878 [INFO] PluginManager:220 - loadIPPluginJar : add pdm2pcm
2025-10-04 21:12:46,887 [INFO] IPUIPlugin:80 - create IPUIPlugin
2025-10-04 21:12:46,892 [INFO] PluginManager:220 - loadIPPluginJar : add plateformsettings
2025-10-04 21:12:46,894 [INFO] IPUIPlugin:80 - create IPUIPlugin
2025-10-04 21:12:46,895 [INFO] PluginManager:220 - loadIPPluginJar : add quadspi
2025-10-04 21:12:46,897 [INFO] IPUIPlugin:80 - create IPUIPlugin
2025-10-04 21:12:46,897 [INFO] PluginManager:220 - loadIPPluginJar : add radio
2025-10-04 21:12:46,901 [INFO] IPUIPlugin:80 - create IPUIPlugin
2025-10-04 21:12:46,901 [INFO] PluginManager:220 - loadIPPluginJar : add resmgrutility
2025-10-04 21:12:46,905 [INFO] IPUIPlugin:80 - create IPUIPlugin
2025-10-04 21:12:46,905 [INFO] PluginManager:220 - loadIPPluginJar : add sai
2025-10-04 21:12:46,909 [INFO] IPUIPlugin:80 - create IPUIPlugin
2025-10-04 21:12:46,909 [INFO] PluginManager:220 - loadIPPluginJar : add spi
2025-10-04 21:12:46,919 [INFO] IPUIPlugin:80 - create IPUIPlugin
2025-10-04 21:12:46,919 [INFO] PluginManager:220 - loadIPPluginJar : add stm32_wpan
2025-10-04 21:12:46,921 [INFO] IPUIPlugin:80 - create IPUIPlugin
2025-10-04 21:12:46,921 [INFO] PluginManager:220 - loadIPPluginJar : add tim
2025-10-04 21:12:46,925 [INFO] IPUIPlugin:80 - create IPUIPlugin
2025-10-04 21:12:46,925 [INFO] PluginManager:220 - loadIPPluginJar : add touchsensing
2025-10-04 21:12:46,927 [INFO] IPUIPlugin:80 - create IPUIPlugin
2025-10-04 21:12:46,927 [INFO] PluginManager:220 - loadIPPluginJar : add tracer_emb
2025-10-04 21:12:46,929 [INFO] IPUIPlugin:80 - create IPUIPlugin
2025-10-04 21:12:46,929 [INFO] PluginManager:220 - loadIPPluginJar : add ts
2025-10-04 21:12:46,930 [INFO] IPUIPlugin:80 - create IPUIPlugin
2025-10-04 21:12:46,931 [INFO] PluginManager:220 - loadIPPluginJar : add tsc
2025-10-04 21:12:46,932 [INFO] IPUIPlugin:80 - create IPUIPlugin
2025-10-04 21:12:46,933 [INFO] PluginManager:220 - loadIPPluginJar : add ucpd
2025-10-04 21:12:46,935 [INFO] IPUIPlugin:80 - create IPUIPlugin
2025-10-04 21:12:46,935 [INFO] PluginManager:220 - loadIPPluginJar : add usart
2025-10-04 21:12:46,938 [INFO] IPUIPlugin:80 - create IPUIPlugin
2025-10-04 21:12:46,939 [INFO] PluginManager:220 - loadIPPluginJar : add usbx
2025-10-04 21:12:47,081 [FATAL] Updater:351 - Updater called before beeing initialized
2025-10-04 21:12:47,107 [INFO] RulesReader:64 - Compatibility file has been processed (317 Rules)
2025-10-04 21:12:47,117 [INFO] RulesReader:64 - Compatibility file has been processed (317 Rules)
2025-10-04 21:12:47,128 [INFO] CADModel:165 - CPN selected for project level
2025-10-04 21:12:47,128 [INFO] CADModel:114 - Register for checkConnection events
2025-10-04 21:12:47,128 [FATAL] Updater:351 - Updater called before beeing initialized
2025-10-04 21:12:47,128 [ERROR] CADModel:125 - Updater not yet initialized, retry later 
2025-10-04 21:12:47,319 [FATAL] Updater:351 - Updater called before beeing initialized
2025-10-04 21:12:47,322 [INFO] CADModel:165 - CPN selected for project level
2025-10-04 21:12:47,322 [INFO] CADModel:114 - Register for checkConnection events
2025-10-04 21:12:47,322 [FATAL] Updater:351 - Updater called before beeing initialized
2025-10-04 21:12:47,322 [ERROR] CADModel:125 - Updater not yet initialized, retry later 
2025-10-04 21:12:47,325 [FATAL] Updater:351 - Updater called before beeing initialized
2025-10-04 21:12:47,468 [FATAL] Updater:351 - Updater called before beeing initialized
2025-10-04 21:12:47,472 [INFO] DbMcusAds:53 - JSON generation date=Tue Jul 08 13:44:23 IST 2025 (1751962463524)
2025-10-04 21:12:47,473 [FATAL] Updater:351 - Updater called before beeing initialized
2025-10-04 21:12:47,505 [WARN] DetailPanel:346 - Failed to get advertising image, set to default
2025-10-04 21:12:47,591 [FATAL] Updater:351 - Updater called before beeing initialized
2025-10-04 21:12:47,593 [FATAL] Updater:351 - Updater called before beeing initialized
2025-10-04 21:12:47,593 [FATAL] Updater:351 - Updater called before beeing initialized
2025-10-04 21:12:47,593 [WARN] DetailPanel:346 - Failed to get advertising image, set to default
2025-10-04 21:12:47,595 [FATAL] Updater:351 - Updater called before beeing initialized
2025-10-04 21:12:47,647 [ERROR] Updater:1198 - MainUpdater not yet initialized. External WinMGr cannot be set.
2025-10-04 21:12:47,648 [INFO] Updater:1134 - Updater Version found : 6.15.0
2025-10-04 21:12:47,666 [INFO] ApplicationProperties:184 - Using Application install path: C:\ST\STM32CubeIDE_1.18.0\STM32CubeIDE\plugins\com.st.stm32cube.common.mx_6.15.0.202507011659
2025-10-04 21:12:49,184 [INFO] ThirdPartyUpdaterWithRetryManager:70 - Updater plugin not ready yet. [2/15]
2025-10-04 21:12:49,236 [ERROR] LogOutputStream:75 - [STDERR_REDIRECT] Oct 04, 2025 9:12:49 PM java.util.prefs.WindowsPreferences <init>
2025-10-04 21:12:49,237 [ERROR] LogOutputStream:75 - [STDERR_REDIRECT] WARNING: Could not open/create prefs root node Software\JavaSoft\Prefs at root 0xffffffff80000002. Windows RegCreateKeyEx(...) returned error code 5.
2025-10-04 21:12:49,237 [ERROR] LogOutputStream:75 - [STDERR_REDIRECT] 
2025-10-04 21:12:49,693 [INFO] MainUpdater:2872 - connection check result : 10
2025-10-04 21:12:49,694 [INFO] MainUpdater:289 - Updater Check For Update Now.
2025-10-04 21:12:49,694 [INFO] MicroXplorer:498 - Change Database Version : DB.6.0.150
2025-10-04 21:12:49,699 [INFO] McuFinderGlobals:63 - Set McuFinder mode to 2 (CubeIDE integrated)
2025-10-04 21:12:49,700 [INFO] UserAuth:487 - Internet connection configuration mode: 1
2025-10-04 21:12:49,720 [INFO] JxBrowserEngine:152 - Initiate JxBrowser Engine with user profile folder
2025-10-04 21:12:49,876 [INFO] CheckServerUpdateThread:120 - End of CheckServer Thread
2025-10-04 21:12:50,389 [INFO] WebApp:169 - Instantiating new browser for Auth
2025-10-04 21:12:51,004 [INFO] WebApp:463 - Apply proxy settings
2025-10-04 21:12:51,005 [INFO] WebApp:548 - Chromium requires no authentication
2025-10-04 21:12:51,012 [INFO] WebApp:491 - Direct internet connection detected
2025-10-04 21:12:51,031 [INFO] WebApp:900 - Register for checkConnection events
2025-10-04 21:12:51,032 [INFO] WebApp:463 - Apply proxy settings
2025-10-04 21:12:51,032 [INFO] WebApp:548 - Chromium requires no authentication
2025-10-04 21:12:51,033 [INFO] WebApp:491 - Direct internet connection detected
2025-10-04 21:12:51,190 [INFO] WebApp:225 - Starting web application
2025-10-04 21:12:51,190 [INFO] WebApp:593 - Web application path used C:\ST\STM32CubeIDE_1.18.0\STM32CubeIDE\plugins\com.st.stm32cube.common.mx_6.15.0.202507011659\db\plugins\mcufinder\reactClient1\index.html
2025-10-04 21:12:51,266 [INFO] UserAuth:487 - Internet connection configuration mode: 1
2025-10-04 21:12:51,587 [INFO] WebApp:191 - Connection restablished
2025-10-04 21:12:52,413 [WARN] PackLoader:240 - Cannot read IP mode file for STMicroelectronics.FP-SNS-MOTENVWB1.1.4.0
2025-10-04 21:12:52,421 [WARN] PackLoader:240 - Cannot read IP mode file for STMicroelectronics.FP-ATR-ASTRA1.2.0.2
2025-10-04 21:12:52,426 [WARN] PackLoader:240 - Cannot read IP mode file for STMicroelectronics.FP-ATR-ASTRA1.2.0.1
2025-10-04 21:12:52,435 [WARN] PackLoader:240 - Cannot read IP mode file for STMicroelectronics.X-CUBE-SMBUS.2.1.0
2025-10-04 21:12:52,442 [WARN] PackLoader:240 - Cannot read IP mode file for STMicroelectronics.X-CUBE-WB05N.1.1.0
2025-10-04 21:12:52,448 [WARN] PackLoader:240 - Cannot read IP mode file for STMicroelectronics.X-CUBE-ST60.1.0.0
2025-10-04 21:12:52,476 [WARN] PackLoader:240 - Cannot read IP mode file for STMicroelectronics.X-CUBE-AZRTOS-F7.1.1.0
2025-10-04 21:12:52,485 [WARN] PackLoader:240 - Cannot read IP mode file for STMicroelectronics.FP-SNS-FLIGHT1.5.0.2
2025-10-04 21:12:52,509 [WARN] PackLoader:240 - Cannot read IP mode file for Infineon.AIROC-Wi-Fi-Bluetooth-STM32.1.7.0
2025-10-04 21:12:52,537 [WARN] PackLoader:240 - Cannot read IP mode file for STMicroelectronics.X-CUBE-AZRTOS-H7.3.4.0
2025-10-04 21:12:52,549 [WARN] PackLoader:240 - Cannot read IP mode file for STMicroelectronics.X-CUBE-DISPLAY.3.0.0
2025-10-04 21:12:52,559 [WARN] PackLoader:240 - Cannot read IP mode file for STMicroelectronics.X-CUBE-BLE1.7.0.0
2025-10-04 21:12:52,568 [WARN] PackLoader:240 - Cannot read IP mode file for STMicroelectronics.X-CUBE-NFC10.1.0.0
2025-10-04 21:12:52,580 [WARN] PackLoader:240 - Cannot read IP mode file for STMicroelectronics.X-CUBE-BLEMGR.4.0.0
2025-10-04 21:12:52,598 [WARN] PackLoader:240 - Cannot read IP mode file for emotas.I-CUBE-CANOPEN.1.3.0
2025-10-04 21:12:52,605 [WARN] PackLoader:240 - Cannot read IP mode file for STMicroelectronics.X-CUBE-AI.10.0.0
2025-10-04 21:12:52,613 [WARN] PackLoader:240 - Cannot read IP mode file for STMicroelectronics.FP-SNS-STBOX1.2.1.0
2025-10-04 21:12:52,620 [WARN] PackLoader:240 - Cannot read IP mode file for STMicroelectronics.FP-SNS-SMARTAG2.1.2.0
2025-10-04 21:12:52,624 [WARN] PackLoader:240 - Cannot read IP mode file for STMicroelectronics.FP-SNS-FLIGHT1.5.1.0
2025-10-04 21:12:52,673 [WARN] PackLoader:240 - Cannot read IP mode file for STMicroelectronics.X-CUBE-MEMS1.11.1.0
2025-10-04 21:12:52,805 [INFO] LogOutputStream:77 - [STDOUT_REDIRECT] 1 : Invalid condition id : UX_CORESTACK_Condition cause : null
2025-10-04 21:12:52,807 [INFO] LogOutputStream:77 - [STDOUT_REDIRECT] 1 : Invalid condition id : UX_CORESTACK_Condition cause : null
2025-10-04 21:12:52,810 [INFO] LogOutputStream:77 - [STDOUT_REDIRECT] 1 : Invalid condition id : UX_CORESTACK_Condition cause : null
2025-10-04 21:12:52,811 [INFO] LogOutputStream:77 - [STDOUT_REDIRECT] 1 : Invalid condition id : UX_CORESTACK_Condition cause : null
2025-10-04 21:12:52,812 [INFO] LogOutputStream:77 - [STDOUT_REDIRECT] 1 : Invalid condition id : UX_CORESTACK_Condition cause : null
2025-10-04 21:12:52,817 [WARN] PackLoader:240 - Cannot read IP mode file for STMicroelectronics.X-CUBE-AZRTOS-WL.2.0.0
2025-10-04 21:12:52,826 [WARN] PackLoader:240 - Cannot read IP mode file for STMicroelectronics.FP-SNS-MOTENV1.5.0.0
2025-10-04 21:12:52,835 [WARN] PackLoader:240 - Cannot read IP mode file for wolfSSL.I-CUBE-wolfMQTT.1.19.0
2025-10-04 21:12:52,846 [WARN] PackLoader:240 - Cannot read IP mode file for WES.I-CUBE-Cesium.1.3.0
2025-10-04 21:12:52,893 [WARN] PackLoader:240 - Cannot read IP mode file for STMicroelectronics.X-CUBE-BLE2.3.3.0
2025-10-04 21:12:52,918 [WARN] PackLoader:240 - Cannot read IP mode file for STMicroelectronics.X-CUBE-NFC9.1.0.0
2025-10-04 21:12:52,935 [WARN] PackLoader:240 - Cannot read IP mode file for STMicroelectronics.X-CUBE-BLE1.7.1.0
2025-10-04 21:12:52,948 [WARN] PackLoader:240 - Cannot read IP mode file for STMicroelectronics.X-CUBE-EEPRMA1.5.2.0
2025-10-04 21:12:52,957 [WARN] PackLoader:240 - Cannot read IP mode file for STMicroelectronics.X-CUBE-AI.10.1.0
2025-10-04 21:12:53,027 [WARN] PackLoader:240 - Cannot read IP mode file for STMicroelectronics.X-CUBE-MEMS1.11.2.0
2025-10-04 21:12:53,188 [WARN] PackLoader:240 - Cannot read IP mode file for STMicroelectronics.X-CUBE-AZRTOS-G0.1.1.0
2025-10-04 21:12:53,196 [WARN] PackLoader:240 - Cannot read IP mode file for STMicroelectronics.X-CUBE-SAFEA1.1.2.2
2025-10-04 21:12:53,201 [WARN] PackLoader:240 - Cannot read IP mode file for STMicroelectronics.X-CUBE-NFC4.3.0.0
2025-10-04 21:12:53,211 [WARN] PackLoader:240 - Cannot read IP mode file for EmbeddedOffice.I-CUBE-FS-RTOS.1.0.1
2025-10-04 21:12:53,218 [WARN] PackLoader:240 - Cannot read IP mode file for STMicroelectronics.X-CUBE-WB05N.2.0.0
2025-10-04 21:12:53,226 [WARN] PackLoader:240 - Cannot read IP mode file for STMicroelectronics.X-CUBE-TCPP.4.2.0
2025-10-04 21:12:53,234 [WARN] PackLoader:240 - Cannot read IP mode file for RealThread.X-CUBE-RT-Thread_Nano.4.1.1
2025-10-04 21:12:53,241 [WARN] PackLoader:240 - Cannot read IP mode file for STMicroelectronics.FP-ATR-SIGFOX1.3.2.0
2025-10-04 21:12:53,247 [WARN] ConditionMgr:438 - getConditionDescription Invalid condition id : Cortex-A Device cause : null
2025-10-04 21:12:54,579 [WARN] ConditionMgr:1044 - genDependencies : Invalid condition id : Cortex-A Device cause : null
2025-10-04 21:12:54,580 [WARN] ConditionMgr:1044 - genDependencies : Invalid condition id : Cortex-A Device cause : null
2025-10-04 21:12:54,580 [WARN] ConditionMgr:1044 - genDependencies : Invalid condition id : Cortex-A Device cause : null
2025-10-04 21:12:54,585 [WARN] PackLoader:240 - Cannot read IP mode file for STMicroelectronics.X-CUBE-EEPRMA1.5.1.0
2025-10-04 21:12:54,591 [WARN] PackLoader:240 - Cannot read IP mode file for wolfSSL.I-CUBE-wolfSSL.5.7.4
2025-10-04 21:12:54,599 [WARN] PackLoader:240 - Cannot read IP mode file for ITTIA_DB.I-CUBE-ITTIADB.8.9.0
2025-10-04 21:12:54,610 [WARN] PackLoader:240 - Cannot read IP mode file for STMicroelectronics.X-CUBE-ST67W61.1.0.0
2025-10-04 21:12:54,616 [WARN] PackLoader:240 - Cannot read IP mode file for STMicroelectronics.X-CUBE-AI.10.2.0
2025-10-04 21:12:54,647 [WARN] PackLoader:240 - Cannot read IP mode file for SEGGER.I-CUBE-embOS.1.3.1
2025-10-04 21:12:54,688 [WARN] PackLoader:240 - Cannot read IP mode file for STMicroelectronics.X-CUBE-ALGOBUILD.1.4.0
2025-10-04 21:12:54,756 [WARN] PackLoader:240 - Cannot read IP mode file for STMicroelectronics.X-CUBE-MEMS1.11.3.0
2025-10-04 21:12:54,932 [WARN] PackLoader:240 - Cannot read IP mode file for STMicroelectronics.X-CUBE-AI.9.1.0
2025-10-04 21:12:54,938 [WARN] PackLoader:240 - Cannot read IP mode file for STMicroelectronics.X-CUBE-PM33A1.1.0.0
2025-10-04 21:12:54,953 [WARN] PackLoader:240 - Cannot read IP mode file for STMicroelectronics.X-CUBE-AZRTOS-F4.1.1.0
2025-10-04 21:12:54,961 [WARN] PackLoader:240 - Cannot read IP mode file for Avnet-IotConnect.X-CUBE-IoTC-DA16k-PMOD.1.0.0
2025-10-04 21:12:54,966 [WARN] PackLoader:240 - Cannot read IP mode file for STMicroelectronics.X-CUBE-ISPU.2.1.0
2025-10-04 21:12:54,973 [WARN] PackLoader:240 - Cannot read IP mode file for STMicroelectronics.X-CUBE-NFC12.1.0.0
2025-10-04 21:12:54,991 [WARN] PackLoader:240 - Cannot read IP mode file for STMicroelectronics.X-CUBE-AZRTOS-L5.2.0.0
2025-10-04 21:12:55,004 [WARN] PackLoader:240 - Cannot read IP mode file for STMicroelectronics.X-CUBE-NFC6.3.1.0
2025-10-04 21:12:55,015 [WARN] PackLoader:240 - Cannot read IP mode file for STMicroelectronics.X-CUBE-DPower.1.2.0
2025-10-04 21:12:55,021 [WARN] PackLoader:240 - Cannot read IP mode file for STMicroelectronics.X-CUBE-FREERTOS.1.3.1
2025-10-04 21:12:55,026 [WARN] PackLoader:240 - Cannot read IP mode file for STMicroelectronics.X-CUBE-FREERTOS.1.3.0
2025-10-04 21:12:55,033 [WARN] PackLoader:240 - Cannot read IP mode file for STMicroelectronics.X-CUBE-NFC7.1.0.1
2025-10-04 21:12:55,042 [WARN] PackLoader:240 - Cannot read IP mode file for STMicroelectronics.X-CUBE-DPower.1.3.0
2025-10-04 21:12:55,062 [WARN] ConditionMgr:438 - getConditionDescription Invalid condition id : LAN8742 Phy interface Condition cause : null
2025-10-04 21:12:55,063 [WARN] PackLoader:240 - Cannot read IP mode file for STMicroelectronics.X-CUBE-AZRTOS-L4.2.0.0
2025-10-04 21:12:55,065 [WARN] ConditionMgr:1044 - genDependencies : Invalid condition id : LAN8742 Phy interface Condition cause : null
2025-10-04 21:12:55,065 [WARN] ConditionMgr:1044 - genDependencies : Invalid condition id : LAN8742 Phy interface Condition cause : null
2025-10-04 21:12:55,066 [WARN] ConditionMgr:1044 - genDependencies : Invalid condition id : LAN8742 Phy interface Condition cause : null
2025-10-04 21:12:55,075 [WARN] PackLoader:240 - Cannot read IP mode file for STMicroelectronics.X-CUBE-SFXS2LP1.4.0.0
2025-10-04 21:12:55,097 [WARN] PackLoader:240 - Cannot read IP mode file for STMicroelectronics.X-CUBE-AZRTOS-H7.3.3.0
2025-10-04 21:12:55,114 [WARN] ConditionMgr:438 - getConditionDescription Invalid condition id : UX DEVICE CLASS RTOS Condition cause : null
2025-10-04 21:12:55,116 [WARN] ConditionMgr:438 - getConditionDescription Invalid condition id : UX DEVICE CLASS RTOS Condition cause : null
2025-10-04 21:12:55,118 [WARN] PackLoader:240 - Cannot read IP mode file for STMicroelectronics.X-CUBE-AZRTOS-WB.2.0.0
2025-10-04 21:12:55,119 [WARN] ConditionMgr:1044 - genDependencies : Invalid condition id : UX DEVICE CLASS RTOS Condition cause : null
2025-10-04 21:12:55,119 [WARN] ConditionMgr:1044 - genDependencies : Invalid condition id : UX DEVICE CLASS RTOS Condition cause : null
2025-10-04 21:12:55,120 [WARN] ConditionMgr:1044 - genDependencies : Invalid condition id : UX DEVICE CLASS RTOS Condition cause : null
2025-10-04 21:12:55,120 [WARN] ConditionMgr:1044 - genDependencies : Invalid condition id : UX DEVICE CLASS RTOS Condition cause : null
2025-10-04 21:12:55,120 [WARN] ConditionMgr:1044 - genDependencies : Invalid condition id : UX DEVICE CLASS RTOS Condition cause : null
2025-10-04 21:12:55,128 [WARN] PackLoader:240 - Cannot read IP mode file for STMicroelectronics.X-CUBE-GNSS1.7.0.1
2025-10-04 21:12:55,137 [WARN] PackLoader:240 - Cannot read IP mode file for STMicroelectronics.X-CUBE-TOUCHGFX.4.25.0
2025-10-04 21:12:55,144 [WARN] PackLoader:240 - Cannot read IP mode file for STMicroelectronics.FP-SNS-STBOX1.2.0.0
2025-10-04 21:12:55,156 [WARN] PackLoader:240 - Cannot read IP mode file for STMicroelectronics.X-CUBE-SUBG2.5.0.0
2025-10-04 21:12:55,184 [WARN] PackLoader:240 - Cannot read IP mode file for STMicroelectronics.X-CUBE-AZRTOS-H7RS.1.1.0
2025-10-04 21:12:55,192 [WARN] PackLoader:240 - Cannot read IP mode file for Cesanta.I-CUBE-Mongoose.7.13.0
2025-10-04 21:12:55,208 [WARN] PackLoader:240 - Cannot read IP mode file for STMicroelectronics.X-CUBE-AZRTOS-G4.2.0.0
2025-10-04 21:12:55,216 [WARN] PackLoader:240 - Cannot read IP mode file for STMicroelectronics.X-CUBE-NFC7.2.0.0
2025-10-04 21:12:55,226 [WARN] PackLoader:240 - Cannot read IP mode file for STMicroelectronics.X-CUBE-IPS.3.1.0
2025-10-04 21:12:55,237 [WARN] PackLoader:240 - Cannot read IP mode file for STMicroelectronics.X-CUBE-ALS.1.0.2
2025-10-04 21:12:55,243 [WARN] PackLoader:240 - Cannot read IP mode file for STMicroelectronics.X-CUBE-TOUCHGFX.4.24.2
2025-10-04 21:12:55,252 [WARN] PackLoader:240 - Cannot read IP mode file for STMicroelectronics.X-CUBE-STSE01.1.0.0
2025-10-04 21:12:55,259 [WARN] PackLoader:240 - Cannot read IP mode file for wolfSSL.I-CUBE-wolfTPM.3.4.0
2025-10-04 21:12:55,266 [WARN] PackLoader:240 - Cannot read IP mode file for portGmbH.I-Cube-SoM-uGOAL.1.1.0
2025-10-04 21:12:55,287 [WARN] PackLoader:240 - Cannot read IP mode file for STMicroelectronics.X-CUBE-AZRTOS-H7RS.1.0.0
2025-10-04 21:12:55,302 [WARN] PackLoader:240 - Cannot read IP mode file for STMicroelectronics.X-CUBE-TOF1.3.4.2
2025-10-04 21:12:55,322 [WARN] PackLoader:240 - Cannot read IP mode file for STMicroelectronics.X-CUBE-TOF1.3.4.3
2025-10-04 21:12:55,339 [WARN] PackLoader:240 - Cannot read IP mode file for wolfSSL.I-CUBE-wolfSSH.1.4.17
2025-10-04 21:12:55,340 [INFO] ThirdParty:978 - Integrity check success = true
2025-10-04 21:12:55,340 [INFO] IntegrityCheckThread:100 - exiting critical section [integrity check]
2025-10-04 21:12:55,340 [INFO] IntegrityCheckThread:103 - End integrity checks thread
2025-10-04 21:12:57,267 [ERROR] LogOutputStream:75 - [STDERR_REDIRECT] 
2025-10-04 21:13:03,744 [INFO] Activator:176 - 


2025-10-04 21:13:03,747 [INFO] Activator:177 - !SESSION log4j initialized
2025-10-04 21:13:09,759 [INFO] LogOutputStream:77 - [STDOUT_REDIRECT] 
2025-10-04 21:13:11,538 [INFO] ApplicationProperties:184 - Using Application install path: C:\ST\STM32CubeIDE_1.18.0\STM32CubeIDE\plugins\com.st.stm32cube.common.mx_6.15.0.202507011659
2025-10-04 21:13:11,555 [INFO] DbMcusXml:78 - Set database path to: C:\ST\STM32CubeIDE_1.18.0\STM32CubeIDE\plugins\com.st.stm32cube.common.mx_6.15.0.202507011659\\db\/mcu/
2025-10-04 21:13:11,555 [INFO] ApiDb:274 - Set plugin database path to: C:\ST\STM32CubeIDE_1.18.0\STM32CubeIDE\plugins\com.st.stm32cube.common.mx_6.15.0.202507011659\\db\/plugins/boardmanager/
2025-10-04 21:13:11,556 [WARN] ApiDb:259 - Overriding images path with different value:  => C:\ST\STM32CubeIDE_1.18.0\STM32CubeIDE\plugins\com.st.stm32cube.common.mx_6.15.0.202507011659\\db\/plugins/mcufinder/images/
2025-10-04 21:13:11,561 [INFO] ApiDb:250 - Set database path to: C:\Users\anish\.stmcufinder\plugins\mcufinder//mcu/
2025-10-04 21:13:11,563 [INFO] DbMcusAds:125 - Set database path to: C:\Users\anish\.stmcufinder\plugins\mcufinder//mcu/
2025-10-04 21:13:11,566 [INFO] CrossReferenceDbSqlite:203 - Set database path to: C:\Users\anish\.stmcufinder\plugins\mcufinder//mcu/cs/
2025-10-04 21:13:11,684 [INFO] RulesReader:64 - Compatibility file has been processed (317 Rules)
2025-10-04 21:13:11,764 [INFO] DbMcusXml:78 - Set database path to: C:\ST\STM32CubeIDE_1.18.0\STM32CubeIDE\plugins\com.st.stm32cube.common.mx_6.15.0.202507011659\\db\/mcu/
2025-10-04 21:13:11,764 [INFO] ApiDb:274 - Set plugin database path to: C:\ST\STM32CubeIDE_1.18.0\STM32CubeIDE\plugins\com.st.stm32cube.common.mx_6.15.0.202507011659\\db\/plugins/boardmanager/
2025-10-04 21:13:11,764 [INFO] ApiDb:261 - Set plugin images path to: C:\ST\STM32CubeIDE_1.18.0\STM32CubeIDE\plugins\com.st.stm32cube.common.mx_6.15.0.202507011659\\db\/plugins/mcufinder/images/
2025-10-04 21:13:11,764 [WARN] DbFile:41 - Overriding database path with different value: C:\Users\anish\.stmcufinder\plugins\mcufinder/ => C:\Users\anish\.stmcufinder\plugins\mcufinder
2025-10-04 21:13:11,764 [INFO] ApiDb:250 - Set database path to: C:\Users\anish\.stmcufinder\plugins\mcufinder//mcu/
2025-10-04 21:13:11,764 [WARN] DbFile:41 - Overriding database path with different value: C:\Users\anish\.stmcufinder\plugins\mcufinder/ => C:\Users\anish\.stmcufinder\plugins\mcufinder
2025-10-04 21:13:11,764 [INFO] DbMcusAds:125 - Set database path to: C:\Users\anish\.stmcufinder\plugins\mcufinder//mcu/
2025-10-04 21:13:11,765 [WARN] DbFile:41 - Overriding database path with different value: C:\Users\anish\.stmcufinder\plugins\mcufinder/ => C:\Users\anish\.stmcufinder\plugins\mcufinder
2025-10-04 21:13:11,765 [WARN] DbFile:41 - Overriding database path with different value: C:\Users\anish\.stmcufinder\plugins\mcufinder/ => C:\Users\anish\.stmcufinder\plugins\mcufinder
2025-10-04 21:13:11,765 [INFO] CrossReferenceDbSqlite:203 - Set database path to: C:\Users\anish\.stmcufinder\plugins\mcufinder//mcu/cs/
2025-10-04 21:13:11,831 [INFO] MainPanel:274 - HeapMemory: 268435456
2025-10-04 21:13:11,910 [INFO] DbMcusXml:78 - Set database path to: C:\ST\STM32CubeIDE_1.18.0\STM32CubeIDE\plugins\com.st.stm32cube.common.mx_6.15.0.202507011659\\db\/mcu/
2025-10-04 21:13:11,910 [INFO] ApiDb:274 - Set plugin database path to: C:\ST\STM32CubeIDE_1.18.0\STM32CubeIDE\plugins\com.st.stm32cube.common.mx_6.15.0.202507011659\\db\/plugins/boardmanager/
2025-10-04 21:13:11,910 [INFO] ApiDb:261 - Set plugin images path to: C:\ST\STM32CubeIDE_1.18.0\STM32CubeIDE\plugins\com.st.stm32cube.common.mx_6.15.0.202507011659\\db\/plugins/mcufinder/images/
2025-10-04 21:13:11,910 [WARN] DbFile:41 - Overriding database path with different value: C:\Users\anish\.stmcufinder\plugins\mcufinder/ => C:\Users\anish\.stmcufinder\plugins\mcufinder
2025-10-04 21:13:11,911 [INFO] ApiDb:250 - Set database path to: C:\Users\anish\.stmcufinder\plugins\mcufinder//mcu/
2025-10-04 21:13:11,911 [WARN] DbFile:41 - Overriding database path with different value: C:\Users\anish\.stmcufinder\plugins\mcufinder/ => C:\Users\anish\.stmcufinder\plugins\mcufinder
2025-10-04 21:13:11,911 [INFO] DbMcusAds:125 - Set database path to: C:\Users\anish\.stmcufinder\plugins\mcufinder//mcu/
2025-10-04 21:13:11,911 [WARN] DbFile:41 - Overriding database path with different value: C:\Users\anish\.stmcufinder\plugins\mcufinder/ => C:\Users\anish\.stmcufinder\plugins\mcufinder
2025-10-04 21:13:11,911 [WARN] DbFile:41 - Overriding database path with different value: C:\Users\anish\.stmcufinder\plugins\mcufinder/ => C:\Users\anish\.stmcufinder\plugins\mcufinder
2025-10-04 21:13:11,911 [INFO] CrossReferenceDbSqlite:203 - Set database path to: C:\Users\anish\.stmcufinder\plugins\mcufinder//mcu/cs/
2025-10-04 21:13:11,933 [INFO] ApplicationProperties:184 - Using Application install path: C:\ST\STM32CubeIDE_1.18.0\STM32CubeIDE\plugins\com.st.stm32cube.common.mx_6.15.0.202507011659
2025-10-04 21:13:11,935 [INFO] PluginManage:196 - Search for loadable plugins [exclusion list=, ]
2025-10-04 21:13:11,936 [INFO] PluginManage:310 - Check plugin analytics
2025-10-04 21:13:12,140 [INFO] AnalyticsPlugin:253 - Accepted Software Licenses: 
2025-10-04 21:13:12,140 [INFO] AnalyticsPlugin:255 - Accepted CMSIS Pack Licenses: 
2025-10-04 21:13:12,140 [INFO] AnalyticsPlugin:257 - Accepted Firmware Licenses: FW.F4.1.28.0
2025-10-04 21:13:12,146 [INFO] PluginManage:359 - Loaded plugin analytics (category:tool,tabindex:-1)
2025-10-04 21:13:12,147 [INFO] PluginManage:310 - Check plugin cadmodel
2025-10-04 21:13:12,154 [INFO] CADModel:105 - Init CAD model plugin
2025-10-04 21:13:12,154 [INFO] PluginManage:359 - Loaded plugin cadmodel (category:power,tabindex:5)
2025-10-04 21:13:12,155 [INFO] PluginManage:310 - Check plugin clock
2025-10-04 21:13:12,170 [INFO] PluginManage:359 - Loaded plugin clock (category:base,tabindex:2)
2025-10-04 21:13:12,170 [INFO] PluginManage:310 - Check plugin ddr
2025-10-04 21:13:12,174 [INFO] PluginManage:359 - Loaded plugin ddr (category:tool,tabindex:6)
2025-10-04 21:13:12,174 [INFO] PluginManage:310 - Check plugin filemanager
2025-10-04 21:13:12,364 [INFO] PluginManage:359 - Loaded plugin filemanager (category:base,tabindex:10)
2025-10-04 21:13:12,364 [INFO] PluginManage:310 - Check plugin ipmanager
2025-10-04 21:13:12,372 [INFO] PluginManage:359 - Loaded plugin ipmanager (category:base,tabindex:5)
2025-10-04 21:13:12,372 [INFO] PluginManage:310 - Check plugin lpbam
2025-10-04 21:13:12,381 [INFO] PluginManage:359 - Loaded plugin lpbam (category:base,tabindex:0)
2025-10-04 21:13:12,381 [INFO] PluginManage:310 - Check plugin memorymap
2025-10-04 21:13:12,394 [INFO] PluginManage:359 - Loaded plugin memorymap (category:base,tabindex:4)
2025-10-04 21:13:12,394 [INFO] PluginManage:310 - Check plugin pinoutandconfiguration
2025-10-04 21:13:12,403 [INFO] PluginManage:359 - Loaded plugin pinoutandconfiguration (category:base,tabindex:1)
2025-10-04 21:13:12,403 [INFO] PluginManage:310 - Check plugin pinoutconfig
2025-10-04 21:13:12,492 [WARN] SupportedApi:132 - Cannot load RTOS API schema: s4s-elt-must-match.1: The content of 'definitions' must match (annotation?, (simpleType | complexType)?, (unique | key | keyref)*)). A problem was found starting at: attribute.
2025-10-04 21:13:12,653 [INFO] PluginManage:359 - Loaded plugin pinoutconfig (category:base,tabindex:0)
2025-10-04 21:13:12,653 [INFO] PluginManage:310 - Check plugin power
2025-10-04 21:13:12,663 [INFO] PluginManage:359 - Loaded plugin power (category:power,tabindex:4)
2025-10-04 21:13:12,663 [INFO] PluginManage:310 - Check plugin projectmanager
2025-10-04 21:13:12,686 [INFO] PluginManage:359 - Loaded plugin projectmanager (category:projectmanager,tabindex:4)
2025-10-04 21:13:12,686 [INFO] PluginManage:310 - Check plugin rif
2025-10-04 21:13:12,698 [INFO] PluginManage:359 - Loaded plugin rif (category:base,tabindex:3)
2025-10-04 21:13:12,698 [INFO] PluginManage:310 - Check plugin thirdparty
2025-10-04 21:13:12,837 [INFO] PluginManage:359 - Loaded plugin thirdparty (category:base,tabindex:-1)
2025-10-04 21:13:12,837 [WARN] IntegrityCheckThread:84 - waiting for thirdparty lock release [integrity check]
2025-10-04 21:13:12,837 [INFO] PluginManage:310 - Check plugin tools
2025-10-04 21:13:12,837 [INFO] IntegrityCheckThread:86 - entering critical section [integrity check]
2025-10-04 21:13:12,838 [INFO] ThirdPartyUpdaterWithRetryManager:70 - Updater plugin not ready yet. [1/15]
2025-10-04 21:13:12,839 [INFO] PluginManage:359 - Loaded plugin tools (category:base,tabindex:7)
2025-10-04 21:13:12,839 [INFO] PluginManage:310 - Check plugin tutovideos
2025-10-04 21:13:13,054 [INFO] PluginManage:359 - Loaded plugin tutovideos (category:base,tabindex:-1)
2025-10-04 21:13:13,054 [INFO] PluginManage:310 - Check plugin updater
2025-10-04 21:13:13,077 [INFO] PluginManage:359 - Loaded plugin updater (category:base,tabindex:12)
2025-10-04 21:13:13,077 [INFO] PluginManage:310 - Check plugin userauth
2025-10-04 21:13:13,081 [INFO] UserAuth:118 - Init User Auth plugin
2025-10-04 21:13:13,082 [INFO] PluginManage:359 - Loaded plugin userauth (category:base,tabindex:14)
2025-10-04 21:13:13,082 [INFO] PluginManage:283 - PluginManage : Loaded plugins [18]
2025-10-04 21:13:13,305 [INFO] PinOutPanel:1589 - setPackage(No Configuration,No Configuration)
2025-10-04 21:13:13,385 [INFO] CADModel:165 - CPN selected for project level
2025-10-04 21:13:13,386 [INFO] CADModel:114 - Register for checkConnection events
2025-10-04 21:13:13,402 [INFO] IPUIPlugin:80 - create IPUIPlugin
2025-10-04 21:13:13,402 [INFO] PluginManager:220 - loadIPPluginJar : add adc
2025-10-04 21:13:13,405 [INFO] IPUIPlugin:80 - create IPUIPlugin
2025-10-04 21:13:13,405 [INFO] PluginManager:220 - loadIPPluginJar : add aes
2025-10-04 21:13:13,407 [INFO] IPUIPlugin:80 - create IPUIPlugin
2025-10-04 21:13:13,408 [INFO] PluginManager:220 - loadIPPluginJar : add can
2025-10-04 21:13:13,409 [INFO] IPUIPlugin:80 - create IPUIPlugin
2025-10-04 21:13:13,409 [INFO] PluginManager:220 - loadIPPluginJar : add comp
2025-10-04 21:13:13,411 [INFO] IPUIPlugin:80 - create IPUIPlugin
2025-10-04 21:13:13,412 [INFO] PluginManager:220 - loadIPPluginJar : add cryp
2025-10-04 21:13:13,414 [INFO] IPUIPlugin:80 - create IPUIPlugin
2025-10-04 21:13:13,414 [INFO] PluginManager:220 - loadIPPluginJar : add ddr_ctrl_phy
2025-10-04 21:13:13,416 [INFO] IPUIPlugin:80 - create IPUIPlugin
2025-10-04 21:13:13,416 [INFO] PluginManager:220 - loadIPPluginJar : add dfsdm
2025-10-04 21:13:13,421 [INFO] IPUIPlugin:80 - create IPUIPlugin
2025-10-04 21:13:13,422 [INFO] PluginManager:220 - loadIPPluginJar : add dma
2025-10-04 21:13:13,424 [INFO] IPUIPlugin:80 - create IPUIPlugin
2025-10-04 21:13:13,424 [INFO] PluginManager:220 - loadIPPluginJar : add dma3
2025-10-04 21:13:13,427 [INFO] IPUIPlugin:80 - create IPUIPlugin
2025-10-04 21:13:13,427 [INFO] PluginManager:220 - loadIPPluginJar : add extmemmanager
2025-10-04 21:13:13,428 [INFO] IPUIPlugin:80 - create IPUIPlugin
2025-10-04 21:13:13,428 [INFO] PluginManager:220 - loadIPPluginJar : add fatfs
2025-10-04 21:13:13,433 [INFO] IPUIPlugin:80 - create IPUIPlugin
2025-10-04 21:13:13,433 [INFO] PluginManager:220 - loadIPPluginJar : add fmc
2025-10-04 21:13:13,439 [INFO] IPUIPlugin:80 - create IPUIPlugin
2025-10-04 21:13:13,439 [INFO] PluginManager:220 - loadIPPluginJar : add freertos
2025-10-04 21:13:13,441 [INFO] IPUIPlugin:80 - create IPUIPlugin
2025-10-04 21:13:13,441 [INFO] PluginManager:220 - loadIPPluginJar : add genericplugin
2025-10-04 21:13:13,443 [INFO] IPUIPlugin:80 - create IPUIPlugin
2025-10-04 21:13:13,443 [INFO] PluginManager:220 - loadIPPluginJar : add gfxmmu
2025-10-04 21:13:13,447 [INFO] IPUIPlugin:80 - create IPUIPlugin
2025-10-04 21:13:13,447 [INFO] PluginManager:220 - loadIPPluginJar : add gic
2025-10-04 21:13:13,450 [INFO] IPUIPlugin:80 - create IPUIPlugin
2025-10-04 21:13:13,451 [INFO] PluginManager:220 - loadIPPluginJar : add gpio
2025-10-04 21:13:13,453 [INFO] IPUIPlugin:80 - create IPUIPlugin
2025-10-04 21:13:13,454 [INFO] PluginManager:220 - loadIPPluginJar : add gtzc
2025-10-04 21:13:13,457 [INFO] IPUIPlugin:80 - create IPUIPlugin
2025-10-04 21:13:13,457 [INFO] PluginManager:220 - loadIPPluginJar : add hash
2025-10-04 21:13:13,459 [INFO] IPUIPlugin:80 - create IPUIPlugin
2025-10-04 21:13:13,459 [INFO] PluginManager:220 - loadIPPluginJar : add i2c
2025-10-04 21:13:13,462 [INFO] IPUIPlugin:80 - create IPUIPlugin
2025-10-04 21:13:13,462 [INFO] PluginManager:220 - loadIPPluginJar : add i2s
2025-10-04 21:13:13,465 [INFO] IPUIPlugin:80 - create IPUIPlugin
2025-10-04 21:13:13,465 [INFO] PluginManager:220 - loadIPPluginJar : add i3c
2025-10-04 21:13:13,468 [INFO] IPUIPlugin:80 - create IPUIPlugin
2025-10-04 21:13:13,468 [INFO] PluginManager:220 - loadIPPluginJar : add ipddr
2025-10-04 21:13:13,475 [INFO] IPUIPlugin:80 - create IPUIPlugin
2025-10-04 21:13:13,475 [INFO] PluginManager:220 - loadIPPluginJar : add linkedlist
2025-10-04 21:13:13,479 [INFO] IPUIPlugin:80 - create IPUIPlugin
2025-10-04 21:13:13,479 [INFO] PluginManager:220 - loadIPPluginJar : add lorawan
2025-10-04 21:13:13,480 [INFO] IPUIPlugin:80 - create IPUIPlugin
2025-10-04 21:13:13,481 [INFO] PluginManager:220 - loadIPPluginJar : add ltdc
2025-10-04 21:13:13,486 [INFO] IPUIPlugin:80 - create IPUIPlugin
2025-10-04 21:13:13,486 [INFO] PluginManager:220 - loadIPPluginJar : add mdma
2025-10-04 21:13:13,490 [INFO] IPUIPlugin:80 - create IPUIPlugin
2025-10-04 21:13:13,490 [INFO] PluginManager:220 - loadIPPluginJar : add nvic
2025-10-04 21:13:13,493 [INFO] IPUIPlugin:80 - create IPUIPlugin
2025-10-04 21:13:13,493 [INFO] PluginManager:220 - loadIPPluginJar : add opamp
2025-10-04 21:13:13,496 [INFO] IPUIPlugin:80 - create IPUIPlugin
2025-10-04 21:13:13,496 [INFO] PluginManager:220 - loadIPPluginJar : add openamp
2025-10-04 21:13:13,499 [INFO] IPUIPlugin:80 - create IPUIPlugin
2025-10-04 21:13:13,499 [INFO] PluginManager:220 - loadIPPluginJar : add pdm2pcm
2025-10-04 21:13:13,505 [INFO] IPUIPlugin:80 - create IPUIPlugin
2025-10-04 21:13:13,507 [INFO] PluginManager:220 - loadIPPluginJar : add plateformsettings
2025-10-04 21:13:13,509 [INFO] IPUIPlugin:80 - create IPUIPlugin
2025-10-04 21:13:13,509 [INFO] PluginManager:220 - loadIPPluginJar : add quadspi
2025-10-04 21:13:13,511 [INFO] IPUIPlugin:80 - create IPUIPlugin
2025-10-04 21:13:13,512 [INFO] PluginManager:220 - loadIPPluginJar : add radio
2025-10-04 21:13:13,515 [INFO] IPUIPlugin:80 - create IPUIPlugin
2025-10-04 21:13:13,515 [INFO] PluginManager:220 - loadIPPluginJar : add resmgrutility
2025-10-04 21:13:13,518 [INFO] IPUIPlugin:80 - create IPUIPlugin
2025-10-04 21:13:13,518 [INFO] PluginManager:220 - loadIPPluginJar : add sai
2025-10-04 21:13:13,520 [INFO] IPUIPlugin:80 - create IPUIPlugin
2025-10-04 21:13:13,520 [INFO] PluginManager:220 - loadIPPluginJar : add spi
2025-10-04 21:13:13,526 [INFO] IPUIPlugin:80 - create IPUIPlugin
2025-10-04 21:13:13,526 [INFO] PluginManager:220 - loadIPPluginJar : add stm32_wpan
2025-10-04 21:13:13,527 [INFO] IPUIPlugin:80 - create IPUIPlugin
2025-10-04 21:13:13,528 [INFO] PluginManager:220 - loadIPPluginJar : add tim
2025-10-04 21:13:13,530 [INFO] IPUIPlugin:80 - create IPUIPlugin
2025-10-04 21:13:13,530 [INFO] PluginManager:220 - loadIPPluginJar : add touchsensing
2025-10-04 21:13:13,532 [INFO] IPUIPlugin:80 - create IPUIPlugin
2025-10-04 21:13:13,533 [INFO] PluginManager:220 - loadIPPluginJar : add tracer_emb
2025-10-04 21:13:13,534 [INFO] IPUIPlugin:80 - create IPUIPlugin
2025-10-04 21:13:13,535 [INFO] PluginManager:220 - loadIPPluginJar : add ts
2025-10-04 21:13:13,536 [INFO] IPUIPlugin:80 - create IPUIPlugin
2025-10-04 21:13:13,536 [INFO] PluginManager:220 - loadIPPluginJar : add tsc
2025-10-04 21:13:13,538 [INFO] IPUIPlugin:80 - create IPUIPlugin
2025-10-04 21:13:13,538 [INFO] PluginManager:220 - loadIPPluginJar : add ucpd
2025-10-04 21:13:13,540 [INFO] IPUIPlugin:80 - create IPUIPlugin
2025-10-04 21:13:13,540 [INFO] PluginManager:220 - loadIPPluginJar : add usart
2025-10-04 21:13:13,543 [INFO] IPUIPlugin:80 - create IPUIPlugin
2025-10-04 21:13:13,543 [INFO] PluginManager:220 - loadIPPluginJar : add usbx
2025-10-04 21:13:13,668 [FATAL] Updater:351 - Updater called before beeing initialized
2025-10-04 21:13:13,692 [INFO] RulesReader:64 - Compatibility file has been processed (317 Rules)
2025-10-04 21:13:13,702 [INFO] RulesReader:64 - Compatibility file has been processed (317 Rules)
2025-10-04 21:13:13,713 [INFO] CADModel:165 - CPN selected for project level
2025-10-04 21:13:13,714 [INFO] CADModel:114 - Register for checkConnection events
2025-10-04 21:13:13,714 [FATAL] Updater:351 - Updater called before beeing initialized
2025-10-04 21:13:13,714 [ERROR] CADModel:125 - Updater not yet initialized, retry later 
2025-10-04 21:13:13,904 [FATAL] Updater:351 - Updater called before beeing initialized
2025-10-04 21:13:13,907 [INFO] CADModel:165 - CPN selected for project level
2025-10-04 21:13:13,907 [INFO] CADModel:114 - Register for checkConnection events
2025-10-04 21:13:13,907 [FATAL] Updater:351 - Updater called before beeing initialized
2025-10-04 21:13:13,908 [ERROR] CADModel:125 - Updater not yet initialized, retry later 
2025-10-04 21:13:13,913 [FATAL] Updater:351 - Updater called before beeing initialized
2025-10-04 21:13:14,076 [FATAL] Updater:351 - Updater called before beeing initialized
2025-10-04 21:13:14,082 [INFO] DbMcusAds:53 - JSON generation date=Tue Jul 08 13:44:23 IST 2025 (1751962463524)
2025-10-04 21:13:14,082 [FATAL] Updater:351 - Updater called before beeing initialized
2025-10-04 21:13:14,119 [WARN] DetailPanel:346 - Failed to get advertising image, set to default
2025-10-04 21:13:14,206 [FATAL] Updater:351 - Updater called before beeing initialized
2025-10-04 21:13:14,208 [FATAL] Updater:351 - Updater called before beeing initialized
2025-10-04 21:13:14,208 [FATAL] Updater:351 - Updater called before beeing initialized
2025-10-04 21:13:14,208 [WARN] DetailPanel:346 - Failed to get advertising image, set to default
2025-10-04 21:13:14,209 [FATAL] Updater:351 - Updater called before beeing initialized
2025-10-04 21:13:14,256 [ERROR] Updater:1198 - MainUpdater not yet initialized. External WinMGr cannot be set.
2025-10-04 21:13:14,258 [INFO] Updater:1134 - Updater Version found : 6.15.0
2025-10-04 21:13:14,275 [INFO] ApplicationProperties:184 - Using Application install path: C:\ST\STM32CubeIDE_1.18.0\STM32CubeIDE\plugins\com.st.stm32cube.common.mx_6.15.0.202507011659
2025-10-04 21:13:15,838 [INFO] ThirdPartyUpdaterWithRetryManager:70 - Updater plugin not ready yet. [2/15]
2025-10-04 21:13:15,849 [ERROR] LogOutputStream:75 - [STDERR_REDIRECT] Oct 04, 2025 9:13:15 PM java.util.prefs.WindowsPreferences <init>
2025-10-04 21:13:15,850 [ERROR] LogOutputStream:75 - [STDERR_REDIRECT] WARNING: Could not open/create prefs root node Software\JavaSoft\Prefs at root 0xffffffff80000002. Windows RegCreateKeyEx(...) returned error code 5.
2025-10-04 21:13:15,850 [ERROR] LogOutputStream:75 - [STDERR_REDIRECT] 
2025-10-04 21:13:16,336 [INFO] MainUpdater:2872 - connection check result : 10
2025-10-04 21:13:16,337 [INFO] MainUpdater:289 - Updater Check For Update Now.
2025-10-04 21:13:16,337 [INFO] MicroXplorer:498 - Change Database Version : DB.6.0.150
2025-10-04 21:13:16,341 [INFO] McuFinderGlobals:63 - Set McuFinder mode to 2 (CubeIDE integrated)
2025-10-04 21:13:16,342 [INFO] UserAuth:487 - Internet connection configuration mode: 1
2025-10-04 21:13:16,360 [INFO] JxBrowserEngine:152 - Initiate JxBrowser Engine with user profile folder
2025-10-04 21:13:16,516 [INFO] CheckServerUpdateThread:120 - End of CheckServer Thread
2025-10-04 21:13:16,949 [INFO] WebApp:169 - Instantiating new browser for Auth
2025-10-04 21:13:17,591 [INFO] WebApp:463 - Apply proxy settings
2025-10-04 21:13:17,593 [INFO] WebApp:548 - Chromium requires no authentication
2025-10-04 21:13:17,607 [INFO] WebApp:491 - Direct internet connection detected
2025-10-04 21:13:17,627 [INFO] WebApp:900 - Register for checkConnection events
2025-10-04 21:13:17,627 [INFO] WebApp:463 - Apply proxy settings
2025-10-04 21:13:17,627 [INFO] WebApp:548 - Chromium requires no authentication
2025-10-04 21:13:17,627 [INFO] WebApp:491 - Direct internet connection detected
2025-10-04 21:13:17,784 [INFO] WebApp:225 - Starting web application
2025-10-04 21:13:17,784 [INFO] WebApp:593 - Web application path used C:\ST\STM32CubeIDE_1.18.0\STM32CubeIDE\plugins\com.st.stm32cube.common.mx_6.15.0.202507011659\db\plugins\mcufinder\reactClient1\index.html
2025-10-04 21:13:17,873 [INFO] UserAuth:487 - Internet connection configuration mode: 1
2025-10-04 21:13:18,018 [INFO] WebApp:191 - Connection restablished
2025-10-04 21:13:19,071 [WARN] PackLoader:240 - Cannot read IP mode file for STMicroelectronics.FP-SNS-MOTENVWB1.1.4.0
2025-10-04 21:13:19,079 [WARN] PackLoader:240 - Cannot read IP mode file for STMicroelectronics.FP-ATR-ASTRA1.2.0.2
2025-10-04 21:13:19,082 [WARN] PackLoader:240 - Cannot read IP mode file for STMicroelectronics.FP-ATR-ASTRA1.2.0.1
2025-10-04 21:13:19,091 [WARN] PackLoader:240 - Cannot read IP mode file for STMicroelectronics.X-CUBE-SMBUS.2.1.0
2025-10-04 21:13:19,100 [WARN] PackLoader:240 - Cannot read IP mode file for STMicroelectronics.X-CUBE-WB05N.1.1.0
2025-10-04 21:13:19,106 [WARN] PackLoader:240 - Cannot read IP mode file for STMicroelectronics.X-CUBE-ST60.1.0.0
2025-10-04 21:13:19,139 [WARN] PackLoader:240 - Cannot read IP mode file for STMicroelectronics.X-CUBE-AZRTOS-F7.1.1.0
2025-10-04 21:13:19,147 [WARN] PackLoader:240 - Cannot read IP mode file for STMicroelectronics.FP-SNS-FLIGHT1.5.0.2
2025-10-04 21:13:19,170 [WARN] PackLoader:240 - Cannot read IP mode file for Infineon.AIROC-Wi-Fi-Bluetooth-STM32.1.7.0
2025-10-04 21:13:19,199 [WARN] PackLoader:240 - Cannot read IP mode file for STMicroelectronics.X-CUBE-AZRTOS-H7.3.4.0
2025-10-04 21:13:19,211 [WARN] PackLoader:240 - Cannot read IP mode file for STMicroelectronics.X-CUBE-DISPLAY.3.0.0
2025-10-04 21:13:19,223 [WARN] PackLoader:240 - Cannot read IP mode file for STMicroelectronics.X-CUBE-BLE1.7.0.0
2025-10-04 21:13:19,231 [WARN] PackLoader:240 - Cannot read IP mode file for STMicroelectronics.X-CUBE-NFC10.1.0.0
2025-10-04 21:13:19,241 [WARN] PackLoader:240 - Cannot read IP mode file for STMicroelectronics.X-CUBE-BLEMGR.4.0.0
2025-10-04 21:13:19,249 [WARN] PackLoader:240 - Cannot read IP mode file for emotas.I-CUBE-CANOPEN.1.3.0
2025-10-04 21:13:19,253 [WARN] PackLoader:240 - Cannot read IP mode file for STMicroelectronics.X-CUBE-AI.10.0.0
2025-10-04 21:13:19,261 [WARN] PackLoader:240 - Cannot read IP mode file for STMicroelectronics.FP-SNS-STBOX1.2.1.0
2025-10-04 21:13:19,268 [WARN] PackLoader:240 - Cannot read IP mode file for STMicroelectronics.FP-SNS-SMARTAG2.1.2.0
2025-10-04 21:13:19,271 [WARN] PackLoader:240 - Cannot read IP mode file for STMicroelectronics.FP-SNS-FLIGHT1.5.1.0
2025-10-04 21:13:19,328 [WARN] PackLoader:240 - Cannot read IP mode file for STMicroelectronics.X-CUBE-MEMS1.11.1.0
2025-10-04 21:13:19,475 [INFO] LogOutputStream:77 - [STDOUT_REDIRECT] 1 : Invalid condition id : UX_CORESTACK_Condition cause : null
2025-10-04 21:13:19,478 [INFO] LogOutputStream:77 - [STDOUT_REDIRECT] 1 : Invalid condition id : UX_CORESTACK_Condition cause : null
2025-10-04 21:13:19,486 [INFO] LogOutputStream:77 - [STDOUT_REDIRECT] 1 : Invalid condition id : UX_CORESTACK_Condition cause : null
2025-10-04 21:13:19,491 [INFO] LogOutputStream:77 - [STDOUT_REDIRECT] 1 : Invalid condition id : UX_CORESTACK_Condition cause : null
2025-10-04 21:13:19,496 [INFO] LogOutputStream:77 - [STDOUT_REDIRECT] 1 : Invalid condition id : UX_CORESTACK_Condition cause : null
2025-10-04 21:13:19,528 [WARN] PackLoader:240 - Cannot read IP mode file for STMicroelectronics.X-CUBE-AZRTOS-WL.2.0.0
2025-10-04 21:13:19,548 [WARN] PackLoader:240 - Cannot read IP mode file for STMicroelectronics.FP-SNS-MOTENV1.5.0.0
2025-10-04 21:13:19,564 [WARN] PackLoader:240 - Cannot read IP mode file for wolfSSL.I-CUBE-wolfMQTT.1.19.0
2025-10-04 21:13:19,627 [WARN] PackLoader:240 - Cannot read IP mode file for WES.I-CUBE-Cesium.1.3.0
2025-10-04 21:13:19,639 [WARN] PackLoader:240 - Cannot read IP mode file for STMicroelectronics.X-CUBE-BLE2.3.3.0
2025-10-04 21:13:19,649 [WARN] PackLoader:240 - Cannot read IP mode file for STMicroelectronics.X-CUBE-NFC9.1.0.0
2025-10-04 21:13:19,662 [WARN] PackLoader:240 - Cannot read IP mode file for STMicroelectronics.X-CUBE-BLE1.7.1.0
2025-10-04 21:13:19,672 [WARN] PackLoader:240 - Cannot read IP mode file for STMicroelectronics.X-CUBE-EEPRMA1.5.2.0
2025-10-04 21:13:19,678 [WARN] PackLoader:240 - Cannot read IP mode file for STMicroelectronics.X-CUBE-AI.10.1.0
2025-10-04 21:13:19,733 [WARN] PackLoader:240 - Cannot read IP mode file for STMicroelectronics.X-CUBE-MEMS1.11.2.0
2025-10-04 21:13:19,860 [WARN] PackLoader:240 - Cannot read IP mode file for STMicroelectronics.X-CUBE-AZRTOS-G0.1.1.0
2025-10-04 21:13:19,873 [WARN] PackLoader:240 - Cannot read IP mode file for STMicroelectronics.X-CUBE-SAFEA1.1.2.2
2025-10-04 21:13:19,882 [WARN] PackLoader:240 - Cannot read IP mode file for STMicroelectronics.X-CUBE-NFC4.3.0.0
2025-10-04 21:13:19,896 [WARN] PackLoader:240 - Cannot read IP mode file for EmbeddedOffice.I-CUBE-FS-RTOS.1.0.1
2025-10-04 21:13:19,905 [WARN] PackLoader:240 - Cannot read IP mode file for STMicroelectronics.X-CUBE-WB05N.2.0.0
2025-10-04 21:13:19,915 [WARN] PackLoader:240 - Cannot read IP mode file for STMicroelectronics.X-CUBE-TCPP.4.2.0
2025-10-04 21:13:19,925 [WARN] PackLoader:240 - Cannot read IP mode file for RealThread.X-CUBE-RT-Thread_Nano.4.1.1
2025-10-04 21:13:19,934 [WARN] PackLoader:240 - Cannot read IP mode file for STMicroelectronics.FP-ATR-SIGFOX1.3.2.0
2025-10-04 21:13:19,941 [WARN] ConditionMgr:438 - getConditionDescription Invalid condition id : Cortex-A Device cause : null
2025-10-04 21:13:19,969 [WARN] ConditionMgr:1044 - genDependencies : Invalid condition id : Cortex-A Device cause : null
2025-10-04 21:13:19,969 [WARN] ConditionMgr:1044 - genDependencies : Invalid condition id : Cortex-A Device cause : null
2025-10-04 21:13:19,969 [WARN] ConditionMgr:1044 - genDependencies : Invalid condition id : Cortex-A Device cause : null
2025-10-04 21:13:19,977 [WARN] PackLoader:240 - Cannot read IP mode file for STMicroelectronics.X-CUBE-EEPRMA1.5.1.0
2025-10-04 21:13:19,985 [WARN] PackLoader:240 - Cannot read IP mode file for wolfSSL.I-CUBE-wolfSSL.5.7.4
2025-10-04 21:13:19,994 [WARN] PackLoader:240 - Cannot read IP mode file for ITTIA_DB.I-CUBE-ITTIADB.8.9.0
2025-10-04 21:13:20,006 [WARN] PackLoader:240 - Cannot read IP mode file for STMicroelectronics.X-CUBE-ST67W61.1.0.0
2025-10-04 21:13:20,013 [WARN] PackLoader:240 - Cannot read IP mode file for STMicroelectronics.X-CUBE-AI.10.2.0
2025-10-04 21:13:20,047 [WARN] PackLoader:240 - Cannot read IP mode file for SEGGER.I-CUBE-embOS.1.3.1
2025-10-04 21:13:20,086 [WARN] PackLoader:240 - Cannot read IP mode file for STMicroelectronics.X-CUBE-ALGOBUILD.1.4.0
2025-10-04 21:13:20,132 [WARN] PackLoader:240 - Cannot read IP mode file for STMicroelectronics.X-CUBE-MEMS1.11.3.0
2025-10-04 21:13:20,246 [WARN] PackLoader:240 - Cannot read IP mode file for STMicroelectronics.X-CUBE-AI.9.1.0
2025-10-04 21:13:20,253 [WARN] PackLoader:240 - Cannot read IP mode file for STMicroelectronics.X-CUBE-PM33A1.1.0.0
2025-10-04 21:13:20,272 [WARN] PackLoader:240 - Cannot read IP mode file for STMicroelectronics.X-CUBE-AZRTOS-F4.1.1.0
2025-10-04 21:13:20,282 [WARN] PackLoader:240 - Cannot read IP mode file for Avnet-IotConnect.X-CUBE-IoTC-DA16k-PMOD.1.0.0
2025-10-04 21:13:20,288 [WARN] PackLoader:240 - Cannot read IP mode file for STMicroelectronics.X-CUBE-ISPU.2.1.0
2025-10-04 21:13:20,297 [WARN] PackLoader:240 - Cannot read IP mode file for STMicroelectronics.X-CUBE-NFC12.1.0.0
2025-10-04 21:13:20,339 [WARN] PackLoader:240 - Cannot read IP mode file for STMicroelectronics.X-CUBE-AZRTOS-L5.2.0.0
2025-10-04 21:13:20,359 [WARN] PackLoader:240 - Cannot read IP mode file for STMicroelectronics.X-CUBE-NFC6.3.1.0
2025-10-04 21:13:20,371 [WARN] PackLoader:240 - Cannot read IP mode file for STMicroelectronics.X-CUBE-DPower.1.2.0
2025-10-04 21:13:20,384 [WARN] PackLoader:240 - Cannot read IP mode file for STMicroelectronics.X-CUBE-FREERTOS.1.3.1
2025-10-04 21:13:20,388 [WARN] PackLoader:240 - Cannot read IP mode file for STMicroelectronics.X-CUBE-FREERTOS.1.3.0
2025-10-04 21:13:20,394 [WARN] PackLoader:240 - Cannot read IP mode file for STMicroelectronics.X-CUBE-NFC7.1.0.1
2025-10-04 21:13:20,400 [WARN] PackLoader:240 - Cannot read IP mode file for STMicroelectronics.X-CUBE-DPower.1.3.0
2025-10-04 21:13:20,413 [WARN] ConditionMgr:438 - getConditionDescription Invalid condition id : LAN8742 Phy interface Condition cause : null
2025-10-04 21:13:20,414 [WARN] PackLoader:240 - Cannot read IP mode file for STMicroelectronics.X-CUBE-AZRTOS-L4.2.0.0
2025-10-04 21:13:20,414 [WARN] ConditionMgr:1044 - genDependencies : Invalid condition id : LAN8742 Phy interface Condition cause : null
2025-10-04 21:13:20,414 [WARN] ConditionMgr:1044 - genDependencies : Invalid condition id : LAN8742 Phy interface Condition cause : null
2025-10-04 21:13:20,416 [WARN] ConditionMgr:1044 - genDependencies : Invalid condition id : LAN8742 Phy interface Condition cause : null
2025-10-04 21:13:20,422 [WARN] PackLoader:240 - Cannot read IP mode file for STMicroelectronics.X-CUBE-SFXS2LP1.4.0.0
2025-10-04 21:13:20,438 [WARN] PackLoader:240 - Cannot read IP mode file for STMicroelectronics.X-CUBE-AZRTOS-H7.3.3.0
2025-10-04 21:13:20,455 [WARN] ConditionMgr:438 - getConditionDescription Invalid condition id : UX DEVICE CLASS RTOS Condition cause : null
2025-10-04 21:13:20,455 [WARN] ConditionMgr:438 - getConditionDescription Invalid condition id : UX DEVICE CLASS RTOS Condition cause : null
2025-10-04 21:13:20,457 [WARN] PackLoader:240 - Cannot read IP mode file for STMicroelectronics.X-CUBE-AZRTOS-WB.2.0.0
2025-10-04 21:13:20,457 [WARN] ConditionMgr:1044 - genDependencies : Invalid condition id : UX DEVICE CLASS RTOS Condition cause : null
2025-10-04 21:13:20,457 [WARN] ConditionMgr:1044 - genDependencies : Invalid condition id : UX DEVICE CLASS RTOS Condition cause : null
2025-10-04 21:13:20,458 [WARN] ConditionMgr:1044 - genDependencies : Invalid condition id : UX DEVICE CLASS RTOS Condition cause : null
2025-10-04 21:13:20,458 [WARN] ConditionMgr:1044 - genDependencies : Invalid condition id : UX DEVICE CLASS RTOS Condition cause : null
2025-10-04 21:13:20,458 [WARN] ConditionMgr:1044 - genDependencies : Invalid condition id : UX DEVICE CLASS RTOS Condition cause : null
2025-10-04 21:13:20,465 [WARN] PackLoader:240 - Cannot read IP mode file for STMicroelectronics.X-CUBE-GNSS1.7.0.1
2025-10-04 21:13:20,474 [WARN] PackLoader:240 - Cannot read IP mode file for STMicroelectronics.X-CUBE-TOUCHGFX.4.25.0
2025-10-04 21:13:20,480 [WARN] PackLoader:240 - Cannot read IP mode file for STMicroelectronics.FP-SNS-STBOX1.2.0.0
2025-10-04 21:13:20,493 [WARN] PackLoader:240 - Cannot read IP mode file for STMicroelectronics.X-CUBE-SUBG2.5.0.0
2025-10-04 21:13:20,516 [WARN] PackLoader:240 - Cannot read IP mode file for STMicroelectronics.X-CUBE-AZRTOS-H7RS.1.1.0
2025-10-04 21:13:20,524 [WARN] PackLoader:240 - Cannot read IP mode file for Cesanta.I-CUBE-Mongoose.7.13.0
2025-10-04 21:13:20,538 [WARN] PackLoader:240 - Cannot read IP mode file for STMicroelectronics.X-CUBE-AZRTOS-G4.2.0.0
2025-10-04 21:13:20,544 [WARN] PackLoader:240 - Cannot read IP mode file for STMicroelectronics.X-CUBE-NFC7.2.0.0
2025-10-04 21:13:20,557 [WARN] PackLoader:240 - Cannot read IP mode file for STMicroelectronics.X-CUBE-IPS.3.1.0
2025-10-04 21:13:20,569 [WARN] PackLoader:240 - Cannot read IP mode file for STMicroelectronics.X-CUBE-ALS.1.0.2
2025-10-04 21:13:20,575 [WARN] PackLoader:240 - Cannot read IP mode file for STMicroelectronics.X-CUBE-TOUCHGFX.4.24.2
2025-10-04 21:13:20,582 [WARN] PackLoader:240 - Cannot read IP mode file for STMicroelectronics.X-CUBE-STSE01.1.0.0
2025-10-04 21:13:20,623 [WARN] PackLoader:240 - Cannot read IP mode file for wolfSSL.I-CUBE-wolfTPM.3.4.0
2025-10-04 21:13:20,631 [WARN] PackLoader:240 - Cannot read IP mode file for portGmbH.I-Cube-SoM-uGOAL.1.1.0
2025-10-04 21:13:20,643 [WARN] PackLoader:240 - Cannot read IP mode file for STMicroelectronics.X-CUBE-AZRTOS-H7RS.1.0.0
2025-10-04 21:13:20,654 [WARN] PackLoader:240 - Cannot read IP mode file for STMicroelectronics.X-CUBE-TOF1.3.4.2
2025-10-04 21:13:20,666 [WARN] PackLoader:240 - Cannot read IP mode file for STMicroelectronics.X-CUBE-TOF1.3.4.3
2025-10-04 21:13:22,647 [WARN] PackLoader:240 - Cannot read IP mode file for wolfSSL.I-CUBE-wolfSSH.1.4.17
2025-10-04 21:13:22,647 [INFO] ThirdParty:978 - Integrity check success = true
2025-10-04 21:13:22,648 [INFO] IntegrityCheckThread:100 - exiting critical section [integrity check]
2025-10-04 21:13:22,648 [INFO] IntegrityCheckThread:103 - End integrity checks thread
2025-10-04 21:58:16,322 [INFO] WebApp:194 - Connection lost
2025-10-04 22:02:52,091 [INFO] WebApp:191 - Connection restablished
