2025-10-09 21:23:15,648 [INFO] Activator:176 - 


2025-10-09 21:23:15,654 [INFO] Activator:177 - !SESSION log4j initialized
2025-10-09 21:23:22,088 [INFO] LogOutputStream:77 - [STDOUT_REDIRECT] 
2025-10-09 21:23:24,600 [INFO] ApplicationProperties:184 - Using Application install path: C:\ST\STM32CubeIDE_1.18.0\STM32CubeIDE\plugins\com.st.stm32cube.common.mx_6.15.0.202507011659
2025-10-09 21:23:24,623 [INFO] DbMcusXml:78 - Set database path to: C:\ST\STM32CubeIDE_1.18.0\STM32CubeIDE\plugins\com.st.stm32cube.common.mx_6.15.0.202507011659\\db\/mcu/
2025-10-09 21:23:24,624 [INFO] ApiDb:274 - Set plugin database path to: C:\ST\STM32CubeIDE_1.18.0\STM32CubeIDE\plugins\com.st.stm32cube.common.mx_6.15.0.202507011659\\db\/plugins/boardmanager/
2025-10-09 21:23:24,624 [WARN] ApiDb:259 - Overriding images path with different value:  => C:\ST\STM32CubeIDE_1.18.0\STM32CubeIDE\plugins\com.st.stm32cube.common.mx_6.15.0.202507011659\\db\/plugins/mcufinder/images/
2025-10-09 21:23:24,632 [INFO] ApiDb:250 - Set database path to: C:\Users\anish\.stmcufinder\plugins\mcufinder//mcu/
2025-10-09 21:23:24,634 [INFO] DbMcusAds:125 - Set database path to: C:\Users\anish\.stmcufinder\plugins\mcufinder//mcu/
2025-10-09 21:23:24,636 [INFO] CrossReferenceDbSqlite:203 - Set database path to: C:\Users\anish\.stmcufinder\plugins\mcufinder//mcu/cs/
2025-10-09 21:23:24,759 [INFO] RulesReader:64 - Compatibility file has been processed (317 Rules)
2025-10-09 21:23:24,864 [INFO] DbMcusXml:78 - Set database path to: C:\ST\STM32CubeIDE_1.18.0\STM32CubeIDE\plugins\com.st.stm32cube.common.mx_6.15.0.202507011659\\db\/mcu/
2025-10-09 21:23:24,865 [INFO] ApiDb:274 - Set plugin database path to: C:\ST\STM32CubeIDE_1.18.0\STM32CubeIDE\plugins\com.st.stm32cube.common.mx_6.15.0.202507011659\\db\/plugins/boardmanager/
2025-10-09 21:23:24,865 [INFO] ApiDb:261 - Set plugin images path to: C:\ST\STM32CubeIDE_1.18.0\STM32CubeIDE\plugins\com.st.stm32cube.common.mx_6.15.0.202507011659\\db\/plugins/mcufinder/images/
2025-10-09 21:23:24,865 [WARN] DbFile:41 - Overriding database path with different value: C:\Users\anish\.stmcufinder\plugins\mcufinder/ => C:\Users\anish\.stmcufinder\plugins\mcufinder
2025-10-09 21:23:24,865 [INFO] ApiDb:250 - Set database path to: C:\Users\anish\.stmcufinder\plugins\mcufinder//mcu/
2025-10-09 21:23:24,865 [WARN] DbFile:41 - Overriding database path with different value: C:\Users\anish\.stmcufinder\plugins\mcufinder/ => C:\Users\anish\.stmcufinder\plugins\mcufinder
2025-10-09 21:23:24,865 [INFO] DbMcusAds:125 - Set database path to: C:\Users\anish\.stmcufinder\plugins\mcufinder//mcu/
2025-10-09 21:23:24,865 [WARN] DbFile:41 - Overriding database path with different value: C:\Users\anish\.stmcufinder\plugins\mcufinder/ => C:\Users\anish\.stmcufinder\plugins\mcufinder
2025-10-09 21:23:24,865 [WARN] DbFile:41 - Overriding database path with different value: C:\Users\anish\.stmcufinder\plugins\mcufinder/ => C:\Users\anish\.stmcufinder\plugins\mcufinder
2025-10-09 21:23:24,865 [INFO] CrossReferenceDbSqlite:203 - Set database path to: C:\Users\anish\.stmcufinder\plugins\mcufinder//mcu/cs/
2025-10-09 21:23:24,945 [INFO] MainPanel:274 - HeapMemory: 268435456
2025-10-09 21:23:25,063 [INFO] DbMcusXml:78 - Set database path to: C:\ST\STM32CubeIDE_1.18.0\STM32CubeIDE\plugins\com.st.stm32cube.common.mx_6.15.0.202507011659\\db\/mcu/
2025-10-09 21:23:25,063 [INFO] ApiDb:274 - Set plugin database path to: C:\ST\STM32CubeIDE_1.18.0\STM32CubeIDE\plugins\com.st.stm32cube.common.mx_6.15.0.202507011659\\db\/plugins/boardmanager/
2025-10-09 21:23:25,063 [INFO] ApiDb:261 - Set plugin images path to: C:\ST\STM32CubeIDE_1.18.0\STM32CubeIDE\plugins\com.st.stm32cube.common.mx_6.15.0.202507011659\\db\/plugins/mcufinder/images/
2025-10-09 21:23:25,063 [WARN] DbFile:41 - Overriding database path with different value: C:\Users\anish\.stmcufinder\plugins\mcufinder/ => C:\Users\anish\.stmcufinder\plugins\mcufinder
2025-10-09 21:23:25,063 [INFO] ApiDb:250 - Set database path to: C:\Users\anish\.stmcufinder\plugins\mcufinder//mcu/
2025-10-09 21:23:25,063 [WARN] DbFile:41 - Overriding database path with different value: C:\Users\anish\.stmcufinder\plugins\mcufinder/ => C:\Users\anish\.stmcufinder\plugins\mcufinder
2025-10-09 21:23:25,064 [INFO] DbMcusAds:125 - Set database path to: C:\Users\anish\.stmcufinder\plugins\mcufinder//mcu/
2025-10-09 21:23:25,064 [WARN] DbFile:41 - Overriding database path with different value: C:\Users\anish\.stmcufinder\plugins\mcufinder/ => C:\Users\anish\.stmcufinder\plugins\mcufinder
2025-10-09 21:23:25,064 [WARN] DbFile:41 - Overriding database path with different value: C:\Users\anish\.stmcufinder\plugins\mcufinder/ => C:\Users\anish\.stmcufinder\plugins\mcufinder
2025-10-09 21:23:25,064 [INFO] CrossReferenceDbSqlite:203 - Set database path to: C:\Users\anish\.stmcufinder\plugins\mcufinder//mcu/cs/
2025-10-09 21:23:25,083 [INFO] ApplicationProperties:184 - Using Application install path: C:\ST\STM32CubeIDE_1.18.0\STM32CubeIDE\plugins\com.st.stm32cube.common.mx_6.15.0.202507011659
2025-10-09 21:23:25,084 [INFO] PluginManage:196 - Search for loadable plugins [exclusion list=, ]
2025-10-09 21:23:25,086 [INFO] PluginManage:310 - Check plugin analytics
2025-10-09 21:23:25,292 [INFO] AnalyticsPlugin:253 - Accepted Software Licenses: 
2025-10-09 21:23:25,292 [INFO] AnalyticsPlugin:255 - Accepted CMSIS Pack Licenses: 
2025-10-09 21:23:25,292 [INFO] AnalyticsPlugin:257 - Accepted Firmware Licenses: FW.F4.1.28.0
2025-10-09 21:23:25,296 [INFO] PluginManage:359 - Loaded plugin analytics (category:tool,tabindex:-1)
2025-10-09 21:23:25,298 [INFO] PluginManage:310 - Check plugin cadmodel
2025-10-09 21:23:25,304 [INFO] CADModel:105 - Init CAD model plugin
2025-10-09 21:23:25,305 [INFO] PluginManage:359 - Loaded plugin cadmodel (category:power,tabindex:5)
2025-10-09 21:23:25,305 [INFO] PluginManage:310 - Check plugin clock
2025-10-09 21:23:25,315 [INFO] PluginManage:359 - Loaded plugin clock (category:base,tabindex:2)
2025-10-09 21:23:25,315 [INFO] PluginManage:310 - Check plugin ddr
2025-10-09 21:23:25,318 [INFO] PluginManage:359 - Loaded plugin ddr (category:tool,tabindex:6)
2025-10-09 21:23:25,318 [INFO] PluginManage:310 - Check plugin filemanager
2025-10-09 21:23:25,493 [INFO] PluginManage:359 - Loaded plugin filemanager (category:base,tabindex:10)
2025-10-09 21:23:25,493 [INFO] PluginManage:310 - Check plugin ipmanager
2025-10-09 21:23:25,501 [INFO] PluginManage:359 - Loaded plugin ipmanager (category:base,tabindex:5)
2025-10-09 21:23:25,501 [INFO] PluginManage:310 - Check plugin lpbam
2025-10-09 21:23:25,510 [INFO] PluginManage:359 - Loaded plugin lpbam (category:base,tabindex:0)
2025-10-09 21:23:25,510 [INFO] PluginManage:310 - Check plugin memorymap
2025-10-09 21:23:25,528 [INFO] PluginManage:359 - Loaded plugin memorymap (category:base,tabindex:4)
2025-10-09 21:23:25,528 [INFO] PluginManage:310 - Check plugin pinoutandconfiguration
2025-10-09 21:23:25,537 [INFO] PluginManage:359 - Loaded plugin pinoutandconfiguration (category:base,tabindex:1)
2025-10-09 21:23:25,537 [INFO] PluginManage:310 - Check plugin pinoutconfig
2025-10-09 21:23:25,626 [WARN] SupportedApi:132 - Cannot load RTOS API schema: s4s-elt-must-match.1: The content of 'definitions' must match (annotation?, (simpleType | complexType)?, (unique | key | keyref)*)). A problem was found starting at: attribute.
2025-10-09 21:23:25,769 [INFO] PluginManage:359 - Loaded plugin pinoutconfig (category:base,tabindex:0)
2025-10-09 21:23:25,769 [INFO] PluginManage:310 - Check plugin power
2025-10-09 21:23:25,778 [INFO] PluginManage:359 - Loaded plugin power (category:power,tabindex:4)
2025-10-09 21:23:25,778 [INFO] PluginManage:310 - Check plugin projectmanager
2025-10-09 21:23:25,792 [INFO] PluginManage:359 - Loaded plugin projectmanager (category:projectmanager,tabindex:4)
2025-10-09 21:23:25,792 [INFO] PluginManage:310 - Check plugin rif
2025-10-09 21:23:25,802 [INFO] PluginManage:359 - Loaded plugin rif (category:base,tabindex:3)
2025-10-09 21:23:25,803 [INFO] PluginManage:310 - Check plugin thirdparty
2025-10-09 21:23:25,942 [INFO] PluginManage:359 - Loaded plugin thirdparty (category:base,tabindex:-1)
2025-10-09 21:23:25,942 [WARN] IntegrityCheckThread:84 - waiting for thirdparty lock release [integrity check]
2025-10-09 21:23:25,942 [INFO] PluginManage:310 - Check plugin tools
2025-10-09 21:23:25,943 [INFO] IntegrityCheckThread:86 - entering critical section [integrity check]
2025-10-09 21:23:25,943 [INFO] ThirdPartyUpdaterWithRetryManager:70 - Updater plugin not ready yet. [1/15]
2025-10-09 21:23:25,945 [INFO] PluginManage:359 - Loaded plugin tools (category:base,tabindex:7)
2025-10-09 21:23:25,945 [INFO] PluginManage:310 - Check plugin tutovideos
2025-10-09 21:23:26,196 [INFO] PluginManage:359 - Loaded plugin tutovideos (category:base,tabindex:-1)
2025-10-09 21:23:26,196 [INFO] PluginManage:310 - Check plugin updater
2025-10-09 21:23:26,219 [INFO] PluginManage:359 - Loaded plugin updater (category:base,tabindex:12)
2025-10-09 21:23:26,219 [INFO] PluginManage:310 - Check plugin userauth
2025-10-09 21:23:26,223 [INFO] UserAuth:118 - Init User Auth plugin
2025-10-09 21:23:26,224 [INFO] PluginManage:359 - Loaded plugin userauth (category:base,tabindex:14)
2025-10-09 21:23:26,224 [INFO] PluginManage:283 - PluginManage : Loaded plugins [18]
2025-10-09 21:23:26,466 [INFO] PinOutPanel:1589 - setPackage(No Configuration,No Configuration)
2025-10-09 21:23:26,552 [INFO] CADModel:165 - CPN selected for project level
2025-10-09 21:23:26,552 [INFO] CADModel:114 - Register for checkConnection events
2025-10-09 21:23:26,567 [INFO] IPUIPlugin:80 - create IPUIPlugin
2025-10-09 21:23:26,567 [INFO] PluginManager:220 - loadIPPluginJar : add adc
2025-10-09 21:23:26,569 [INFO] IPUIPlugin:80 - create IPUIPlugin
2025-10-09 21:23:26,569 [INFO] PluginManager:220 - loadIPPluginJar : add aes
2025-10-09 21:23:26,572 [INFO] IPUIPlugin:80 - create IPUIPlugin
2025-10-09 21:23:26,572 [INFO] PluginManager:220 - loadIPPluginJar : add can
2025-10-09 21:23:26,573 [INFO] IPUIPlugin:80 - create IPUIPlugin
2025-10-09 21:23:26,573 [INFO] PluginManager:220 - loadIPPluginJar : add comp
2025-10-09 21:23:26,575 [INFO] IPUIPlugin:80 - create IPUIPlugin
2025-10-09 21:23:26,575 [INFO] PluginManager:220 - loadIPPluginJar : add cryp
2025-10-09 21:23:26,577 [INFO] IPUIPlugin:80 - create IPUIPlugin
2025-10-09 21:23:26,577 [INFO] PluginManager:220 - loadIPPluginJar : add ddr_ctrl_phy
2025-10-09 21:23:26,579 [INFO] IPUIPlugin:80 - create IPUIPlugin
2025-10-09 21:23:26,579 [INFO] PluginManager:220 - loadIPPluginJar : add dfsdm
2025-10-09 21:23:26,583 [INFO] IPUIPlugin:80 - create IPUIPlugin
2025-10-09 21:23:26,584 [INFO] PluginManager:220 - loadIPPluginJar : add dma
2025-10-09 21:23:26,585 [INFO] IPUIPlugin:80 - create IPUIPlugin
2025-10-09 21:23:26,586 [INFO] PluginManager:220 - loadIPPluginJar : add dma3
2025-10-09 21:23:26,588 [INFO] IPUIPlugin:80 - create IPUIPlugin
2025-10-09 21:23:26,588 [INFO] PluginManager:220 - loadIPPluginJar : add extmemmanager
2025-10-09 21:23:26,589 [INFO] IPUIPlugin:80 - create IPUIPlugin
2025-10-09 21:23:26,589 [INFO] PluginManager:220 - loadIPPluginJar : add fatfs
2025-10-09 21:23:26,593 [INFO] IPUIPlugin:80 - create IPUIPlugin
2025-10-09 21:23:26,593 [INFO] PluginManager:220 - loadIPPluginJar : add fmc
2025-10-09 21:23:26,597 [INFO] IPUIPlugin:80 - create IPUIPlugin
2025-10-09 21:23:26,598 [INFO] PluginManager:220 - loadIPPluginJar : add freertos
2025-10-09 21:23:26,599 [INFO] IPUIPlugin:80 - create IPUIPlugin
2025-10-09 21:23:26,599 [INFO] PluginManager:220 - loadIPPluginJar : add genericplugin
2025-10-09 21:23:26,600 [INFO] IPUIPlugin:80 - create IPUIPlugin
2025-10-09 21:23:26,600 [INFO] PluginManager:220 - loadIPPluginJar : add gfxmmu
2025-10-09 21:23:26,604 [INFO] IPUIPlugin:80 - create IPUIPlugin
2025-10-09 21:23:26,605 [INFO] PluginManager:220 - loadIPPluginJar : add gic
2025-10-09 21:23:26,608 [INFO] IPUIPlugin:80 - create IPUIPlugin
2025-10-09 21:23:26,608 [INFO] PluginManager:220 - loadIPPluginJar : add gpio
2025-10-09 21:23:26,610 [INFO] IPUIPlugin:80 - create IPUIPlugin
2025-10-09 21:23:26,610 [INFO] PluginManager:220 - loadIPPluginJar : add gtzc
2025-10-09 21:23:26,612 [INFO] IPUIPlugin:80 - create IPUIPlugin
2025-10-09 21:23:26,612 [INFO] PluginManager:220 - loadIPPluginJar : add hash
2025-10-09 21:23:26,614 [INFO] IPUIPlugin:80 - create IPUIPlugin
2025-10-09 21:23:26,614 [INFO] PluginManager:220 - loadIPPluginJar : add i2c
2025-10-09 21:23:26,616 [INFO] IPUIPlugin:80 - create IPUIPlugin
2025-10-09 21:23:26,617 [INFO] PluginManager:220 - loadIPPluginJar : add i2s
2025-10-09 21:23:26,619 [INFO] IPUIPlugin:80 - create IPUIPlugin
2025-10-09 21:23:26,619 [INFO] PluginManager:220 - loadIPPluginJar : add i3c
2025-10-09 21:23:26,623 [INFO] IPUIPlugin:80 - create IPUIPlugin
2025-10-09 21:23:26,624 [INFO] PluginManager:220 - loadIPPluginJar : add ipddr
2025-10-09 21:23:26,631 [INFO] IPUIPlugin:80 - create IPUIPlugin
2025-10-09 21:23:26,631 [INFO] PluginManager:220 - loadIPPluginJar : add linkedlist
2025-10-09 21:23:26,634 [INFO] IPUIPlugin:80 - create IPUIPlugin
2025-10-09 21:23:26,634 [INFO] PluginManager:220 - loadIPPluginJar : add lorawan
2025-10-09 21:23:26,635 [INFO] IPUIPlugin:80 - create IPUIPlugin
2025-10-09 21:23:26,635 [INFO] PluginManager:220 - loadIPPluginJar : add ltdc
2025-10-09 21:23:26,640 [INFO] IPUIPlugin:80 - create IPUIPlugin
2025-10-09 21:23:26,640 [INFO] PluginManager:220 - loadIPPluginJar : add mdma
2025-10-09 21:23:26,643 [INFO] IPUIPlugin:80 - create IPUIPlugin
2025-10-09 21:23:26,643 [INFO] PluginManager:220 - loadIPPluginJar : add nvic
2025-10-09 21:23:26,646 [INFO] IPUIPlugin:80 - create IPUIPlugin
2025-10-09 21:23:26,646 [INFO] PluginManager:220 - loadIPPluginJar : add opamp
2025-10-09 21:23:26,649 [INFO] IPUIPlugin:80 - create IPUIPlugin
2025-10-09 21:23:26,649 [INFO] PluginManager:220 - loadIPPluginJar : add openamp
2025-10-09 21:23:26,652 [INFO] IPUIPlugin:80 - create IPUIPlugin
2025-10-09 21:23:26,652 [INFO] PluginManager:220 - loadIPPluginJar : add pdm2pcm
2025-10-09 21:23:26,657 [INFO] IPUIPlugin:80 - create IPUIPlugin
2025-10-09 21:23:26,660 [INFO] PluginManager:220 - loadIPPluginJar : add plateformsettings
2025-10-09 21:23:26,663 [INFO] IPUIPlugin:80 - create IPUIPlugin
2025-10-09 21:23:26,663 [INFO] PluginManager:220 - loadIPPluginJar : add quadspi
2025-10-09 21:23:26,664 [INFO] IPUIPlugin:80 - create IPUIPlugin
2025-10-09 21:23:26,665 [INFO] PluginManager:220 - loadIPPluginJar : add radio
2025-10-09 21:23:26,668 [INFO] IPUIPlugin:80 - create IPUIPlugin
2025-10-09 21:23:26,668 [INFO] PluginManager:220 - loadIPPluginJar : add resmgrutility
2025-10-09 21:23:26,671 [INFO] IPUIPlugin:80 - create IPUIPlugin
2025-10-09 21:23:26,671 [INFO] PluginManager:220 - loadIPPluginJar : add sai
2025-10-09 21:23:26,673 [INFO] IPUIPlugin:80 - create IPUIPlugin
2025-10-09 21:23:26,673 [INFO] PluginManager:220 - loadIPPluginJar : add spi
2025-10-09 21:23:26,679 [INFO] IPUIPlugin:80 - create IPUIPlugin
2025-10-09 21:23:26,679 [INFO] PluginManager:220 - loadIPPluginJar : add stm32_wpan
2025-10-09 21:23:26,681 [INFO] IPUIPlugin:80 - create IPUIPlugin
2025-10-09 21:23:26,681 [INFO] PluginManager:220 - loadIPPluginJar : add tim
2025-10-09 21:23:26,684 [INFO] IPUIPlugin:80 - create IPUIPlugin
2025-10-09 21:23:26,684 [INFO] PluginManager:220 - loadIPPluginJar : add touchsensing
2025-10-09 21:23:26,687 [INFO] IPUIPlugin:80 - create IPUIPlugin
2025-10-09 21:23:26,687 [INFO] PluginManager:220 - loadIPPluginJar : add tracer_emb
2025-10-09 21:23:26,688 [INFO] IPUIPlugin:80 - create IPUIPlugin
2025-10-09 21:23:26,688 [INFO] PluginManager:220 - loadIPPluginJar : add ts
2025-10-09 21:23:26,690 [INFO] IPUIPlugin:80 - create IPUIPlugin
2025-10-09 21:23:26,690 [INFO] PluginManager:220 - loadIPPluginJar : add tsc
2025-10-09 21:23:26,691 [INFO] IPUIPlugin:80 - create IPUIPlugin
2025-10-09 21:23:26,691 [INFO] PluginManager:220 - loadIPPluginJar : add ucpd
2025-10-09 21:23:26,693 [INFO] IPUIPlugin:80 - create IPUIPlugin
2025-10-09 21:23:26,693 [INFO] PluginManager:220 - loadIPPluginJar : add usart
2025-10-09 21:23:26,696 [INFO] IPUIPlugin:80 - create IPUIPlugin
2025-10-09 21:23:26,696 [INFO] PluginManager:220 - loadIPPluginJar : add usbx
2025-10-09 21:23:26,821 [FATAL] Updater:351 - Updater called before beeing initialized
2025-10-09 21:23:26,846 [INFO] RulesReader:64 - Compatibility file has been processed (317 Rules)
2025-10-09 21:23:26,857 [INFO] RulesReader:64 - Compatibility file has been processed (317 Rules)
2025-10-09 21:23:26,867 [INFO] CADModel:165 - CPN selected for project level
2025-10-09 21:23:26,867 [INFO] CADModel:114 - Register for checkConnection events
2025-10-09 21:23:26,868 [FATAL] Updater:351 - Updater called before beeing initialized
2025-10-09 21:23:26,868 [ERROR] CADModel:125 - Updater not yet initialized, retry later 
2025-10-09 21:23:27,037 [FATAL] Updater:351 - Updater called before beeing initialized
2025-10-09 21:23:27,039 [INFO] CADModel:165 - CPN selected for project level
2025-10-09 21:23:27,040 [INFO] CADModel:114 - Register for checkConnection events
2025-10-09 21:23:27,040 [FATAL] Updater:351 - Updater called before beeing initialized
2025-10-09 21:23:27,040 [ERROR] CADModel:125 - Updater not yet initialized, retry later 
2025-10-09 21:23:27,043 [FATAL] Updater:351 - Updater called before beeing initialized
2025-10-09 21:23:27,165 [FATAL] Updater:351 - Updater called before beeing initialized
2025-10-09 21:23:27,170 [INFO] DbMcusAds:53 - JSON generation date=Tue Jul 08 13:44:23 IST 2025 (1751962463524)
2025-10-09 21:23:27,170 [FATAL] Updater:351 - Updater called before beeing initialized
2025-10-09 21:23:27,214 [WARN] DetailPanel:346 - Failed to get advertising image, set to default
2025-10-09 21:23:28,944 [INFO] ThirdPartyUpdaterWithRetryManager:70 - Updater plugin not ready yet. [2/15]
2025-10-09 21:23:29,339 [FATAL] Updater:351 - Updater called before beeing initialized
2025-10-09 21:23:29,341 [FATAL] Updater:351 - Updater called before beeing initialized
2025-10-09 21:23:29,341 [FATAL] Updater:351 - Updater called before beeing initialized
2025-10-09 21:23:29,341 [WARN] DetailPanel:346 - Failed to get advertising image, set to default
2025-10-09 21:23:29,342 [FATAL] Updater:351 - Updater called before beeing initialized
2025-10-09 21:23:29,388 [ERROR] Updater:1198 - MainUpdater not yet initialized. External WinMGr cannot be set.
2025-10-09 21:23:29,391 [INFO] Updater:1134 - Updater Version found : 6.15.0
2025-10-09 21:23:29,404 [INFO] ApplicationProperties:184 - Using Application install path: C:\ST\STM32CubeIDE_1.18.0\STM32CubeIDE\plugins\com.st.stm32cube.common.mx_6.15.0.202507011659
