2025-10-08 13:27:50,102 [INFO] Activator:176 - 


2025-10-08 13:27:50,110 [INFO] Activator:177 - !SESSION log4j initialized
2025-10-08 13:27:57,021 [INFO] LogOutputStream:77 - [STDOUT_REDIRECT] 
2025-10-08 13:27:59,385 [INFO] ApplicationProperties:184 - Using Application install path: C:\ST\STM32CubeIDE_1.18.0\STM32CubeIDE\plugins\com.st.stm32cube.common.mx_6.15.0.202507011659
2025-10-08 13:27:59,409 [INFO] DbMcusXml:78 - Set database path to: C:\ST\STM32CubeIDE_1.18.0\STM32CubeIDE\plugins\com.st.stm32cube.common.mx_6.15.0.202507011659\\db\/mcu/
2025-10-08 13:27:59,409 [INFO] ApiDb:274 - Set plugin database path to: C:\ST\STM32CubeIDE_1.18.0\STM32CubeIDE\plugins\com.st.stm32cube.common.mx_6.15.0.202507011659\\db\/plugins/boardmanager/
2025-10-08 13:27:59,409 [WARN] ApiDb:259 - Overriding images path with different value:  => C:\ST\STM32CubeIDE_1.18.0\STM32CubeIDE\plugins\com.st.stm32cube.common.mx_6.15.0.202507011659\\db\/plugins/mcufinder/images/
2025-10-08 13:27:59,420 [INFO] ApiDb:250 - Set database path to: C:\Users\anish\.stmcufinder\plugins\mcufinder//mcu/
2025-10-08 13:27:59,422 [INFO] DbMcusAds:125 - Set database path to: C:\Users\anish\.stmcufinder\plugins\mcufinder//mcu/
2025-10-08 13:27:59,425 [INFO] CrossReferenceDbSqlite:203 - Set database path to: C:\Users\anish\.stmcufinder\plugins\mcufinder//mcu/cs/
2025-10-08 13:27:59,538 [INFO] RulesReader:64 - Compatibility file has been processed (317 Rules)
2025-10-08 13:27:59,634 [INFO] DbMcusXml:78 - Set database path to: C:\ST\STM32CubeIDE_1.18.0\STM32CubeIDE\plugins\com.st.stm32cube.common.mx_6.15.0.202507011659\\db\/mcu/
2025-10-08 13:27:59,634 [INFO] ApiDb:274 - Set plugin database path to: C:\ST\STM32CubeIDE_1.18.0\STM32CubeIDE\plugins\com.st.stm32cube.common.mx_6.15.0.202507011659\\db\/plugins/boardmanager/
2025-10-08 13:27:59,634 [INFO] ApiDb:261 - Set plugin images path to: C:\ST\STM32CubeIDE_1.18.0\STM32CubeIDE\plugins\com.st.stm32cube.common.mx_6.15.0.202507011659\\db\/plugins/mcufinder/images/
2025-10-08 13:27:59,634 [WARN] DbFile:41 - Overriding database path with different value: C:\Users\anish\.stmcufinder\plugins\mcufinder/ => C:\Users\anish\.stmcufinder\plugins\mcufinder
2025-10-08 13:27:59,634 [INFO] ApiDb:250 - Set database path to: C:\Users\anish\.stmcufinder\plugins\mcufinder//mcu/
2025-10-08 13:27:59,635 [WARN] DbFile:41 - Overriding database path with different value: C:\Users\anish\.stmcufinder\plugins\mcufinder/ => C:\Users\anish\.stmcufinder\plugins\mcufinder
2025-10-08 13:27:59,635 [INFO] DbMcusAds:125 - Set database path to: C:\Users\anish\.stmcufinder\plugins\mcufinder//mcu/
2025-10-08 13:27:59,635 [WARN] DbFile:41 - Overriding database path with different value: C:\Users\anish\.stmcufinder\plugins\mcufinder/ => C:\Users\anish\.stmcufinder\plugins\mcufinder
2025-10-08 13:27:59,635 [WARN] DbFile:41 - Overriding database path with different value: C:\Users\anish\.stmcufinder\plugins\mcufinder/ => C:\Users\anish\.stmcufinder\plugins\mcufinder
2025-10-08 13:27:59,635 [INFO] CrossReferenceDbSqlite:203 - Set database path to: C:\Users\anish\.stmcufinder\plugins\mcufinder//mcu/cs/
2025-10-08 13:27:59,716 [INFO] MainPanel:274 - HeapMemory: 268435456
2025-10-08 13:27:59,841 [INFO] DbMcusXml:78 - Set database path to: C:\ST\STM32CubeIDE_1.18.0\STM32CubeIDE\plugins\com.st.stm32cube.common.mx_6.15.0.202507011659\\db\/mcu/
2025-10-08 13:27:59,841 [INFO] ApiDb:274 - Set plugin database path to: C:\ST\STM32CubeIDE_1.18.0\STM32CubeIDE\plugins\com.st.stm32cube.common.mx_6.15.0.202507011659\\db\/plugins/boardmanager/
2025-10-08 13:27:59,841 [INFO] ApiDb:261 - Set plugin images path to: C:\ST\STM32CubeIDE_1.18.0\STM32CubeIDE\plugins\com.st.stm32cube.common.mx_6.15.0.202507011659\\db\/plugins/mcufinder/images/
2025-10-08 13:27:59,841 [WARN] DbFile:41 - Overriding database path with different value: C:\Users\anish\.stmcufinder\plugins\mcufinder/ => C:\Users\anish\.stmcufinder\plugins\mcufinder
2025-10-08 13:27:59,842 [INFO] ApiDb:250 - Set database path to: C:\Users\anish\.stmcufinder\plugins\mcufinder//mcu/
2025-10-08 13:27:59,842 [WARN] DbFile:41 - Overriding database path with different value: C:\Users\anish\.stmcufinder\plugins\mcufinder/ => C:\Users\anish\.stmcufinder\plugins\mcufinder
2025-10-08 13:27:59,842 [INFO] DbMcusAds:125 - Set database path to: C:\Users\anish\.stmcufinder\plugins\mcufinder//mcu/
2025-10-08 13:27:59,842 [WARN] DbFile:41 - Overriding database path with different value: C:\Users\anish\.stmcufinder\plugins\mcufinder/ => C:\Users\anish\.stmcufinder\plugins\mcufinder
2025-10-08 13:27:59,842 [WARN] DbFile:41 - Overriding database path with different value: C:\Users\anish\.stmcufinder\plugins\mcufinder/ => C:\Users\anish\.stmcufinder\plugins\mcufinder
2025-10-08 13:27:59,842 [INFO] CrossReferenceDbSqlite:203 - Set database path to: C:\Users\anish\.stmcufinder\plugins\mcufinder//mcu/cs/
2025-10-08 13:27:59,863 [INFO] ApplicationProperties:184 - Using Application install path: C:\ST\STM32CubeIDE_1.18.0\STM32CubeIDE\plugins\com.st.stm32cube.common.mx_6.15.0.202507011659
2025-10-08 13:27:59,865 [INFO] PluginManage:196 - Search for loadable plugins [exclusion list=, ]
2025-10-08 13:27:59,866 [INFO] PluginManage:310 - Check plugin analytics
2025-10-08 13:28:00,104 [INFO] AnalyticsPlugin:253 - Accepted Software Licenses: 
2025-10-08 13:28:00,104 [INFO] AnalyticsPlugin:255 - Accepted CMSIS Pack Licenses: 
2025-10-08 13:28:00,105 [INFO] AnalyticsPlugin:257 - Accepted Firmware Licenses: FW.F4.1.28.0
2025-10-08 13:28:00,109 [INFO] PluginManage:359 - Loaded plugin analytics (category:tool,tabindex:-1)
2025-10-08 13:28:00,110 [INFO] PluginManage:310 - Check plugin cadmodel
2025-10-08 13:28:00,118 [INFO] CADModel:105 - Init CAD model plugin
2025-10-08 13:28:00,118 [INFO] PluginManage:359 - Loaded plugin cadmodel (category:power,tabindex:5)
2025-10-08 13:28:00,118 [INFO] PluginManage:310 - Check plugin clock
2025-10-08 13:28:00,132 [INFO] PluginManage:359 - Loaded plugin clock (category:base,tabindex:2)
2025-10-08 13:28:00,132 [INFO] PluginManage:310 - Check plugin ddr
2025-10-08 13:28:00,137 [INFO] PluginManage:359 - Loaded plugin ddr (category:tool,tabindex:6)
2025-10-08 13:28:00,137 [INFO] PluginManage:310 - Check plugin filemanager
2025-10-08 13:28:00,306 [INFO] PluginManage:359 - Loaded plugin filemanager (category:base,tabindex:10)
2025-10-08 13:28:00,307 [INFO] PluginManage:310 - Check plugin ipmanager
2025-10-08 13:28:00,315 [INFO] PluginManage:359 - Loaded plugin ipmanager (category:base,tabindex:5)
2025-10-08 13:28:00,315 [INFO] PluginManage:310 - Check plugin lpbam
2025-10-08 13:28:00,325 [INFO] PluginManage:359 - Loaded plugin lpbam (category:base,tabindex:0)
2025-10-08 13:28:00,325 [INFO] PluginManage:310 - Check plugin memorymap
2025-10-08 13:28:00,342 [INFO] PluginManage:359 - Loaded plugin memorymap (category:base,tabindex:4)
2025-10-08 13:28:00,342 [INFO] PluginManage:310 - Check plugin pinoutandconfiguration
2025-10-08 13:28:00,353 [INFO] PluginManage:359 - Loaded plugin pinoutandconfiguration (category:base,tabindex:1)
2025-10-08 13:28:00,353 [INFO] PluginManage:310 - Check plugin pinoutconfig
2025-10-08 13:28:00,459 [WARN] SupportedApi:132 - Cannot load RTOS API schema: s4s-elt-must-match.1: The content of 'definitions' must match (annotation?, (simpleType | complexType)?, (unique | key | keyref)*)). A problem was found starting at: attribute.
2025-10-08 13:28:00,637 [INFO] PluginManage:359 - Loaded plugin pinoutconfig (category:base,tabindex:0)
2025-10-08 13:28:00,638 [INFO] PluginManage:310 - Check plugin power
2025-10-08 13:28:00,650 [INFO] PluginManage:359 - Loaded plugin power (category:power,tabindex:4)
2025-10-08 13:28:00,650 [INFO] PluginManage:310 - Check plugin projectmanager
2025-10-08 13:28:00,668 [INFO] PluginManage:359 - Loaded plugin projectmanager (category:projectmanager,tabindex:4)
2025-10-08 13:28:00,669 [INFO] PluginManage:310 - Check plugin rif
2025-10-08 13:28:00,681 [INFO] PluginManage:359 - Loaded plugin rif (category:base,tabindex:3)
2025-10-08 13:28:00,681 [INFO] PluginManage:310 - Check plugin thirdparty
2025-10-08 13:28:00,848 [INFO] PluginManage:359 - Loaded plugin thirdparty (category:base,tabindex:-1)
2025-10-08 13:28:00,848 [WARN] IntegrityCheckThread:84 - waiting for thirdparty lock release [integrity check]
2025-10-08 13:28:00,848 [INFO] PluginManage:310 - Check plugin tools
2025-10-08 13:28:00,848 [INFO] IntegrityCheckThread:86 - entering critical section [integrity check]
2025-10-08 13:28:00,848 [INFO] ThirdPartyUpdaterWithRetryManager:70 - Updater plugin not ready yet. [1/15]
2025-10-08 13:28:00,852 [INFO] PluginManage:359 - Loaded plugin tools (category:base,tabindex:7)
2025-10-08 13:28:00,852 [INFO] PluginManage:310 - Check plugin tutovideos
2025-10-08 13:28:01,102 [INFO] PluginManage:359 - Loaded plugin tutovideos (category:base,tabindex:-1)
2025-10-08 13:28:01,102 [INFO] PluginManage:310 - Check plugin updater
2025-10-08 13:28:01,127 [INFO] PluginManage:359 - Loaded plugin updater (category:base,tabindex:12)
2025-10-08 13:28:01,127 [INFO] PluginManage:310 - Check plugin userauth
2025-10-08 13:28:01,131 [INFO] UserAuth:118 - Init User Auth plugin
2025-10-08 13:28:01,132 [INFO] PluginManage:359 - Loaded plugin userauth (category:base,tabindex:14)
2025-10-08 13:28:01,132 [INFO] PluginManage:283 - PluginManage : Loaded plugins [18]
2025-10-08 13:28:01,358 [INFO] PinOutPanel:1589 - setPackage(No Configuration,No Configuration)
2025-10-08 13:28:01,449 [INFO] CADModel:165 - CPN selected for project level
2025-10-08 13:28:01,449 [INFO] CADModel:114 - Register for checkConnection events
2025-10-08 13:28:01,470 [INFO] IPUIPlugin:80 - create IPUIPlugin
2025-10-08 13:28:01,470 [INFO] PluginManager:220 - loadIPPluginJar : add adc
2025-10-08 13:28:01,473 [INFO] IPUIPlugin:80 - create IPUIPlugin
2025-10-08 13:28:01,473 [INFO] PluginManager:220 - loadIPPluginJar : add aes
2025-10-08 13:28:01,476 [INFO] IPUIPlugin:80 - create IPUIPlugin
2025-10-08 13:28:01,477 [INFO] PluginManager:220 - loadIPPluginJar : add can
2025-10-08 13:28:01,479 [INFO] IPUIPlugin:80 - create IPUIPlugin
2025-10-08 13:28:01,479 [INFO] PluginManager:220 - loadIPPluginJar : add comp
2025-10-08 13:28:01,482 [INFO] IPUIPlugin:80 - create IPUIPlugin
2025-10-08 13:28:01,482 [INFO] PluginManager:220 - loadIPPluginJar : add cryp
2025-10-08 13:28:01,486 [INFO] IPUIPlugin:80 - create IPUIPlugin
2025-10-08 13:28:01,486 [INFO] PluginManager:220 - loadIPPluginJar : add ddr_ctrl_phy
2025-10-08 13:28:01,488 [INFO] IPUIPlugin:80 - create IPUIPlugin
2025-10-08 13:28:01,489 [INFO] PluginManager:220 - loadIPPluginJar : add dfsdm
2025-10-08 13:28:01,494 [INFO] IPUIPlugin:80 - create IPUIPlugin
2025-10-08 13:28:01,495 [INFO] PluginManager:220 - loadIPPluginJar : add dma
2025-10-08 13:28:01,499 [INFO] IPUIPlugin:80 - create IPUIPlugin
2025-10-08 13:28:01,499 [INFO] PluginManager:220 - loadIPPluginJar : add dma3
2025-10-08 13:28:01,502 [INFO] IPUIPlugin:80 - create IPUIPlugin
2025-10-08 13:28:01,502 [INFO] PluginManager:220 - loadIPPluginJar : add extmemmanager
2025-10-08 13:28:01,503 [INFO] IPUIPlugin:80 - create IPUIPlugin
2025-10-08 13:28:01,503 [INFO] PluginManager:220 - loadIPPluginJar : add fatfs
2025-10-08 13:28:01,509 [INFO] IPUIPlugin:80 - create IPUIPlugin
2025-10-08 13:28:01,509 [INFO] PluginManager:220 - loadIPPluginJar : add fmc
2025-10-08 13:28:01,516 [INFO] IPUIPlugin:80 - create IPUIPlugin
2025-10-08 13:28:01,517 [INFO] PluginManager:220 - loadIPPluginJar : add freertos
2025-10-08 13:28:01,519 [INFO] IPUIPlugin:80 - create IPUIPlugin
2025-10-08 13:28:01,519 [INFO] PluginManager:220 - loadIPPluginJar : add genericplugin
2025-10-08 13:28:01,521 [INFO] IPUIPlugin:80 - create IPUIPlugin
2025-10-08 13:28:01,521 [INFO] PluginManager:220 - loadIPPluginJar : add gfxmmu
2025-10-08 13:28:01,527 [INFO] IPUIPlugin:80 - create IPUIPlugin
2025-10-08 13:28:01,527 [INFO] PluginManager:220 - loadIPPluginJar : add gic
2025-10-08 13:28:01,532 [INFO] IPUIPlugin:80 - create IPUIPlugin
2025-10-08 13:28:01,533 [INFO] PluginManager:220 - loadIPPluginJar : add gpio
2025-10-08 13:28:01,537 [INFO] IPUIPlugin:80 - create IPUIPlugin
2025-10-08 13:28:01,537 [INFO] PluginManager:220 - loadIPPluginJar : add gtzc
2025-10-08 13:28:01,540 [INFO] IPUIPlugin:80 - create IPUIPlugin
2025-10-08 13:28:01,540 [INFO] PluginManager:220 - loadIPPluginJar : add hash
2025-10-08 13:28:01,543 [INFO] IPUIPlugin:80 - create IPUIPlugin
2025-10-08 13:28:01,543 [INFO] PluginManager:220 - loadIPPluginJar : add i2c
2025-10-08 13:28:01,546 [INFO] IPUIPlugin:80 - create IPUIPlugin
2025-10-08 13:28:01,546 [INFO] PluginManager:220 - loadIPPluginJar : add i2s
2025-10-08 13:28:01,550 [INFO] IPUIPlugin:80 - create IPUIPlugin
2025-10-08 13:28:01,550 [INFO] PluginManager:220 - loadIPPluginJar : add i3c
2025-10-08 13:28:01,553 [INFO] IPUIPlugin:80 - create IPUIPlugin
2025-10-08 13:28:01,554 [INFO] PluginManager:220 - loadIPPluginJar : add ipddr
2025-10-08 13:28:01,561 [INFO] IPUIPlugin:80 - create IPUIPlugin
2025-10-08 13:28:01,561 [INFO] PluginManager:220 - loadIPPluginJar : add linkedlist
2025-10-08 13:28:01,565 [INFO] IPUIPlugin:80 - create IPUIPlugin
2025-10-08 13:28:01,565 [INFO] PluginManager:220 - loadIPPluginJar : add lorawan
2025-10-08 13:28:01,568 [INFO] IPUIPlugin:80 - create IPUIPlugin
2025-10-08 13:28:01,568 [INFO] PluginManager:220 - loadIPPluginJar : add ltdc
2025-10-08 13:28:01,574 [INFO] IPUIPlugin:80 - create IPUIPlugin
2025-10-08 13:28:01,574 [INFO] PluginManager:220 - loadIPPluginJar : add mdma
2025-10-08 13:28:01,578 [INFO] IPUIPlugin:80 - create IPUIPlugin
2025-10-08 13:28:01,578 [INFO] PluginManager:220 - loadIPPluginJar : add nvic
2025-10-08 13:28:01,583 [INFO] IPUIPlugin:80 - create IPUIPlugin
2025-10-08 13:28:01,583 [INFO] PluginManager:220 - loadIPPluginJar : add opamp
2025-10-08 13:28:01,586 [INFO] IPUIPlugin:80 - create IPUIPlugin
2025-10-08 13:28:01,586 [INFO] PluginManager:220 - loadIPPluginJar : add openamp
2025-10-08 13:28:01,590 [INFO] IPUIPlugin:80 - create IPUIPlugin
2025-10-08 13:28:01,590 [INFO] PluginManager:220 - loadIPPluginJar : add pdm2pcm
2025-10-08 13:28:01,597 [INFO] IPUIPlugin:80 - create IPUIPlugin
2025-10-08 13:28:01,600 [INFO] PluginManager:220 - loadIPPluginJar : add plateformsettings
2025-10-08 13:28:01,602 [INFO] IPUIPlugin:80 - create IPUIPlugin
2025-10-08 13:28:01,602 [INFO] PluginManager:220 - loadIPPluginJar : add quadspi
2025-10-08 13:28:01,604 [INFO] IPUIPlugin:80 - create IPUIPlugin
2025-10-08 13:28:01,605 [INFO] PluginManager:220 - loadIPPluginJar : add radio
2025-10-08 13:28:01,610 [INFO] IPUIPlugin:80 - create IPUIPlugin
2025-10-08 13:28:01,610 [INFO] PluginManager:220 - loadIPPluginJar : add resmgrutility
2025-10-08 13:28:01,614 [INFO] IPUIPlugin:80 - create IPUIPlugin
2025-10-08 13:28:01,614 [INFO] PluginManager:220 - loadIPPluginJar : add sai
2025-10-08 13:28:01,617 [INFO] IPUIPlugin:80 - create IPUIPlugin
2025-10-08 13:28:01,617 [INFO] PluginManager:220 - loadIPPluginJar : add spi
2025-10-08 13:28:01,624 [INFO] IPUIPlugin:80 - create IPUIPlugin
2025-10-08 13:28:01,624 [INFO] PluginManager:220 - loadIPPluginJar : add stm32_wpan
2025-10-08 13:28:01,626 [INFO] IPUIPlugin:80 - create IPUIPlugin
2025-10-08 13:28:01,626 [INFO] PluginManager:220 - loadIPPluginJar : add tim
2025-10-08 13:28:01,630 [INFO] IPUIPlugin:80 - create IPUIPlugin
2025-10-08 13:28:01,630 [INFO] PluginManager:220 - loadIPPluginJar : add touchsensing
2025-10-08 13:28:01,633 [INFO] IPUIPlugin:80 - create IPUIPlugin
2025-10-08 13:28:01,633 [INFO] PluginManager:220 - loadIPPluginJar : add tracer_emb
2025-10-08 13:28:01,635 [INFO] IPUIPlugin:80 - create IPUIPlugin
2025-10-08 13:28:01,635 [INFO] PluginManager:220 - loadIPPluginJar : add ts
2025-10-08 13:28:01,637 [INFO] IPUIPlugin:80 - create IPUIPlugin
2025-10-08 13:28:01,638 [INFO] PluginManager:220 - loadIPPluginJar : add tsc
2025-10-08 13:28:01,640 [INFO] IPUIPlugin:80 - create IPUIPlugin
2025-10-08 13:28:01,640 [INFO] PluginManager:220 - loadIPPluginJar : add ucpd
2025-10-08 13:28:01,643 [INFO] IPUIPlugin:80 - create IPUIPlugin
2025-10-08 13:28:01,643 [INFO] PluginManager:220 - loadIPPluginJar : add usart
2025-10-08 13:28:01,647 [INFO] IPUIPlugin:80 - create IPUIPlugin
2025-10-08 13:28:01,647 [INFO] PluginManager:220 - loadIPPluginJar : add usbx
2025-10-08 13:28:01,782 [FATAL] Updater:351 - Updater called before beeing initialized
2025-10-08 13:28:01,822 [INFO] RulesReader:64 - Compatibility file has been processed (317 Rules)
2025-10-08 13:28:01,832 [INFO] RulesReader:64 - Compatibility file has been processed (317 Rules)
2025-10-08 13:28:01,843 [INFO] CADModel:165 - CPN selected for project level
2025-10-08 13:28:01,843 [INFO] CADModel:114 - Register for checkConnection events
2025-10-08 13:28:01,843 [FATAL] Updater:351 - Updater called before beeing initialized
2025-10-08 13:28:01,844 [ERROR] CADModel:125 - Updater not yet initialized, retry later 
2025-10-08 13:28:02,036 [FATAL] Updater:351 - Updater called before beeing initialized
2025-10-08 13:28:02,039 [INFO] CADModel:165 - CPN selected for project level
2025-10-08 13:28:02,039 [INFO] CADModel:114 - Register for checkConnection events
2025-10-08 13:28:02,039 [FATAL] Updater:351 - Updater called before beeing initialized
2025-10-08 13:28:02,039 [ERROR] CADModel:125 - Updater not yet initialized, retry later 
2025-10-08 13:28:02,044 [FATAL] Updater:351 - Updater called before beeing initialized
2025-10-08 13:28:02,189 [FATAL] Updater:351 - Updater called before beeing initialized
2025-10-08 13:28:02,193 [INFO] DbMcusAds:53 - JSON generation date=Tue Jul 08 13:44:23 IST 2025 (1751962463524)
2025-10-08 13:28:02,193 [FATAL] Updater:351 - Updater called before beeing initialized
2025-10-08 13:28:02,231 [WARN] DetailPanel:346 - Failed to get advertising image, set to default
2025-10-08 13:28:02,317 [FATAL] Updater:351 - Updater called before beeing initialized
2025-10-08 13:28:02,319 [FATAL] Updater:351 - Updater called before beeing initialized
2025-10-08 13:28:02,319 [FATAL] Updater:351 - Updater called before beeing initialized
2025-10-08 13:28:02,319 [WARN] DetailPanel:346 - Failed to get advertising image, set to default
2025-10-08 13:28:02,321 [FATAL] Updater:351 - Updater called before beeing initialized
2025-10-08 13:28:02,371 [ERROR] Updater:1198 - MainUpdater not yet initialized. External WinMGr cannot be set.
2025-10-08 13:28:02,374 [INFO] Updater:1134 - Updater Version found : 6.15.0
2025-10-08 13:28:02,391 [INFO] ApplicationProperties:184 - Using Application install path: C:\ST\STM32CubeIDE_1.18.0\STM32CubeIDE\plugins\com.st.stm32cube.common.mx_6.15.0.202507011659
2025-10-08 13:28:03,849 [INFO] ThirdPartyUpdaterWithRetryManager:70 - Updater plugin not ready yet. [2/15]
2025-10-08 13:28:03,964 [ERROR] LogOutputStream:75 - [STDERR_REDIRECT] Oct 08, 2025 1:28:03 PM java.util.prefs.WindowsPreferences <init>
2025-10-08 13:28:03,965 [ERROR] LogOutputStream:75 - [STDERR_REDIRECT] WARNING: Could not open/create prefs root node Software\JavaSoft\Prefs at root 0xffffffff80000002. Windows RegCreateKeyEx(...) returned error code 5.
2025-10-08 13:28:03,965 [ERROR] LogOutputStream:75 - [STDERR_REDIRECT] 
2025-10-08 13:28:04,547 [INFO] MainUpdater:2872 - connection check result : 10
2025-10-08 13:28:04,548 [INFO] MainUpdater:289 - Updater Check For Update Now.
2025-10-08 13:28:04,548 [INFO] MicroXplorer:498 - Change Database Version : DB.6.0.150
2025-10-08 13:28:04,553 [INFO] McuFinderGlobals:63 - Set McuFinder mode to 2 (CubeIDE integrated)
2025-10-08 13:28:04,554 [INFO] UserAuth:487 - Internet connection configuration mode: 1
2025-10-08 13:28:04,584 [INFO] JxBrowserEngine:152 - Initiate JxBrowser Engine with user profile folder
2025-10-08 13:28:04,730 [INFO] CheckServerUpdateThread:120 - End of CheckServer Thread
2025-10-08 13:28:05,878 [INFO] WebApp:169 - Instantiating new browser for Auth
2025-10-08 13:28:06,659 [INFO] WebApp:463 - Apply proxy settings
2025-10-08 13:28:06,660 [INFO] WebApp:548 - Chromium requires no authentication
2025-10-08 13:28:06,673 [INFO] WebApp:491 - Direct internet connection detected
2025-10-08 13:28:06,699 [INFO] WebApp:900 - Register for checkConnection events
2025-10-08 13:28:06,699 [INFO] WebApp:463 - Apply proxy settings
2025-10-08 13:28:06,699 [INFO] WebApp:548 - Chromium requires no authentication
2025-10-08 13:28:06,700 [INFO] WebApp:491 - Direct internet connection detected
2025-10-08 13:28:06,894 [INFO] WebApp:225 - Starting web application
2025-10-08 13:28:06,895 [INFO] WebApp:593 - Web application path used C:\ST\STM32CubeIDE_1.18.0\STM32CubeIDE\plugins\com.st.stm32cube.common.mx_6.15.0.202507011659\db\plugins\mcufinder\reactClient1\index.html
2025-10-08 13:28:07,135 [INFO] UserAuth:487 - Internet connection configuration mode: 1
2025-10-08 13:28:07,228 [WARN] PackLoader:240 - Cannot read IP mode file for STMicroelectronics.FP-SNS-MOTENVWB1.1.4.0
2025-10-08 13:28:07,242 [WARN] PackLoader:240 - Cannot read IP mode file for STMicroelectronics.FP-ATR-ASTRA1.2.0.2
2025-10-08 13:28:07,248 [WARN] PackLoader:240 - Cannot read IP mode file for STMicroelectronics.FP-ATR-ASTRA1.2.0.1
2025-10-08 13:28:07,260 [INFO] WebApp:191 - Connection restablished
2025-10-08 13:28:07,262 [WARN] PackLoader:240 - Cannot read IP mode file for STMicroelectronics.X-CUBE-SMBUS.2.1.0
2025-10-08 13:28:07,275 [WARN] PackLoader:240 - Cannot read IP mode file for STMicroelectronics.X-CUBE-WB05N.1.1.0
2025-10-08 13:28:07,284 [WARN] PackLoader:240 - Cannot read IP mode file for STMicroelectronics.X-CUBE-ST60.1.0.0
2025-10-08 13:28:07,334 [WARN] PackLoader:240 - Cannot read IP mode file for STMicroelectronics.X-CUBE-AZRTOS-F7.1.1.0
2025-10-08 13:28:07,344 [WARN] PackLoader:240 - Cannot read IP mode file for STMicroelectronics.FP-SNS-FLIGHT1.5.0.2
2025-10-08 13:28:07,379 [WARN] PackLoader:240 - Cannot read IP mode file for Infineon.AIROC-Wi-Fi-Bluetooth-STM32.1.7.0
2025-10-08 13:28:07,416 [WARN] PackLoader:240 - Cannot read IP mode file for STMicroelectronics.X-CUBE-AZRTOS-H7.3.4.0
2025-10-08 13:28:07,432 [WARN] PackLoader:240 - Cannot read IP mode file for STMicroelectronics.X-CUBE-DISPLAY.3.0.0
2025-10-08 13:28:07,445 [WARN] PackLoader:240 - Cannot read IP mode file for STMicroelectronics.X-CUBE-BLE1.7.0.0
2025-10-08 13:28:07,457 [WARN] PackLoader:240 - Cannot read IP mode file for STMicroelectronics.X-CUBE-NFC10.1.0.0
2025-10-08 13:28:07,473 [WARN] PackLoader:240 - Cannot read IP mode file for STMicroelectronics.X-CUBE-BLEMGR.4.0.0
2025-10-08 13:28:07,484 [WARN] PackLoader:240 - Cannot read IP mode file for emotas.I-CUBE-CANOPEN.1.3.0
2025-10-08 13:28:07,491 [WARN] PackLoader:240 - Cannot read IP mode file for STMicroelectronics.X-CUBE-AI.10.0.0
2025-10-08 13:28:07,501 [WARN] PackLoader:240 - Cannot read IP mode file for STMicroelectronics.FP-SNS-STBOX1.2.1.0
2025-10-08 13:28:07,511 [WARN] PackLoader:240 - Cannot read IP mode file for STMicroelectronics.FP-SNS-SMARTAG2.1.2.0
2025-10-08 13:28:07,518 [WARN] PackLoader:240 - Cannot read IP mode file for STMicroelectronics.FP-SNS-FLIGHT1.5.1.0
2025-10-08 13:28:07,594 [WARN] PackLoader:240 - Cannot read IP mode file for STMicroelectronics.X-CUBE-MEMS1.11.1.0
2025-10-08 13:28:07,832 [INFO] LogOutputStream:77 - [STDOUT_REDIRECT] 1 : Invalid condition id : UX_CORESTACK_Condition cause : null
2025-10-08 13:28:07,835 [INFO] LogOutputStream:77 - [STDOUT_REDIRECT] 1 : Invalid condition id : UX_CORESTACK_Condition cause : null
2025-10-08 13:28:07,839 [INFO] LogOutputStream:77 - [STDOUT_REDIRECT] 1 : Invalid condition id : UX_CORESTACK_Condition cause : null
2025-10-08 13:28:07,841 [INFO] LogOutputStream:77 - [STDOUT_REDIRECT] 1 : Invalid condition id : UX_CORESTACK_Condition cause : null
2025-10-08 13:28:07,845 [INFO] LogOutputStream:77 - [STDOUT_REDIRECT] 1 : Invalid condition id : UX_CORESTACK_Condition cause : null
2025-10-08 13:28:07,850 [WARN] PackLoader:240 - Cannot read IP mode file for STMicroelectronics.X-CUBE-AZRTOS-WL.2.0.0
2025-10-08 13:28:07,861 [WARN] PackLoader:240 - Cannot read IP mode file for STMicroelectronics.FP-SNS-MOTENV1.5.0.0
2025-10-08 13:28:07,905 [WARN] PackLoader:240 - Cannot read IP mode file for wolfSSL.I-CUBE-wolfMQTT.1.19.0
2025-10-08 13:28:07,927 [WARN] PackLoader:240 - Cannot read IP mode file for WES.I-CUBE-Cesium.1.3.0
2025-10-08 13:28:07,939 [WARN] PackLoader:240 - Cannot read IP mode file for STMicroelectronics.X-CUBE-BLE2.3.3.0
2025-10-08 13:28:07,955 [WARN] PackLoader:240 - Cannot read IP mode file for STMicroelectronics.X-CUBE-NFC9.1.0.0
2025-10-08 13:28:07,967 [WARN] PackLoader:240 - Cannot read IP mode file for STMicroelectronics.X-CUBE-BLE1.7.1.0
2025-10-08 13:28:07,977 [WARN] PackLoader:240 - Cannot read IP mode file for STMicroelectronics.X-CUBE-EEPRMA1.5.2.0
2025-10-08 13:28:07,985 [WARN] PackLoader:240 - Cannot read IP mode file for STMicroelectronics.X-CUBE-AI.10.1.0
2025-10-08 13:28:08,078 [WARN] PackLoader:240 - Cannot read IP mode file for STMicroelectronics.X-CUBE-MEMS1.11.2.0
2025-10-08 13:28:08,256 [WARN] PackLoader:240 - Cannot read IP mode file for STMicroelectronics.X-CUBE-AZRTOS-G0.1.1.0
2025-10-08 13:28:08,268 [WARN] PackLoader:240 - Cannot read IP mode file for STMicroelectronics.X-CUBE-SAFEA1.1.2.2
2025-10-08 13:28:08,277 [WARN] PackLoader:240 - Cannot read IP mode file for STMicroelectronics.X-CUBE-NFC4.3.0.0
2025-10-08 13:28:08,292 [WARN] PackLoader:240 - Cannot read IP mode file for EmbeddedOffice.I-CUBE-FS-RTOS.1.0.1
2025-10-08 13:28:08,299 [WARN] PackLoader:240 - Cannot read IP mode file for STMicroelectronics.X-CUBE-WB05N.2.0.0
2025-10-08 13:28:08,308 [WARN] PackLoader:240 - Cannot read IP mode file for STMicroelectronics.X-CUBE-TCPP.4.2.0
2025-10-08 13:28:08,317 [WARN] PackLoader:240 - Cannot read IP mode file for RealThread.X-CUBE-RT-Thread_Nano.4.1.1
2025-10-08 13:28:08,325 [WARN] PackLoader:240 - Cannot read IP mode file for STMicroelectronics.FP-ATR-SIGFOX1.3.2.0
2025-10-08 13:28:08,334 [WARN] ConditionMgr:438 - getConditionDescription Invalid condition id : Cortex-A Device cause : null
2025-10-08 13:28:08,360 [WARN] ConditionMgr:1044 - genDependencies : Invalid condition id : Cortex-A Device cause : null
2025-10-08 13:28:08,361 [WARN] ConditionMgr:1044 - genDependencies : Invalid condition id : Cortex-A Device cause : null
2025-10-08 13:28:08,361 [WARN] ConditionMgr:1044 - genDependencies : Invalid condition id : Cortex-A Device cause : null
2025-10-08 13:28:08,379 [WARN] PackLoader:240 - Cannot read IP mode file for STMicroelectronics.X-CUBE-EEPRMA1.5.1.0
2025-10-08 13:28:08,388 [WARN] PackLoader:240 - Cannot read IP mode file for wolfSSL.I-CUBE-wolfSSL.5.7.4
2025-10-08 13:28:08,399 [WARN] PackLoader:240 - Cannot read IP mode file for ITTIA_DB.I-CUBE-ITTIADB.8.9.0
2025-10-08 13:28:08,414 [WARN] PackLoader:240 - Cannot read IP mode file for STMicroelectronics.X-CUBE-ST67W61.1.0.0
2025-10-08 13:28:08,421 [WARN] PackLoader:240 - Cannot read IP mode file for STMicroelectronics.X-CUBE-AI.10.2.0
2025-10-08 13:28:08,451 [WARN] PackLoader:240 - Cannot read IP mode file for SEGGER.I-CUBE-embOS.1.3.1
2025-10-08 13:28:08,502 [WARN] PackLoader:240 - Cannot read IP mode file for STMicroelectronics.X-CUBE-ALGOBUILD.1.4.0
2025-10-08 13:28:08,561 [WARN] PackLoader:240 - Cannot read IP mode file for STMicroelectronics.X-CUBE-MEMS1.11.3.0
2025-10-08 13:28:08,693 [WARN] PackLoader:240 - Cannot read IP mode file for STMicroelectronics.X-CUBE-AI.9.1.0
2025-10-08 13:28:08,700 [WARN] PackLoader:240 - Cannot read IP mode file for STMicroelectronics.X-CUBE-PM33A1.1.0.0
2025-10-08 13:28:08,723 [WARN] PackLoader:240 - Cannot read IP mode file for STMicroelectronics.X-CUBE-AZRTOS-F4.1.1.0
2025-10-08 13:28:08,738 [WARN] PackLoader:240 - Cannot read IP mode file for Avnet-IotConnect.X-CUBE-IoTC-DA16k-PMOD.1.0.0
2025-10-08 13:28:08,747 [WARN] PackLoader:240 - Cannot read IP mode file for STMicroelectronics.X-CUBE-ISPU.2.1.0
2025-10-08 13:28:08,784 [WARN] PackLoader:240 - Cannot read IP mode file for STMicroelectronics.X-CUBE-NFC12.1.0.0
2025-10-08 13:28:08,824 [WARN] PackLoader:240 - Cannot read IP mode file for STMicroelectronics.X-CUBE-AZRTOS-L5.2.0.0
2025-10-08 13:28:08,839 [WARN] PackLoader:240 - Cannot read IP mode file for STMicroelectronics.X-CUBE-NFC6.3.1.0
2025-10-08 13:28:08,851 [WARN] PackLoader:240 - Cannot read IP mode file for STMicroelectronics.X-CUBE-DPower.1.2.0
2025-10-08 13:28:08,860 [WARN] PackLoader:240 - Cannot read IP mode file for STMicroelectronics.X-CUBE-FREERTOS.1.3.1
2025-10-08 13:28:08,866 [WARN] PackLoader:240 - Cannot read IP mode file for STMicroelectronics.X-CUBE-FREERTOS.1.3.0
2025-10-08 13:28:08,875 [WARN] PackLoader:240 - Cannot read IP mode file for STMicroelectronics.X-CUBE-NFC7.1.0.1
2025-10-08 13:28:08,884 [WARN] PackLoader:240 - Cannot read IP mode file for STMicroelectronics.X-CUBE-DPower.1.3.0
2025-10-08 13:28:08,907 [WARN] ConditionMgr:438 - getConditionDescription Invalid condition id : LAN8742 Phy interface Condition cause : null
2025-10-08 13:28:08,909 [WARN] PackLoader:240 - Cannot read IP mode file for STMicroelectronics.X-CUBE-AZRTOS-L4.2.0.0
2025-10-08 13:28:08,911 [WARN] ConditionMgr:1044 - genDependencies : Invalid condition id : LAN8742 Phy interface Condition cause : null
2025-10-08 13:28:08,912 [WARN] ConditionMgr:1044 - genDependencies : Invalid condition id : LAN8742 Phy interface Condition cause : null
2025-10-08 13:28:08,913 [WARN] ConditionMgr:1044 - genDependencies : Invalid condition id : LAN8742 Phy interface Condition cause : null
2025-10-08 13:28:08,924 [WARN] PackLoader:240 - Cannot read IP mode file for STMicroelectronics.X-CUBE-SFXS2LP1.4.0.0
2025-10-08 13:28:08,951 [WARN] PackLoader:240 - Cannot read IP mode file for STMicroelectronics.X-CUBE-AZRTOS-H7.3.3.0
2025-10-08 13:28:08,975 [WARN] ConditionMgr:438 - getConditionDescription Invalid condition id : UX DEVICE CLASS RTOS Condition cause : null
2025-10-08 13:28:08,975 [WARN] ConditionMgr:438 - getConditionDescription Invalid condition id : UX DEVICE CLASS RTOS Condition cause : null
2025-10-08 13:28:08,980 [WARN] PackLoader:240 - Cannot read IP mode file for STMicroelectronics.X-CUBE-AZRTOS-WB.2.0.0
2025-10-08 13:28:08,980 [WARN] ConditionMgr:1044 - genDependencies : Invalid condition id : UX DEVICE CLASS RTOS Condition cause : null
2025-10-08 13:28:08,981 [WARN] ConditionMgr:1044 - genDependencies : Invalid condition id : UX DEVICE CLASS RTOS Condition cause : null
2025-10-08 13:28:08,982 [WARN] ConditionMgr:1044 - genDependencies : Invalid condition id : UX DEVICE CLASS RTOS Condition cause : null
2025-10-08 13:28:08,982 [WARN] ConditionMgr:1044 - genDependencies : Invalid condition id : UX DEVICE CLASS RTOS Condition cause : null
2025-10-08 13:28:08,982 [WARN] ConditionMgr:1044 - genDependencies : Invalid condition id : UX DEVICE CLASS RTOS Condition cause : null
2025-10-08 13:28:08,991 [WARN] PackLoader:240 - Cannot read IP mode file for STMicroelectronics.X-CUBE-GNSS1.7.0.1
2025-10-08 13:28:09,003 [WARN] PackLoader:240 - Cannot read IP mode file for STMicroelectronics.X-CUBE-TOUCHGFX.4.25.0
2025-10-08 13:28:09,013 [WARN] PackLoader:240 - Cannot read IP mode file for STMicroelectronics.FP-SNS-STBOX1.2.0.0
2025-10-08 13:28:09,036 [WARN] PackLoader:240 - Cannot read IP mode file for STMicroelectronics.X-CUBE-SUBG2.5.0.0
2025-10-08 13:28:09,070 [WARN] PackLoader:240 - Cannot read IP mode file for STMicroelectronics.X-CUBE-AZRTOS-H7RS.1.1.0
2025-10-08 13:28:09,081 [WARN] PackLoader:240 - Cannot read IP mode file for Cesanta.I-CUBE-Mongoose.7.13.0
2025-10-08 13:28:09,093 [WARN] PackLoader:240 - Cannot read IP mode file for STMicroelectronics.X-CUBE-AZRTOS-G4.2.0.0
2025-10-08 13:28:09,100 [WARN] PackLoader:240 - Cannot read IP mode file for STMicroelectronics.X-CUBE-NFC7.2.0.0
2025-10-08 13:28:09,112 [WARN] PackLoader:240 - Cannot read IP mode file for STMicroelectronics.X-CUBE-IPS.3.1.0
2025-10-08 13:28:09,123 [WARN] PackLoader:240 - Cannot read IP mode file for STMicroelectronics.X-CUBE-ALS.1.0.2
2025-10-08 13:28:09,130 [WARN] PackLoader:240 - Cannot read IP mode file for STMicroelectronics.X-CUBE-TOUCHGFX.4.24.2
2025-10-08 13:28:09,137 [WARN] PackLoader:240 - Cannot read IP mode file for STMicroelectronics.X-CUBE-STSE01.1.0.0
2025-10-08 13:28:09,144 [WARN] PackLoader:240 - Cannot read IP mode file for wolfSSL.I-CUBE-wolfTPM.3.4.0
2025-10-08 13:28:09,153 [WARN] PackLoader:240 - Cannot read IP mode file for portGmbH.I-Cube-SoM-uGOAL.1.1.0
2025-10-08 13:28:09,171 [WARN] PackLoader:240 - Cannot read IP mode file for STMicroelectronics.X-CUBE-AZRTOS-H7RS.1.0.0
2025-10-08 13:28:09,183 [WARN] PackLoader:240 - Cannot read IP mode file for STMicroelectronics.X-CUBE-TOF1.3.4.2
2025-10-08 13:28:09,201 [WARN] PackLoader:240 - Cannot read IP mode file for STMicroelectronics.X-CUBE-TOF1.3.4.3
2025-10-08 13:28:09,215 [WARN] PackLoader:240 - Cannot read IP mode file for wolfSSL.I-CUBE-wolfSSH.1.4.17
2025-10-08 13:28:09,217 [INFO] ThirdParty:978 - Integrity check success = true
2025-10-08 13:28:09,217 [INFO] IntegrityCheckThread:100 - exiting critical section [integrity check]
2025-10-08 13:28:09,217 [INFO] IntegrityCheckThread:103 - End integrity checks thread
2025-10-08 15:43:30,909 [ERROR] LogOutputStream:75 - [STDERR_REDIRECT] 
